[2025-12-28T10:22:52.134+0530][gc] Using G1
[2025-12-28T10:22:52.136+0530][gc,init] Version: 17.0.15+0 (release)
[2025-12-28T10:22:52.136+0530][gc,init] CPUs: 8 total, 8 available
[2025-12-28T10:22:52.136+0530][gc,init] Memory: 16384M
[2025-12-28T10:22:52.136+0530][gc,init] Large Page Support: Disabled
[2025-12-28T10:22:52.136+0530][gc,init] NUMA Support: Disabled
[2025-12-28T10:22:52.136+0530][gc,init] Compressed Oops: Enabled (Zero based)
[2025-12-28T10:22:52.136+0530][gc,init] Heap Region Size: 1M
[2025-12-28T10:22:52.136+0530][gc,init] Heap Min Capacity: 1G
[2025-12-28T10:22:52.136+0530][gc,init] Heap Initial Capacity: 1G
[2025-12-28T10:22:52.136+0530][gc,init] Heap Max Capacity: 1G
[2025-12-28T10:22:52.136+0530][gc,init] Pre-touch: Disabled
[2025-12-28T10:22:52.136+0530][gc,init] Parallel Workers: 8
[2025-12-28T10:22:52.136+0530][gc,init] Concurrent Workers: 2
[2025-12-28T10:22:52.136+0530][gc,init] Concurrent Refinement Workers: 8
[2025-12-28T10:22:52.136+0530][gc,init] Periodic GC: Disabled
[2025-12-28T10:22:52.140+0530][gc,metaspace] CDS archive(s) mapped at: [0x000000b800000000-0x000000b800bc0000-0x000000b800bc0000), size 12320768, SharedBaseAddress: 0x000000b800000000, ArchiveRelocationMode: 1.
[2025-12-28T10:22:52.140+0530][gc,metaspace] Compressed class space mapped at: 0x000000b801000000-0x000000b841000000, reserved size: 1073741824
[2025-12-28T10:22:52.140+0530][gc,metaspace] Narrow klass base: 0x000000b800000000, Narrow klass shift: 0, Narrow klass range: 0x100000000
[2025-12-28T10:22:52.698+0530][gc,start    ] GC(0) Pause Young (Normal) (G1 Evacuation Pause)
[2025-12-28T10:22:52.698+0530][gc,task     ] GC(0) Using 8 workers of 8 for evacuation
[2025-12-28T10:22:52.701+0530][gc,phases   ] GC(0)   Pre Evacuate Collection Set: 0.1ms
[2025-12-28T10:22:52.701+0530][gc,phases   ] GC(0)   Merge Heap Roots: 0.0ms
[2025-12-28T10:22:52.701+0530][gc,phases   ] GC(0)   Evacuate Collection Set: 2.2ms
[2025-12-28T10:22:52.701+0530][gc,phases   ] GC(0)   Post Evacuate Collection Set: 0.3ms
[2025-12-28T10:22:52.701+0530][gc,phases   ] GC(0)   Other: 0.2ms
[2025-12-28T10:22:52.701+0530][gc,heap     ] GC(0) Eden regions: 51->0(44)
[2025-12-28T10:22:52.701+0530][gc,heap     ] GC(0) Survivor regions: 0->7(7)
[2025-12-28T10:22:52.701+0530][gc,heap     ] GC(0) Old regions: 0->1
[2025-12-28T10:22:52.701+0530][gc,heap     ] GC(0) Archive regions: 2->2
[2025-12-28T10:22:52.701+0530][gc,heap     ] GC(0) Humongous regions: 0->0
[2025-12-28T10:22:52.701+0530][gc,metaspace] GC(0) Metaspace: 17426K(17600K)->17426K(17600K) NonClass: 15301K(15424K)->15301K(15424K) Class: 2125K(2176K)->2125K(2176K)
[2025-12-28T10:22:52.701+0530][gc          ] GC(0) Pause Young (Normal) (G1 Evacuation Pause) 51M->8M(1024M) 2.928ms
[2025-12-28T10:22:52.701+0530][gc,cpu      ] GC(0) User=0.01s Sys=0.01s Real=0.01s
[2025-12-28T10:22:52.846+0530][gc,start    ] GC(1) Pause Young (Concurrent Start) (Metadata GC Threshold)
[2025-12-28T10:22:52.846+0530][gc,task     ] GC(1) Using 8 workers of 8 for evacuation
[2025-12-28T10:22:52.849+0530][gc,phases   ] GC(1)   Pre Evacuate Collection Set: 0.2ms
[2025-12-28T10:22:52.849+0530][gc,phases   ] GC(1)   Merge Heap Roots: 0.0ms
[2025-12-28T10:22:52.849+0530][gc,phases   ] GC(1)   Evacuate Collection Set: 2.4ms
[2025-12-28T10:22:52.849+0530][gc,phases   ] GC(1)   Post Evacuate Collection Set: 0.2ms
[2025-12-28T10:22:52.849+0530][gc,phases   ] GC(1)   Other: 0.1ms
[2025-12-28T10:22:52.849+0530][gc,heap     ] GC(1) Eden regions: 17->0(48)
[2025-12-28T10:22:52.849+0530][gc,heap     ] GC(1) Survivor regions: 7->3(7)
[2025-12-28T10:22:52.849+0530][gc,heap     ] GC(1) Old regions: 1->9
[2025-12-28T10:22:52.849+0530][gc,heap     ] GC(1) Archive regions: 2->2
[2025-12-28T10:22:52.849+0530][gc,heap     ] GC(1) Humongous regions: 129->129
[2025-12-28T10:22:52.849+0530][gc,metaspace] GC(1) Metaspace: 21344K(21504K)->21344K(21504K) NonClass: 18738K(18816K)->18738K(18816K) Class: 2606K(2688K)->2606K(2688K)
[2025-12-28T10:22:52.849+0530][gc          ] GC(1) Pause Young (Concurrent Start) (Metadata GC Threshold) 154M->140M(1024M) 3.000ms
[2025-12-28T10:22:52.849+0530][gc,cpu      ] GC(1) User=0.01s Sys=0.00s Real=0.00s
[2025-12-28T10:22:52.849+0530][gc          ] GC(2) Concurrent Mark Cycle
[2025-12-28T10:22:52.849+0530][gc,marking  ] GC(2) Concurrent Clear Claimed Marks
[2025-12-28T10:22:52.849+0530][gc,marking  ] GC(2) Concurrent Clear Claimed Marks 0.012ms
[2025-12-28T10:22:52.849+0530][gc,marking  ] GC(2) Concurrent Scan Root Regions
[2025-12-28T10:22:52.850+0530][gc,marking  ] GC(2) Concurrent Scan Root Regions 1.630ms
[2025-12-28T10:22:52.850+0530][gc,marking  ] GC(2) Concurrent Mark
[2025-12-28T10:22:52.850+0530][gc,marking  ] GC(2) Concurrent Mark From Roots
[2025-12-28T10:22:52.850+0530][gc,task     ] GC(2) Using 2 workers of 2 for marking
[2025-12-28T10:22:52.851+0530][gc,marking  ] GC(2) Concurrent Mark From Roots 0.944ms
[2025-12-28T10:22:52.851+0530][gc,marking  ] GC(2) Concurrent Preclean
[2025-12-28T10:22:52.851+0530][gc,marking  ] GC(2) Concurrent Preclean 0.018ms
[2025-12-28T10:22:52.851+0530][gc,start    ] GC(2) Pause Remark
[2025-12-28T10:22:52.852+0530][gc          ] GC(2) Pause Remark 141M->141M(1024M) 0.863ms
[2025-12-28T10:22:52.852+0530][gc,cpu      ] GC(2) User=0.00s Sys=0.00s Real=0.00s
[2025-12-28T10:22:52.852+0530][gc,marking  ] GC(2) Concurrent Mark 1.943ms
[2025-12-28T10:22:52.852+0530][gc,marking  ] GC(2) Concurrent Rebuild Remembered Sets
[2025-12-28T10:22:52.854+0530][gc,marking  ] GC(2) Concurrent Rebuild Remembered Sets 1.632ms
[2025-12-28T10:22:52.854+0530][gc,start    ] GC(2) Pause Cleanup
[2025-12-28T10:22:52.854+0530][gc          ] GC(2) Pause Cleanup 141M->141M(1024M) 0.074ms
[2025-12-28T10:22:52.854+0530][gc,cpu      ] GC(2) User=0.00s Sys=0.00s Real=0.00s
[2025-12-28T10:22:52.854+0530][gc,marking  ] GC(2) Concurrent Cleanup for Next Mark
[2025-12-28T10:22:52.856+0530][gc,marking  ] GC(2) Concurrent Cleanup for Next Mark 1.638ms
[2025-12-28T10:22:52.856+0530][gc          ] GC(2) Concurrent Mark Cycle 7.150ms
[2025-12-28T10:22:53.187+0530][gc,start    ] GC(3) Pause Young (Normal) (G1 Evacuation Pause)
[2025-12-28T10:22:53.187+0530][gc,task     ] GC(3) Using 8 workers of 8 for evacuation
[2025-12-28T10:22:53.191+0530][gc,phases   ] GC(3)   Pre Evacuate Collection Set: 0.1ms
[2025-12-28T10:22:53.191+0530][gc,phases   ] GC(3)   Merge Heap Roots: 0.1ms
[2025-12-28T10:22:53.191+0530][gc,phases   ] GC(3)   Evacuate Collection Set: 3.4ms
[2025-12-28T10:22:53.191+0530][gc,phases   ] GC(3)   Post Evacuate Collection Set: 0.3ms
[2025-12-28T10:22:53.191+0530][gc,phases   ] GC(3)   Other: 0.1ms
[2025-12-28T10:22:53.191+0530][gc,heap     ] GC(3) Eden regions: 48->0(44)
[2025-12-28T10:22:53.191+0530][gc,heap     ] GC(3) Survivor regions: 3->7(7)
[2025-12-28T10:22:53.191+0530][gc,heap     ] GC(3) Old regions: 9->9
[2025-12-28T10:22:53.191+0530][gc,heap     ] GC(3) Archive regions: 2->2
[2025-12-28T10:22:53.191+0530][gc,heap     ] GC(3) Humongous regions: 129->129
[2025-12-28T10:22:53.191+0530][gc,metaspace] GC(3) Metaspace: 32497K(32704K)->32497K(32704K) NonClass: 28880K(28992K)->28880K(28992K) Class: 3616K(3712K)->3616K(3712K)
[2025-12-28T10:22:53.191+0530][gc          ] GC(3) Pause Young (Normal) (G1 Evacuation Pause) 188M->144M(1024M) 3.933ms
[2025-12-28T10:22:53.191+0530][gc,cpu      ] GC(3) User=0.01s Sys=0.00s Real=0.01s
[2025-12-28T10:23:22.822+0530][gc,start    ] GC(4) Pause Young (Concurrent Start) (Metadata GC Threshold)
[2025-12-28T10:23:22.822+0530][gc,task     ] GC(4) Using 8 workers of 8 for evacuation
[2025-12-28T10:23:22.828+0530][gc,phases   ] GC(4)   Pre Evacuate Collection Set: 0.2ms
[2025-12-28T10:23:22.828+0530][gc,phases   ] GC(4)   Merge Heap Roots: 0.1ms
[2025-12-28T10:23:22.828+0530][gc,phases   ] GC(4)   Evacuate Collection Set: 4.5ms
[2025-12-28T10:23:22.828+0530][gc,phases   ] GC(4)   Post Evacuate Collection Set: 0.3ms
[2025-12-28T10:23:22.828+0530][gc,phases   ] GC(4)   Other: 0.2ms
[2025-12-28T10:23:22.828+0530][gc,heap     ] GC(4) Eden regions: 15->0(49)
[2025-12-28T10:23:22.828+0530][gc,heap     ] GC(4) Survivor regions: 7->2(7)
[2025-12-28T10:23:22.828+0530][gc,heap     ] GC(4) Old regions: 9->15
[2025-12-28T10:23:22.828+0530][gc,heap     ] GC(4) Archive regions: 2->2
[2025-12-28T10:23:22.828+0530][gc,heap     ] GC(4) Humongous regions: 129->129
[2025-12-28T10:23:22.828+0530][gc,metaspace] GC(4) Metaspace: 35685K(35968K)->35685K(35968K) NonClass: 31687K(31808K)->31687K(31808K) Class: 3998K(4160K)->3998K(4160K)
[2025-12-28T10:23:22.828+0530][gc          ] GC(4) Pause Young (Concurrent Start) (Metadata GC Threshold) 159M->145M(1024M) 5.536ms
[2025-12-28T10:23:22.828+0530][gc,cpu      ] GC(4) User=0.03s Sys=0.01s Real=0.00s
[2025-12-28T10:23:22.828+0530][gc          ] GC(5) Concurrent Mark Cycle
[2025-12-28T10:23:22.828+0530][gc,marking  ] GC(5) Concurrent Clear Claimed Marks
[2025-12-28T10:23:22.828+0530][gc,marking  ] GC(5) Concurrent Clear Claimed Marks 0.026ms
[2025-12-28T10:23:22.828+0530][gc,marking  ] GC(5) Concurrent Scan Root Regions
[2025-12-28T10:23:22.832+0530][gc,marking  ] GC(5) Concurrent Scan Root Regions 4.633ms
[2025-12-28T10:23:22.836+0530][gc,marking  ] GC(5) Concurrent Mark
[2025-12-28T10:23:22.836+0530][gc,marking  ] GC(5) Concurrent Mark From Roots
[2025-12-28T10:23:22.836+0530][gc,task     ] GC(5) Using 2 workers of 2 for marking
[2025-12-28T10:23:22.841+0530][gc,marking  ] GC(5) Concurrent Mark From Roots 5.356ms
[2025-12-28T10:23:22.841+0530][gc,marking  ] GC(5) Concurrent Preclean
[2025-12-28T10:23:22.841+0530][gc,marking  ] GC(5) Concurrent Preclean 0.058ms
[2025-12-28T10:23:22.841+0530][gc,start    ] GC(5) Pause Remark
[2025-12-28T10:23:22.842+0530][gc          ] GC(5) Pause Remark 146M->146M(1024M) 1.253ms
[2025-12-28T10:23:22.843+0530][gc,cpu      ] GC(5) User=0.01s Sys=0.00s Real=0.00s
[2025-12-28T10:23:22.843+0530][gc,marking  ] GC(5) Concurrent Mark 6.835ms
[2025-12-28T10:23:22.843+0530][gc,marking  ] GC(5) Concurrent Rebuild Remembered Sets
[2025-12-28T10:23:22.849+0530][gc,marking  ] GC(5) Concurrent Rebuild Remembered Sets 6.474ms
[2025-12-28T10:23:22.849+0530][gc,start    ] GC(5) Pause Cleanup
[2025-12-28T10:23:22.849+0530][gc          ] GC(5) Pause Cleanup 146M->146M(1024M) 0.117ms
[2025-12-28T10:23:22.849+0530][gc,cpu      ] GC(5) User=0.00s Sys=0.00s Real=0.00s
[2025-12-28T10:23:22.849+0530][gc,marking  ] GC(5) Concurrent Cleanup for Next Mark
[2025-12-28T10:23:22.851+0530][gc,marking  ] GC(5) Concurrent Cleanup for Next Mark 1.597ms
[2025-12-28T10:23:22.851+0530][gc          ] GC(5) Concurrent Mark Cycle 23.102ms
[2025-12-28T10:32:51.785+0530][gc,start    ] GC(6) Pause Young (Prepare Mixed) (G1 Evacuation Pause)
[2025-12-28T10:32:51.785+0530][gc,task     ] GC(6) Using 8 workers of 8 for evacuation
[2025-12-28T10:32:51.789+0530][gc,phases   ] GC(6)   Pre Evacuate Collection Set: 0.1ms
[2025-12-28T10:32:51.789+0530][gc,phases   ] GC(6)   Merge Heap Roots: 0.1ms
[2025-12-28T10:32:51.789+0530][gc,phases   ] GC(6)   Evacuate Collection Set: 2.9ms
[2025-12-28T10:32:51.789+0530][gc,phases   ] GC(6)   Post Evacuate Collection Set: 0.4ms
[2025-12-28T10:32:51.789+0530][gc,phases   ] GC(6)   Other: 0.9ms
[2025-12-28T10:32:51.789+0530][gc,heap     ] GC(6) Eden regions: 49->0(46)
[2025-12-28T10:32:51.789+0530][gc,heap     ] GC(6) Survivor regions: 2->5(7)
[2025-12-28T10:32:51.789+0530][gc,heap     ] GC(6) Old regions: 15->15
[2025-12-28T10:32:51.789+0530][gc,heap     ] GC(6) Archive regions: 2->2
[2025-12-28T10:32:51.789+0530][gc,heap     ] GC(6) Humongous regions: 129->129
[2025-12-28T10:32:51.789+0530][gc,metaspace] GC(6) Metaspace: 40627K(41088K)->40627K(41088K) NonClass: 35991K(36224K)->35991K(36224K) Class: 4635K(4864K)->4635K(4864K)
[2025-12-28T10:32:51.789+0530][gc          ] GC(6) Pause Young (Prepare Mixed) (G1 Evacuation Pause) 194M->148M(1024M) 4.565ms
[2025-12-28T10:32:51.789+0530][gc,cpu      ] GC(6) User=0.02s Sys=0.00s Real=0.00s
[2025-12-28T10:36:28.263+0530][gc,start    ] GC(7) Pause Young (Mixed) (G1 Evacuation Pause)
[2025-12-28T10:36:28.264+0530][gc,task     ] GC(7) Using 8 workers of 8 for evacuation
[2025-12-28T10:36:28.274+0530][gc,phases   ] GC(7)   Pre Evacuate Collection Set: 0.2ms
[2025-12-28T10:36:28.274+0530][gc,phases   ] GC(7)   Merge Heap Roots: 0.1ms
[2025-12-28T10:36:28.274+0530][gc,phases   ] GC(7)   Evacuate Collection Set: 9.0ms
[2025-12-28T10:36:28.274+0530][gc,phases   ] GC(7)   Post Evacuate Collection Set: 0.5ms
[2025-12-28T10:36:28.274+0530][gc,phases   ] GC(7)   Other: 2.0ms
[2025-12-28T10:36:28.274+0530][gc,heap     ] GC(7) Eden regions: 46->0(47)
[2025-12-28T10:36:28.274+0530][gc,heap     ] GC(7) Survivor regions: 5->4(7)
[2025-12-28T10:36:28.274+0530][gc,heap     ] GC(7) Old regions: 15->17
[2025-12-28T10:36:28.275+0530][gc,heap     ] GC(7) Archive regions: 2->2
[2025-12-28T10:36:28.275+0530][gc,heap     ] GC(7) Humongous regions: 129->129
[2025-12-28T10:36:28.275+0530][gc,metaspace] GC(7) Metaspace: 41398K(41856K)->41398K(41856K) NonClass: 36652K(36928K)->36652K(36928K) Class: 4746K(4928K)->4746K(4928K)
[2025-12-28T10:36:28.275+0530][gc          ] GC(7) Pause Young (Mixed) (G1 Evacuation Pause) 194M->150M(1024M) 12.011ms
[2025-12-28T10:36:28.275+0530][gc,cpu      ] GC(7) User=0.04s Sys=0.00s Real=0.01s
[2025-12-28T10:40:53.182+0530][gc,start    ] GC(8) Pause Young (Normal) (G1 Evacuation Pause)
[2025-12-28T10:40:53.183+0530][gc,task     ] GC(8) Using 8 workers of 8 for evacuation
[2025-12-28T10:40:53.190+0530][gc,phases   ] GC(8)   Pre Evacuate Collection Set: 0.2ms
[2025-12-28T10:40:53.190+0530][gc,phases   ] GC(8)   Merge Heap Roots: 0.1ms
[2025-12-28T10:40:53.190+0530][gc,phases   ] GC(8)   Evacuate Collection Set: 5.7ms
[2025-12-28T10:40:53.190+0530][gc,phases   ] GC(8)   Post Evacuate Collection Set: 0.3ms
[2025-12-28T10:40:53.190+0530][gc,phases   ] GC(8)   Other: 1.6ms
[2025-12-28T10:40:53.190+0530][gc,heap     ] GC(8) Eden regions: 47->0(46)
[2025-12-28T10:40:53.190+0530][gc,heap     ] GC(8) Survivor regions: 4->5(7)
[2025-12-28T10:40:53.190+0530][gc,heap     ] GC(8) Old regions: 17->17
[2025-12-28T10:40:53.190+0530][gc,heap     ] GC(8) Archive regions: 2->2
[2025-12-28T10:40:53.190+0530][gc,heap     ] GC(8) Humongous regions: 129->129
[2025-12-28T10:40:53.190+0530][gc,metaspace] GC(8) Metaspace: 41464K(41920K)->41464K(41920K) NonClass: 36717K(36992K)->36717K(36992K) Class: 4747K(4928K)->4747K(4928K)
[2025-12-28T10:40:53.190+0530][gc          ] GC(8) Pause Young (Normal) (G1 Evacuation Pause) 197M->151M(1024M) 8.119ms
[2025-12-28T10:40:53.190+0530][gc,cpu      ] GC(8) User=0.02s Sys=0.00s Real=0.01s
[2025-12-28T10:45:22.754+0530][gc,start    ] GC(9) Pause Young (Normal) (G1 Evacuation Pause)
[2025-12-28T10:45:22.756+0530][gc,task     ] GC(9) Using 8 workers of 8 for evacuation
[2025-12-28T10:45:22.763+0530][gc,phases   ] GC(9)   Pre Evacuate Collection Set: 0.3ms
[2025-12-28T10:45:22.763+0530][gc,phases   ] GC(9)   Merge Heap Roots: 0.1ms
[2025-12-28T10:45:22.763+0530][gc,phases   ] GC(9)   Evacuate Collection Set: 5.4ms
[2025-12-28T10:45:22.763+0530][gc,phases   ] GC(9)   Post Evacuate Collection Set: 0.4ms
[2025-12-28T10:45:22.763+0530][gc,phases   ] GC(9)   Other: 2.1ms
[2025-12-28T10:45:22.763+0530][gc,heap     ] GC(9) Eden regions: 46->0(45)
[2025-12-28T10:45:22.763+0530][gc,heap     ] GC(9) Survivor regions: 5->6(7)
[2025-12-28T10:45:22.763+0530][gc,heap     ] GC(9) Old regions: 17->19
[2025-12-28T10:45:22.763+0530][gc,heap     ] GC(9) Archive regions: 2->2
[2025-12-28T10:45:22.763+0530][gc,heap     ] GC(9) Humongous regions: 129->129
[2025-12-28T10:45:22.763+0530][gc,metaspace] GC(9) Metaspace: 41525K(41984K)->41525K(41984K) NonClass: 36777K(37056K)->36777K(37056K) Class: 4747K(4928K)->4747K(4928K)
[2025-12-28T10:45:22.763+0530][gc          ] GC(9) Pause Young (Normal) (G1 Evacuation Pause) 197M->153M(1024M) 8.532ms
[2025-12-28T10:45:22.763+0530][gc,cpu      ] GC(9) User=0.03s Sys=0.01s Real=0.01s
[2025-12-28T10:49:49.714+0530][gc,start    ] GC(10) Pause Young (Normal) (G1 Evacuation Pause)
[2025-12-28T10:49:49.715+0530][gc,task     ] GC(10) Using 8 workers of 8 for evacuation
[2025-12-28T10:49:49.718+0530][gc,phases   ] GC(10)   Pre Evacuate Collection Set: 0.1ms
[2025-12-28T10:49:49.718+0530][gc,phases   ] GC(10)   Merge Heap Roots: 0.1ms
[2025-12-28T10:49:49.718+0530][gc,phases   ] GC(10)   Evacuate Collection Set: 3.0ms
[2025-12-28T10:49:49.718+0530][gc,phases   ] GC(10)   Post Evacuate Collection Set: 0.1ms
[2025-12-28T10:49:49.718+0530][gc,phases   ] GC(10)   Other: 1.5ms
[2025-12-28T10:49:49.718+0530][gc,heap     ] GC(10) Eden regions: 45->0(80)
[2025-12-28T10:49:49.718+0530][gc,heap     ] GC(10) Survivor regions: 6->5(7)
[2025-12-28T10:49:49.718+0530][gc,heap     ] GC(10) Old regions: 19->22
[2025-12-28T10:49:49.718+0530][gc,heap     ] GC(10) Archive regions: 2->2
[2025-12-28T10:49:49.718+0530][gc,heap     ] GC(10) Humongous regions: 129->129
[2025-12-28T10:49:49.718+0530][gc,metaspace] GC(10) Metaspace: 41547K(42048K)->41547K(42048K) NonClass: 36799K(37120K)->36799K(37120K) Class: 4748K(4928K)->4748K(4928K)
[2025-12-28T10:49:49.718+0530][gc          ] GC(10) Pause Young (Normal) (G1 Evacuation Pause) 198M->155M(1024M) 4.827ms
[2025-12-28T10:49:49.718+0530][gc,cpu      ] GC(10) User=0.02s Sys=0.01s Real=0.00s
[2025-12-28T10:57:54.296+0530][gc,start    ] GC(11) Pause Young (Normal) (G1 Evacuation Pause)
[2025-12-28T10:57:54.296+0530][gc,task     ] GC(11) Using 8 workers of 8 for evacuation
[2025-12-28T10:57:54.305+0530][gc,phases   ] GC(11)   Pre Evacuate Collection Set: 0.3ms
[2025-12-28T10:57:54.306+0530][gc,phases   ] GC(11)   Merge Heap Roots: 0.1ms
[2025-12-28T10:57:54.306+0530][gc,phases   ] GC(11)   Evacuate Collection Set: 8.1ms
[2025-12-28T10:57:54.306+0530][gc,phases   ] GC(11)   Post Evacuate Collection Set: 0.4ms
[2025-12-28T10:57:54.306+0530][gc,phases   ] GC(11)   Other: 0.3ms
[2025-12-28T10:57:54.306+0530][gc,heap     ] GC(11) Eden regions: 80->0(82)
[2025-12-28T10:57:54.306+0530][gc,heap     ] GC(11) Survivor regions: 5->7(11)
[2025-12-28T10:57:54.306+0530][gc,heap     ] GC(11) Old regions: 22->22
[2025-12-28T10:57:54.306+0530][gc,heap     ] GC(11) Archive regions: 2->2
[2025-12-28T10:57:54.306+0530][gc,heap     ] GC(11) Humongous regions: 129->129
[2025-12-28T10:57:54.306+0530][gc,metaspace] GC(11) Metaspace: 41585K(42048K)->41585K(42048K) NonClass: 36835K(37120K)->36835K(37120K) Class: 4749K(4928K)->4749K(4928K)
[2025-12-28T10:57:54.306+0530][gc          ] GC(11) Pause Young (Normal) (G1 Evacuation Pause) 235M->158M(1024M) 9.425ms
[2025-12-28T10:57:54.306+0530][gc,cpu      ] GC(11) User=0.04s Sys=0.01s Real=0.01s
[2025-12-28T11:06:17.066+0530][gc,start    ] GC(12) Pause Young (Normal) (G1 Evacuation Pause)
[2025-12-28T11:06:17.066+0530][gc,task     ] GC(12) Using 8 workers of 8 for evacuation
[2025-12-28T11:06:17.073+0530][gc,phases   ] GC(12)   Pre Evacuate Collection Set: 0.3ms
[2025-12-28T11:06:17.073+0530][gc,phases   ] GC(12)   Merge Heap Roots: 0.1ms
[2025-12-28T11:06:17.073+0530][gc,phases   ] GC(12)   Evacuate Collection Set: 6.3ms
[2025-12-28T11:06:17.073+0530][gc,phases   ] GC(12)   Post Evacuate Collection Set: 0.4ms
[2025-12-28T11:06:17.073+0530][gc,phases   ] GC(12)   Other: 0.7ms
[2025-12-28T11:06:17.073+0530][gc,heap     ] GC(12) Eden regions: 82->0(103)
[2025-12-28T11:06:17.073+0530][gc,heap     ] GC(12) Survivor regions: 7->9(12)
[2025-12-28T11:06:17.073+0530][gc,heap     ] GC(12) Old regions: 22->23
[2025-12-28T11:06:17.074+0530][gc,heap     ] GC(12) Archive regions: 2->2
[2025-12-28T11:06:17.074+0530][gc,heap     ] GC(12) Humongous regions: 129->129
[2025-12-28T11:06:17.074+0530][gc,metaspace] GC(12) Metaspace: 41619K(42112K)->41619K(42112K) NonClass: 36869K(37184K)->36869K(37184K) Class: 4749K(4928K)->4749K(4928K)
[2025-12-28T11:06:17.074+0530][gc          ] GC(12) Pause Young (Normal) (G1 Evacuation Pause) 240M->161M(1024M) 7.967ms
[2025-12-28T11:06:17.074+0530][gc,cpu      ] GC(12) User=0.04s Sys=0.00s Real=0.01s
[2025-12-28T11:16:47.018+0530][gc,start    ] GC(13) Pause Young (Normal) (G1 Evacuation Pause)
[2025-12-28T11:16:47.019+0530][gc,task     ] GC(13) Using 8 workers of 8 for evacuation
[2025-12-28T11:16:47.029+0530][gc,phases   ] GC(13)   Pre Evacuate Collection Set: 0.3ms
[2025-12-28T11:16:47.029+0530][gc,phases   ] GC(13)   Merge Heap Roots: 0.1ms
[2025-12-28T11:16:47.029+0530][gc,phases   ] GC(13)   Evacuate Collection Set: 9.4ms
[2025-12-28T11:16:47.029+0530][gc,phases   ] GC(13)   Post Evacuate Collection Set: 0.4ms
[2025-12-28T11:16:47.029+0530][gc,phases   ] GC(13)   Other: 1.5ms
[2025-12-28T11:16:47.029+0530][gc,heap     ] GC(13) Eden regions: 102->0(116)
[2025-12-28T11:16:47.029+0530][gc,heap     ] GC(13) Survivor regions: 9->8(14)
[2025-12-28T11:16:47.029+0530][gc,heap     ] GC(13) Old regions: 23->26
[2025-12-28T11:16:47.029+0530][gc,heap     ] GC(13) Archive regions: 2->2
[2025-12-28T11:16:47.029+0530][gc,heap     ] GC(13) Humongous regions: 129->129
[2025-12-28T11:16:47.029+0530][gc,metaspace] GC(13) Metaspace: 41659K(42112K)->41659K(42112K) NonClass: 36909K(37184K)->36909K(37184K) Class: 4749K(4928K)->4749K(4928K)
[2025-12-28T11:16:47.029+0530][gc          ] GC(13) Pause Young (Normal) (G1 Evacuation Pause) 263M->163M(1024M) 11.902ms
[2025-12-28T11:16:47.029+0530][gc,cpu      ] GC(13) User=0.04s Sys=0.00s Real=0.01s
[2025-12-28T11:28:31.742+0530][gc,start    ] GC(14) Pause Young (Normal) (G1 Evacuation Pause)
[2025-12-28T11:28:31.743+0530][gc,task     ] GC(14) Using 8 workers of 8 for evacuation
[2025-12-28T11:28:31.755+0530][gc,phases   ] GC(14)   Pre Evacuate Collection Set: 0.3ms
[2025-12-28T11:28:31.755+0530][gc,phases   ] GC(14)   Merge Heap Roots: 0.1ms
[2025-12-28T11:28:31.755+0530][gc,phases   ] GC(14)   Evacuate Collection Set: 10.9ms
[2025-12-28T11:28:31.755+0530][gc,phases   ] GC(14)   Post Evacuate Collection Set: 0.4ms
[2025-12-28T11:28:31.755+0530][gc,phases   ] GC(14)   Other: 1.5ms
[2025-12-28T11:28:31.755+0530][gc,heap     ] GC(14) Eden regions: 116->0(125)
[2025-12-28T11:28:31.755+0530][gc,heap     ] GC(14) Survivor regions: 8->11(16)
[2025-12-28T11:28:31.755+0530][gc,heap     ] GC(14) Old regions: 26->26
[2025-12-28T11:28:31.755+0530][gc,heap     ] GC(14) Archive regions: 2->2
[2025-12-28T11:28:31.755+0530][gc,heap     ] GC(14) Humongous regions: 129->129
[2025-12-28T11:28:31.755+0530][gc,metaspace] GC(14) Metaspace: 41721K(42176K)->41721K(42176K) NonClass: 36968K(37248K)->36968K(37248K) Class: 4753K(4928K)->4753K(4928K)
[2025-12-28T11:28:31.755+0530][gc          ] GC(14) Pause Young (Normal) (G1 Evacuation Pause) 279M->166M(1024M) 13.419ms
[2025-12-28T11:28:31.755+0530][gc,cpu      ] GC(14) User=0.05s Sys=0.00s Real=0.01s
[2025-12-28T11:41:24.908+0530][gc,start    ] GC(15) Pause Young (Normal) (G1 Evacuation Pause)
[2025-12-28T11:41:24.909+0530][gc,task     ] GC(15) Using 8 workers of 8 for evacuation
[2025-12-28T11:41:24.918+0530][gc,phases   ] GC(15)   Pre Evacuate Collection Set: 0.3ms
[2025-12-28T11:41:24.919+0530][gc,phases   ] GC(15)   Merge Heap Roots: 0.1ms
[2025-12-28T11:41:24.919+0530][gc,phases   ] GC(15)   Evacuate Collection Set: 8.8ms
[2025-12-28T11:41:24.919+0530][gc,phases   ] GC(15)   Post Evacuate Collection Set: 0.4ms
[2025-12-28T11:41:24.919+0530][gc,phases   ] GC(15)   Other: 1.4ms
[2025-12-28T11:41:24.919+0530][gc,heap     ] GC(15) Eden regions: 125->0(605)
[2025-12-28T11:41:24.919+0530][gc,heap     ] GC(15) Survivor regions: 11->9(17)
[2025-12-28T11:41:24.919+0530][gc,heap     ] GC(15) Old regions: 26->29
[2025-12-28T11:41:24.919+0530][gc,heap     ] GC(15) Archive regions: 2->2
[2025-12-28T11:41:24.919+0530][gc,heap     ] GC(15) Humongous regions: 129->129
[2025-12-28T11:41:24.919+0530][gc,metaspace] GC(15) Metaspace: 41725K(42176K)->41725K(42176K) NonClass: 36971K(37248K)->36971K(37248K) Class: 4753K(4928K)->4753K(4928K)
[2025-12-28T11:41:24.919+0530][gc          ] GC(15) Pause Young (Normal) (G1 Evacuation Pause) 291M->167M(1024M) 11.210ms
[2025-12-28T11:41:24.919+0530][gc,cpu      ] GC(15) User=0.05s Sys=0.00s Real=0.01s
[2025-12-28T12:44:18.290+0530][gc,start    ] GC(16) Pause Young (Normal) (G1 Evacuation Pause)
[2025-12-28T12:44:18.291+0530][gc,task     ] GC(16) Using 8 workers of 8 for evacuation
[2025-12-28T12:44:18.302+0530][gc,phases   ] GC(16)   Pre Evacuate Collection Set: 0.5ms
[2025-12-28T12:44:18.302+0530][gc,phases   ] GC(16)   Merge Heap Roots: 0.2ms
[2025-12-28T12:44:18.302+0530][gc,phases   ] GC(16)   Evacuate Collection Set: 9.4ms
[2025-12-28T12:44:18.302+0530][gc,phases   ] GC(16)   Post Evacuate Collection Set: 0.6ms
[2025-12-28T12:44:18.302+0530][gc,phases   ] GC(16)   Other: 1.6ms
[2025-12-28T12:44:18.302+0530][gc,heap     ] GC(16) Eden regions: 605->0(606)
[2025-12-28T12:44:18.302+0530][gc,heap     ] GC(16) Survivor regions: 9->8(77)
[2025-12-28T12:44:18.302+0530][gc,heap     ] GC(16) Old regions: 29->29
[2025-12-28T12:44:18.302+0530][gc,heap     ] GC(16) Archive regions: 2->2
[2025-12-28T12:44:18.302+0530][gc,heap     ] GC(16) Humongous regions: 129->129
[2025-12-28T12:44:18.302+0530][gc,metaspace] GC(16) Metaspace: 41826K(42240K)->41826K(42240K) NonClass: 37068K(37312K)->37068K(37312K) Class: 4758K(4928K)->4758K(4928K)
[2025-12-28T12:44:18.302+0530][gc          ] GC(16) Pause Young (Normal) (G1 Evacuation Pause) 772M->166M(1024M) 12.621ms
[2025-12-28T12:44:18.302+0530][gc,cpu      ] GC(16) User=0.03s Sys=0.02s Real=0.01s
[2025-12-28T13:47:40.475+0530][gc,start    ] GC(17) Pause Young (Normal) (G1 Evacuation Pause)
[2025-12-28T13:47:40.476+0530][gc,task     ] GC(17) Using 8 workers of 8 for evacuation
[2025-12-28T13:47:40.489+0530][gc,phases   ] GC(17)   Pre Evacuate Collection Set: 0.3ms
[2025-12-28T13:47:40.490+0530][gc,phases   ] GC(17)   Merge Heap Roots: 0.2ms
[2025-12-28T13:47:40.490+0530][gc,phases   ] GC(17)   Evacuate Collection Set: 12.1ms
[2025-12-28T13:47:40.490+0530][gc,phases   ] GC(17)   Post Evacuate Collection Set: 0.6ms
[2025-12-28T13:47:40.490+0530][gc,phases   ] GC(17)   Other: 1.5ms
[2025-12-28T13:47:40.490+0530][gc,heap     ] GC(17) Eden regions: 606->0(605)
[2025-12-28T13:47:40.490+0530][gc,heap     ] GC(17) Survivor regions: 8->9(77)
[2025-12-28T13:47:40.490+0530][gc,heap     ] GC(17) Old regions: 29->29
[2025-12-28T13:47:40.490+0530][gc,heap     ] GC(17) Archive regions: 2->2
[2025-12-28T13:47:40.490+0530][gc,heap     ] GC(17) Humongous regions: 129->129
[2025-12-28T13:47:40.490+0530][gc,metaspace] GC(17) Metaspace: 41834K(42304K)->41834K(42304K) NonClass: 37075K(37376K)->37075K(37376K) Class: 4758K(4928K)->4758K(4928K)
[2025-12-28T13:47:40.490+0530][gc          ] GC(17) Pause Young (Normal) (G1 Evacuation Pause) 772M->167M(1024M) 14.864ms
[2025-12-28T13:47:40.490+0530][gc,cpu      ] GC(17) User=0.04s Sys=0.02s Real=0.02s
[2025-12-28T14:50:43.575+0530][gc,start    ] GC(18) Pause Young (Normal) (G1 Evacuation Pause)
[2025-12-28T14:50:43.576+0530][gc,task     ] GC(18) Using 8 workers of 8 for evacuation
[2025-12-28T14:50:43.587+0530][gc,phases   ] GC(18)   Pre Evacuate Collection Set: 0.7ms
[2025-12-28T14:50:43.587+0530][gc,phases   ] GC(18)   Merge Heap Roots: 0.3ms
[2025-12-28T14:50:43.587+0530][gc,phases   ] GC(18)   Evacuate Collection Set: 9.2ms
[2025-12-28T14:50:43.587+0530][gc,phases   ] GC(18)   Post Evacuate Collection Set: 0.9ms
[2025-12-28T14:50:43.587+0530][gc,phases   ] GC(18)   Other: 1.0ms
[2025-12-28T14:50:43.587+0530][gc,heap     ] GC(18) Eden regions: 605->0(605)
[2025-12-28T14:50:43.587+0530][gc,heap     ] GC(18) Survivor regions: 9->9(77)
[2025-12-28T14:50:43.587+0530][gc,heap     ] GC(18) Old regions: 29->29
[2025-12-28T14:50:43.587+0530][gc,heap     ] GC(18) Archive regions: 2->2
[2025-12-28T14:50:43.587+0530][gc,heap     ] GC(18) Humongous regions: 129->129
[2025-12-28T14:50:43.587+0530][gc,metaspace] GC(18) Metaspace: 41851K(42304K)->41851K(42304K) NonClass: 37092K(37376K)->37092K(37376K) Class: 4758K(4928K)->4758K(4928K)
[2025-12-28T14:50:43.587+0530][gc          ] GC(18) Pause Young (Normal) (G1 Evacuation Pause) 772M->167M(1024M) 12.074ms
[2025-12-28T14:50:43.587+0530][gc,cpu      ] GC(18) User=0.04s Sys=0.02s Real=0.01s
[2025-12-28T21:00:50.573+0530][gc,start    ] GC(19) Pause Young (Normal) (G1 Evacuation Pause)
[2025-12-28T21:00:50.574+0530][gc,task     ] GC(19) Using 8 workers of 8 for evacuation
[2025-12-28T21:00:50.592+0530][gc,phases   ] GC(19)   Pre Evacuate Collection Set: 0.6ms
[2025-12-28T21:00:50.592+0530][gc,phases   ] GC(19)   Merge Heap Roots: 0.3ms
[2025-12-28T21:00:50.592+0530][gc,phases   ] GC(19)   Evacuate Collection Set: 15.9ms
[2025-12-28T21:00:50.592+0530][gc,phases   ] GC(19)   Post Evacuate Collection Set: 1.0ms
[2025-12-28T21:00:50.592+0530][gc,phases   ] GC(19)   Other: 1.7ms
[2025-12-28T21:00:50.592+0530][gc,heap     ] GC(19) Eden regions: 605->0(603)
[2025-12-28T21:00:50.592+0530][gc,heap     ] GC(19) Survivor regions: 9->11(77)
[2025-12-28T21:00:50.592+0530][gc,heap     ] GC(19) Old regions: 29->29
[2025-12-28T21:00:50.592+0530][gc,heap     ] GC(19) Archive regions: 2->2
[2025-12-28T21:00:50.592+0530][gc,heap     ] GC(19) Humongous regions: 129->129
[2025-12-28T21:00:50.592+0530][gc,metaspace] GC(19) Metaspace: 42794K(43328K)->42794K(43328K) NonClass: 37849K(38144K)->37849K(38144K) Class: 4945K(5184K)->4945K(5184K)
[2025-12-28T21:00:50.592+0530][gc          ] GC(19) Pause Young (Normal) (G1 Evacuation Pause) 772M->169M(1024M) 19.716ms
[2025-12-28T21:00:50.592+0530][gc,cpu      ] GC(19) User=0.05s Sys=0.04s Real=0.02s
[2025-12-28T21:17:49.634+0530][gc,heap,exit] Heap
[2025-12-28T21:17:49.635+0530][gc,heap,exit]  garbage-first heap   total 1048576K, used 365934K [0x0000000315000000, 0x0000000355000000)
[2025-12-28T21:17:49.635+0530][gc,heap,exit]   region size 1024K, 200 young (204800K), 11 survivors (11264K)
[2025-12-28T21:17:49.635+0530][gc,heap,exit]  Metaspace       used 43660K, committed 44224K, reserved 1114112K
[2025-12-28T21:17:49.635+0530][gc,heap,exit]   class space    used 5119K, committed 5376K, reserved 1048576K
