[2026-01-01T12:14:10.685+0530][gc] Using G1
[2026-01-01T12:14:10.687+0530][gc,init] Version: 17.0.15+0 (release)
[2026-01-01T12:14:10.687+0530][gc,init] CPUs: 8 total, 8 available
[2026-01-01T12:14:10.687+0530][gc,init] Memory: 16384M
[2026-01-01T12:14:10.687+0530][gc,init] Large Page Support: Disabled
[2026-01-01T12:14:10.687+0530][gc,init] NUMA Support: Disabled
[2026-01-01T12:14:10.687+0530][gc,init] Compressed Oops: Enabled (Zero based)
[2026-01-01T12:14:10.687+0530][gc,init] Heap Region Size: 1M
[2026-01-01T12:14:10.687+0530][gc,init] Heap Min Capacity: 1G
[2026-01-01T12:14:10.687+0530][gc,init] Heap Initial Capacity: 1G
[2026-01-01T12:14:10.687+0530][gc,init] Heap Max Capacity: 1G
[2026-01-01T12:14:10.687+0530][gc,init] Pre-touch: Disabled
[2026-01-01T12:14:10.687+0530][gc,init] Parallel Workers: 8
[2026-01-01T12:14:10.687+0530][gc,init] Concurrent Workers: 2
[2026-01-01T12:14:10.687+0530][gc,init] Concurrent Refinement Workers: 8
[2026-01-01T12:14:10.687+0530][gc,init] Periodic GC: Disabled
[2026-01-01T12:14:10.690+0530][gc,metaspace] CDS archive(s) mapped at: [0x0000009800000000-0x0000009800bc0000-0x0000009800bc0000), size 12320768, SharedBaseAddress: 0x0000009800000000, ArchiveRelocationMode: 1.
[2026-01-01T12:14:10.690+0530][gc,metaspace] Compressed class space mapped at: 0x0000009801000000-0x0000009841000000, reserved size: 1073741824
[2026-01-01T12:14:10.690+0530][gc,metaspace] Narrow klass base: 0x0000009800000000, Narrow klass shift: 0, Narrow klass range: 0x100000000
[2026-01-01T12:14:11.196+0530][gc,start    ] GC(0) Pause Young (Normal) (G1 Evacuation Pause)
[2026-01-01T12:14:11.196+0530][gc,task     ] GC(0) Using 8 workers of 8 for evacuation
[2026-01-01T12:14:11.199+0530][gc,phases   ] GC(0)   Pre Evacuate Collection Set: 0.1ms
[2026-01-01T12:14:11.199+0530][gc,phases   ] GC(0)   Merge Heap Roots: 0.0ms
[2026-01-01T12:14:11.199+0530][gc,phases   ] GC(0)   Evacuate Collection Set: 2.2ms
[2026-01-01T12:14:11.199+0530][gc,phases   ] GC(0)   Post Evacuate Collection Set: 0.2ms
[2026-01-01T12:14:11.199+0530][gc,phases   ] GC(0)   Other: 0.3ms
[2026-01-01T12:14:11.199+0530][gc,heap     ] GC(0) Eden regions: 51->0(44)
[2026-01-01T12:14:11.199+0530][gc,heap     ] GC(0) Survivor regions: 0->7(7)
[2026-01-01T12:14:11.199+0530][gc,heap     ] GC(0) Old regions: 0->1
[2026-01-01T12:14:11.199+0530][gc,heap     ] GC(0) Archive regions: 2->2
[2026-01-01T12:14:11.199+0530][gc,heap     ] GC(0) Humongous regions: 0->0
[2026-01-01T12:14:11.199+0530][gc,metaspace] GC(0) Metaspace: 17509K(17664K)->17509K(17664K) NonClass: 15373K(15488K)->15373K(15488K) Class: 2135K(2176K)->2135K(2176K)
[2026-01-01T12:14:11.199+0530][gc          ] GC(0) Pause Young (Normal) (G1 Evacuation Pause) 51M->8M(1024M) 2.930ms
[2026-01-01T12:14:11.199+0530][gc,cpu      ] GC(0) User=0.02s Sys=0.00s Real=0.00s
[2026-01-01T12:14:11.319+0530][gc,start    ] GC(1) Pause Young (Concurrent Start) (Metadata GC Threshold)
[2026-01-01T12:14:11.319+0530][gc,task     ] GC(1) Using 8 workers of 8 for evacuation
[2026-01-01T12:14:11.322+0530][gc,phases   ] GC(1)   Pre Evacuate Collection Set: 0.1ms
[2026-01-01T12:14:11.322+0530][gc,phases   ] GC(1)   Merge Heap Roots: 0.0ms
[2026-01-01T12:14:11.322+0530][gc,phases   ] GC(1)   Evacuate Collection Set: 2.6ms
[2026-01-01T12:14:11.322+0530][gc,phases   ] GC(1)   Post Evacuate Collection Set: 0.3ms
[2026-01-01T12:14:11.322+0530][gc,phases   ] GC(1)   Other: 0.1ms
[2026-01-01T12:14:11.322+0530][gc,heap     ] GC(1) Eden regions: 15->0(49)
[2026-01-01T12:14:11.322+0530][gc,heap     ] GC(1) Survivor regions: 7->2(7)
[2026-01-01T12:14:11.322+0530][gc,heap     ] GC(1) Old regions: 1->9
[2026-01-01T12:14:11.322+0530][gc,heap     ] GC(1) Archive regions: 2->2
[2026-01-01T12:14:11.322+0530][gc,heap     ] GC(1) Humongous regions: 0->0
[2026-01-01T12:14:11.322+0530][gc,metaspace] GC(1) Metaspace: 21269K(21504K)->21269K(21504K) NonClass: 18641K(18752K)->18641K(18752K) Class: 2627K(2752K)->2627K(2752K)
[2026-01-01T12:14:11.322+0530][gc          ] GC(1) Pause Young (Concurrent Start) (Metadata GC Threshold) 23M->10M(1024M) 3.218ms
[2026-01-01T12:14:11.322+0530][gc,cpu      ] GC(1) User=0.01s Sys=0.00s Real=0.01s
[2026-01-01T12:14:11.322+0530][gc          ] GC(2) Concurrent Mark Cycle
[2026-01-01T12:14:11.322+0530][gc,marking  ] GC(2) Concurrent Clear Claimed Marks
[2026-01-01T12:14:11.322+0530][gc,marking  ] GC(2) Concurrent Clear Claimed Marks 0.011ms
[2026-01-01T12:14:11.322+0530][gc,marking  ] GC(2) Concurrent Scan Root Regions
[2026-01-01T12:14:11.323+0530][gc,marking  ] GC(2) Concurrent Scan Root Regions 1.614ms
[2026-01-01T12:14:11.324+0530][gc,marking  ] GC(2) Concurrent Mark
[2026-01-01T12:14:11.324+0530][gc,marking  ] GC(2) Concurrent Mark From Roots
[2026-01-01T12:14:11.324+0530][gc,task     ] GC(2) Using 2 workers of 2 for marking
[2026-01-01T12:14:11.324+0530][gc,marking  ] GC(2) Concurrent Mark From Roots 0.740ms
[2026-01-01T12:14:11.324+0530][gc,marking  ] GC(2) Concurrent Preclean
[2026-01-01T12:14:11.324+0530][gc,marking  ] GC(2) Concurrent Preclean 0.015ms
[2026-01-01T12:14:11.324+0530][gc,start    ] GC(2) Pause Remark
[2026-01-01T12:14:11.325+0530][gc          ] GC(2) Pause Remark 10M->10M(1024M) 0.970ms
[2026-01-01T12:14:11.325+0530][gc,cpu      ] GC(2) User=0.00s Sys=0.00s Real=0.00s
[2026-01-01T12:14:11.325+0530][gc,marking  ] GC(2) Concurrent Mark 1.848ms
[2026-01-01T12:14:11.325+0530][gc,marking  ] GC(2) Concurrent Rebuild Remembered Sets
[2026-01-01T12:14:11.327+0530][gc,marking  ] GC(2) Concurrent Rebuild Remembered Sets 1.647ms
[2026-01-01T12:14:11.327+0530][gc,start    ] GC(2) Pause Cleanup
[2026-01-01T12:14:11.327+0530][gc          ] GC(2) Pause Cleanup 10M->10M(1024M) 0.074ms
[2026-01-01T12:14:11.327+0530][gc,cpu      ] GC(2) User=0.00s Sys=0.00s Real=0.00s
[2026-01-01T12:14:11.327+0530][gc,marking  ] GC(2) Concurrent Cleanup for Next Mark
[2026-01-01T12:14:11.328+0530][gc,marking  ] GC(2) Concurrent Cleanup for Next Mark 1.238ms
[2026-01-01T12:14:11.328+0530][gc          ] GC(2) Concurrent Mark Cycle 6.592ms
[2026-01-01T12:14:11.723+0530][gc,start    ] GC(3) Pause Young (Normal) (G1 Evacuation Pause)
[2026-01-01T12:14:11.723+0530][gc,task     ] GC(3) Using 8 workers of 8 for evacuation
[2026-01-01T12:14:11.726+0530][gc,phases   ] GC(3)   Pre Evacuate Collection Set: 0.1ms
[2026-01-01T12:14:11.726+0530][gc,phases   ] GC(3)   Merge Heap Roots: 0.1ms
[2026-01-01T12:14:11.726+0530][gc,phases   ] GC(3)   Evacuate Collection Set: 2.4ms
[2026-01-01T12:14:11.726+0530][gc,phases   ] GC(3)   Post Evacuate Collection Set: 0.3ms
[2026-01-01T12:14:11.726+0530][gc,phases   ] GC(3)   Other: 0.1ms
[2026-01-01T12:14:11.726+0530][gc,heap     ] GC(3) Eden regions: 49->0(45)
[2026-01-01T12:14:11.726+0530][gc,heap     ] GC(3) Survivor regions: 2->6(7)
[2026-01-01T12:14:11.726+0530][gc,heap     ] GC(3) Old regions: 9->9
[2026-01-01T12:14:11.726+0530][gc,heap     ] GC(3) Archive regions: 2->2
[2026-01-01T12:14:11.726+0530][gc,heap     ] GC(3) Humongous regions: 129->129
[2026-01-01T12:14:11.726+0530][gc,metaspace] GC(3) Metaspace: 31155K(31424K)->31155K(31424K) NonClass: 27580K(27712K)->27580K(27712K) Class: 3574K(3712K)->3574K(3712K)
[2026-01-01T12:14:11.726+0530][gc          ] GC(3) Pause Young (Normal) (G1 Evacuation Pause) 188M->143M(1024M) 3.040ms
[2026-01-01T12:14:11.726+0530][gc,cpu      ] GC(3) User=0.02s Sys=0.00s Real=0.00s
[2026-01-01T12:14:11.972+0530][gc,start    ] GC(4) Pause Young (Concurrent Start) (Metadata GC Threshold)
[2026-01-01T12:14:11.972+0530][gc,task     ] GC(4) Using 8 workers of 8 for evacuation
[2026-01-01T12:14:11.975+0530][gc,phases   ] GC(4)   Pre Evacuate Collection Set: 0.1ms
[2026-01-01T12:14:11.975+0530][gc,phases   ] GC(4)   Merge Heap Roots: 0.0ms
[2026-01-01T12:14:11.975+0530][gc,phases   ] GC(4)   Evacuate Collection Set: 2.3ms
[2026-01-01T12:14:11.975+0530][gc,phases   ] GC(4)   Post Evacuate Collection Set: 0.2ms
[2026-01-01T12:14:11.975+0530][gc,phases   ] GC(4)   Other: 0.1ms
[2026-01-01T12:14:11.975+0530][gc,heap     ] GC(4) Eden regions: 19->0(49)
[2026-01-01T12:14:11.975+0530][gc,heap     ] GC(4) Survivor regions: 6->2(7)
[2026-01-01T12:14:11.975+0530][gc,heap     ] GC(4) Old regions: 9->14
[2026-01-01T12:14:11.975+0530][gc,heap     ] GC(4) Archive regions: 2->2
[2026-01-01T12:14:11.975+0530][gc,heap     ] GC(4) Humongous regions: 129->129
[2026-01-01T12:14:11.975+0530][gc,metaspace] GC(4) Metaspace: 35850K(36096K)->35850K(36096K) NonClass: 31866K(32000K)->31866K(32000K) Class: 3983K(4096K)->3983K(4096K)
[2026-01-01T12:14:11.975+0530][gc          ] GC(4) Pause Young (Concurrent Start) (Metadata GC Threshold) 162M->145M(1024M) 2.899ms
[2026-01-01T12:14:11.975+0530][gc,cpu      ] GC(4) User=0.01s Sys=0.00s Real=0.00s
[2026-01-01T12:14:11.975+0530][gc          ] GC(5) Concurrent Mark Cycle
[2026-01-01T12:14:11.975+0530][gc,marking  ] GC(5) Concurrent Clear Claimed Marks
[2026-01-01T12:14:11.975+0530][gc,marking  ] GC(5) Concurrent Clear Claimed Marks 0.014ms
[2026-01-01T12:14:11.975+0530][gc,marking  ] GC(5) Concurrent Scan Root Regions
[2026-01-01T12:14:11.977+0530][gc,marking  ] GC(5) Concurrent Scan Root Regions 2.100ms
[2026-01-01T12:14:11.977+0530][gc,marking  ] GC(5) Concurrent Mark
[2026-01-01T12:14:11.977+0530][gc,marking  ] GC(5) Concurrent Mark From Roots
[2026-01-01T12:14:11.977+0530][gc,task     ] GC(5) Using 2 workers of 2 for marking
[2026-01-01T12:14:11.981+0530][gc,marking  ] GC(5) Concurrent Mark From Roots 3.755ms
[2026-01-01T12:14:11.981+0530][gc,marking  ] GC(5) Concurrent Preclean
[2026-01-01T12:14:11.981+0530][gc,marking  ] GC(5) Concurrent Preclean 0.036ms
[2026-01-01T12:14:11.981+0530][gc,start    ] GC(5) Pause Remark
[2026-01-01T12:14:11.982+0530][gc          ] GC(5) Pause Remark 145M->145M(1024M) 0.944ms
[2026-01-01T12:14:11.982+0530][gc,cpu      ] GC(5) User=0.00s Sys=0.00s Real=0.00s
[2026-01-01T12:14:11.982+0530][gc,marking  ] GC(5) Concurrent Mark 4.922ms
[2026-01-01T12:14:11.982+0530][gc,marking  ] GC(5) Concurrent Rebuild Remembered Sets
[2026-01-01T12:14:11.986+0530][gc,marking  ] GC(5) Concurrent Rebuild Remembered Sets 3.630ms
[2026-01-01T12:14:11.986+0530][gc,start    ] GC(5) Pause Cleanup
[2026-01-01T12:14:11.986+0530][gc          ] GC(5) Pause Cleanup 146M->146M(1024M) 0.077ms
[2026-01-01T12:14:11.986+0530][gc,cpu      ] GC(5) User=0.00s Sys=0.00s Real=0.00s
[2026-01-01T12:14:11.986+0530][gc,marking  ] GC(5) Concurrent Cleanup for Next Mark
[2026-01-01T12:14:11.987+0530][gc,marking  ] GC(5) Concurrent Cleanup for Next Mark 1.504ms
[2026-01-01T12:14:11.987+0530][gc          ] GC(5) Concurrent Mark Cycle 12.440ms
[2026-01-01T12:17:02.243+0530][gc,start    ] GC(6) Pause Young (Prepare Mixed) (G1 Evacuation Pause)
[2026-01-01T12:17:02.243+0530][gc,task     ] GC(6) Using 8 workers of 8 for evacuation
[2026-01-01T12:17:02.253+0530][gc,phases   ] GC(6)   Pre Evacuate Collection Set: 0.4ms
[2026-01-01T12:17:02.253+0530][gc,phases   ] GC(6)   Merge Heap Roots: 0.1ms
[2026-01-01T12:17:02.253+0530][gc,phases   ] GC(6)   Evacuate Collection Set: 7.9ms
[2026-01-01T12:17:02.253+0530][gc,phases   ] GC(6)   Post Evacuate Collection Set: 0.8ms
[2026-01-01T12:17:02.253+0530][gc,phases   ] GC(6)   Other: 0.4ms
[2026-01-01T12:17:02.253+0530][gc,heap     ] GC(6) Eden regions: 49->0(46)
[2026-01-01T12:17:02.253+0530][gc,heap     ] GC(6) Survivor regions: 2->5(7)
[2026-01-01T12:17:02.253+0530][gc,heap     ] GC(6) Old regions: 14->14
[2026-01-01T12:17:02.253+0530][gc,heap     ] GC(6) Archive regions: 2->2
[2026-01-01T12:17:02.253+0530][gc,heap     ] GC(6) Humongous regions: 135->129
[2026-01-01T12:17:02.253+0530][gc,metaspace] GC(6) Metaspace: 40600K(41024K)->40600K(41024K) NonClass: 35926K(36160K)->35926K(36160K) Class: 4674K(4864K)->4674K(4864K)
[2026-01-01T12:17:02.253+0530][gc          ] GC(6) Pause Young (Prepare Mixed) (G1 Evacuation Pause) 200M->148M(1024M) 9.971ms
[2026-01-01T12:17:02.253+0530][gc,cpu      ] GC(6) User=0.03s Sys=0.00s Real=0.01s
[2026-01-01T12:21:15.192+0530][gc,start    ] GC(7) Pause Young (Mixed) (G1 Evacuation Pause)
[2026-01-01T12:21:15.193+0530][gc,task     ] GC(7) Using 8 workers of 8 for evacuation
[2026-01-01T12:21:15.202+0530][gc,phases   ] GC(7)   Pre Evacuate Collection Set: 0.2ms
[2026-01-01T12:21:15.202+0530][gc,phases   ] GC(7)   Merge Heap Roots: 0.1ms
[2026-01-01T12:21:15.202+0530][gc,phases   ] GC(7)   Evacuate Collection Set: 8.2ms
[2026-01-01T12:21:15.202+0530][gc,phases   ] GC(7)   Post Evacuate Collection Set: 0.4ms
[2026-01-01T12:21:15.202+0530][gc,phases   ] GC(7)   Other: 0.3ms
[2026-01-01T12:21:15.202+0530][gc,heap     ] GC(7) Eden regions: 46->0(47)
[2026-01-01T12:21:15.202+0530][gc,heap     ] GC(7) Survivor regions: 5->4(7)
[2026-01-01T12:21:15.202+0530][gc,heap     ] GC(7) Old regions: 14->15
[2026-01-01T12:21:15.202+0530][gc,heap     ] GC(7) Archive regions: 2->2
[2026-01-01T12:21:15.202+0530][gc,heap     ] GC(7) Humongous regions: 135->129
[2026-01-01T12:21:15.202+0530][gc,metaspace] GC(7) Metaspace: 41206K(41600K)->41206K(41600K) NonClass: 36510K(36736K)->36510K(36736K) Class: 4696K(4864K)->4696K(4864K)
[2026-01-01T12:21:15.202+0530][gc          ] GC(7) Pause Young (Mixed) (G1 Evacuation Pause) 200M->147M(1024M) 9.464ms
[2026-01-01T12:21:15.202+0530][gc,cpu      ] GC(7) User=0.02s Sys=0.00s Real=0.01s
[2026-01-01T12:25:20.089+0530][gc,start    ] GC(8) Pause Young (Normal) (G1 Evacuation Pause)
[2026-01-01T12:25:20.090+0530][gc,task     ] GC(8) Using 8 workers of 8 for evacuation
[2026-01-01T12:25:20.096+0530][gc,phases   ] GC(8)   Pre Evacuate Collection Set: 0.3ms
[2026-01-01T12:25:20.096+0530][gc,phases   ] GC(8)   Merge Heap Roots: 0.1ms
[2026-01-01T12:25:20.096+0530][gc,phases   ] GC(8)   Evacuate Collection Set: 5.2ms
[2026-01-01T12:25:20.096+0530][gc,phases   ] GC(8)   Post Evacuate Collection Set: 0.7ms
[2026-01-01T12:25:20.096+0530][gc,phases   ] GC(8)   Other: 0.4ms
[2026-01-01T12:25:20.096+0530][gc,heap     ] GC(8) Eden regions: 47->0(47)
[2026-01-01T12:25:20.096+0530][gc,heap     ] GC(8) Survivor regions: 4->4(7)
[2026-01-01T12:25:20.096+0530][gc,heap     ] GC(8) Old regions: 15->15
[2026-01-01T12:25:20.096+0530][gc,heap     ] GC(8) Archive regions: 2->2
[2026-01-01T12:25:20.096+0530][gc,heap     ] GC(8) Humongous regions: 129->129
[2026-01-01T12:25:20.096+0530][gc,metaspace] GC(8) Metaspace: 41252K(41728K)->41252K(41728K) NonClass: 36553K(36800K)->36553K(36800K) Class: 4698K(4928K)->4698K(4928K)
[2026-01-01T12:25:20.096+0530][gc          ] GC(8) Pause Young (Normal) (G1 Evacuation Pause) 194M->147M(1024M) 6.838ms
[2026-01-01T12:25:20.096+0530][gc,cpu      ] GC(8) User=0.01s Sys=0.00s Real=0.01s
[2026-01-01T12:29:34.717+0530][gc,start    ] GC(9) Pause Young (Normal) (G1 Evacuation Pause)
[2026-01-01T12:29:34.718+0530][gc,task     ] GC(9) Using 8 workers of 8 for evacuation
[2026-01-01T12:29:34.724+0530][gc,phases   ] GC(9)   Pre Evacuate Collection Set: 0.3ms
[2026-01-01T12:29:34.724+0530][gc,phases   ] GC(9)   Merge Heap Roots: 0.1ms
[2026-01-01T12:29:34.724+0530][gc,phases   ] GC(9)   Evacuate Collection Set: 4.6ms
[2026-01-01T12:29:34.724+0530][gc,phases   ] GC(9)   Post Evacuate Collection Set: 0.4ms
[2026-01-01T12:29:34.724+0530][gc,phases   ] GC(9)   Other: 1.1ms
[2026-01-01T12:29:34.724+0530][gc,heap     ] GC(9) Eden regions: 47->0(71)
[2026-01-01T12:29:34.724+0530][gc,heap     ] GC(9) Survivor regions: 4->4(7)
[2026-01-01T12:29:34.724+0530][gc,heap     ] GC(9) Old regions: 15->15
[2026-01-01T12:29:34.724+0530][gc,heap     ] GC(9) Archive regions: 2->2
[2026-01-01T12:29:34.724+0530][gc,heap     ] GC(9) Humongous regions: 129->129
[2026-01-01T12:29:34.724+0530][gc,metaspace] GC(9) Metaspace: 41325K(41792K)->41325K(41792K) NonClass: 36618K(36864K)->36618K(36864K) Class: 4707K(4928K)->4707K(4928K)
[2026-01-01T12:29:34.724+0530][gc          ] GC(9) Pause Young (Normal) (G1 Evacuation Pause) 194M->147M(1024M) 6.755ms
[2026-01-01T12:29:34.724+0530][gc,cpu      ] GC(9) User=0.02s Sys=0.00s Real=0.01s
[2026-01-01T12:36:08.533+0530][gc,start    ] GC(10) Pause Young (Normal) (G1 Evacuation Pause)
[2026-01-01T12:36:08.534+0530][gc,task     ] GC(10) Using 8 workers of 8 for evacuation
[2026-01-01T12:36:08.541+0530][gc,phases   ] GC(10)   Pre Evacuate Collection Set: 0.6ms
[2026-01-01T12:36:08.541+0530][gc,phases   ] GC(10)   Merge Heap Roots: 0.1ms
[2026-01-01T12:36:08.541+0530][gc,phases   ] GC(10)   Evacuate Collection Set: 6.2ms
[2026-01-01T12:36:08.542+0530][gc,phases   ] GC(10)   Post Evacuate Collection Set: 0.6ms
[2026-01-01T12:36:08.542+0530][gc,phases   ] GC(10)   Other: 1.1ms
[2026-01-01T12:36:08.542+0530][gc,heap     ] GC(10) Eden regions: 71->0(346)
[2026-01-01T12:36:08.542+0530][gc,heap     ] GC(10) Survivor regions: 4->5(10)
[2026-01-01T12:36:08.542+0530][gc,heap     ] GC(10) Old regions: 15->15
[2026-01-01T12:36:08.542+0530][gc,heap     ] GC(10) Archive regions: 2->2
[2026-01-01T12:36:08.542+0530][gc,heap     ] GC(10) Humongous regions: 129->129
[2026-01-01T12:36:08.542+0530][gc,metaspace] GC(10) Metaspace: 41388K(41856K)->41388K(41856K) NonClass: 36680K(36928K)->36680K(36928K) Class: 4708K(4928K)->4708K(4928K)
[2026-01-01T12:36:08.542+0530][gc          ] GC(10) Pause Young (Normal) (G1 Evacuation Pause) 218M->149M(1024M) 8.817ms
[2026-01-01T12:36:08.542+0530][gc,cpu      ] GC(10) User=0.03s Sys=0.01s Real=0.01s
[2026-01-01T13:27:03.690+0530][gc,start    ] GC(11) Pause Young (Normal) (G1 Evacuation Pause)
[2026-01-01T13:27:03.691+0530][gc,task     ] GC(11) Using 8 workers of 8 for evacuation
[2026-01-01T13:27:03.699+0530][gc,phases   ] GC(11)   Pre Evacuate Collection Set: 0.3ms
[2026-01-01T13:27:03.699+0530][gc,phases   ] GC(11)   Merge Heap Roots: 0.1ms
[2026-01-01T13:27:03.699+0530][gc,phases   ] GC(11)   Evacuate Collection Set: 6.8ms
[2026-01-01T13:27:03.699+0530][gc,phases   ] GC(11)   Post Evacuate Collection Set: 0.8ms
[2026-01-01T13:27:03.699+0530][gc,phases   ] GC(11)   Other: 0.7ms
[2026-01-01T13:27:03.699+0530][gc,heap     ] GC(11) Eden regions: 346->0(609)
[2026-01-01T13:27:03.699+0530][gc,heap     ] GC(11) Survivor regions: 5->5(44)
[2026-01-01T13:27:03.699+0530][gc,heap     ] GC(11) Old regions: 15->15
[2026-01-01T13:27:03.699+0530][gc,heap     ] GC(11) Archive regions: 2->2
[2026-01-01T13:27:03.699+0530][gc,heap     ] GC(11) Humongous regions: 129->129
[2026-01-01T13:27:03.699+0530][gc,metaspace] GC(11) Metaspace: 41507K(41984K)->41507K(41984K) NonClass: 36799K(37056K)->36799K(37056K) Class: 4708K(4928K)->4708K(4928K)
[2026-01-01T13:27:03.699+0530][gc          ] GC(11) Pause Young (Normal) (G1 Evacuation Pause) 495M->149M(1024M) 8.929ms
[2026-01-01T13:27:03.699+0530][gc,cpu      ] GC(11) User=0.03s Sys=0.00s Real=0.00s
[2026-01-01T14:26:12.224+0530][gc,start    ] GC(12) Pause Young (Normal) (G1 Evacuation Pause)
[2026-01-01T14:26:12.225+0530][gc,task     ] GC(12) Using 8 workers of 8 for evacuation
[2026-01-01T14:26:12.237+0530][gc,phases   ] GC(12)   Pre Evacuate Collection Set: 0.3ms
[2026-01-01T14:26:12.237+0530][gc,phases   ] GC(12)   Merge Heap Roots: 0.1ms
[2026-01-01T14:26:12.237+0530][gc,phases   ] GC(12)   Evacuate Collection Set: 9.7ms
[2026-01-01T14:26:12.237+0530][gc,phases   ] GC(12)   Post Evacuate Collection Set: 1.1ms
[2026-01-01T14:26:12.237+0530][gc,phases   ] GC(12)   Other: 1.3ms
[2026-01-01T14:26:12.237+0530][gc,heap     ] GC(12) Eden regions: 609->0(609)
[2026-01-01T14:26:12.237+0530][gc,heap     ] GC(12) Survivor regions: 5->5(77)
[2026-01-01T14:26:12.237+0530][gc,heap     ] GC(12) Old regions: 15->15
[2026-01-01T14:26:12.237+0530][gc,heap     ] GC(12) Archive regions: 2->2
[2026-01-01T14:26:12.237+0530][gc,heap     ] GC(12) Humongous regions: 129->129
[2026-01-01T14:26:12.237+0530][gc,metaspace] GC(12) Metaspace: 41593K(42048K)->41593K(42048K) NonClass: 36881K(37120K)->36881K(37120K) Class: 4712K(4928K)->4712K(4928K)
[2026-01-01T14:26:12.237+0530][gc          ] GC(12) Pause Young (Normal) (G1 Evacuation Pause) 758M->149M(1024M) 12.695ms
[2026-01-01T14:26:12.237+0530][gc,cpu      ] GC(12) User=0.03s Sys=0.01s Real=0.01s
[2026-01-01T19:17:31.734+0530][gc,start    ] GC(13) Pause Young (Normal) (G1 Evacuation Pause)
[2026-01-01T19:17:31.735+0530][gc,task     ] GC(13) Using 8 workers of 8 for evacuation
[2026-01-01T19:17:31.744+0530][gc,phases   ] GC(13)   Pre Evacuate Collection Set: 0.5ms
[2026-01-01T19:17:31.745+0530][gc,phases   ] GC(13)   Merge Heap Roots: 0.2ms
[2026-01-01T19:17:31.745+0530][gc,phases   ] GC(13)   Evacuate Collection Set: 7.3ms
[2026-01-01T19:17:31.745+0530][gc,phases   ] GC(13)   Post Evacuate Collection Set: 0.8ms
[2026-01-01T19:17:31.745+0530][gc,phases   ] GC(13)   Other: 1.2ms
[2026-01-01T19:17:31.745+0530][gc,heap     ] GC(13) Eden regions: 609->0(608)
[2026-01-01T19:17:31.745+0530][gc,heap     ] GC(13) Survivor regions: 5->6(77)
[2026-01-01T19:17:31.745+0530][gc,heap     ] GC(13) Old regions: 15->15
[2026-01-01T19:17:31.745+0530][gc,heap     ] GC(13) Archive regions: 2->2
[2026-01-01T19:17:31.745+0530][gc,heap     ] GC(13) Humongous regions: 129->129
[2026-01-01T19:17:31.745+0530][gc,metaspace] GC(13) Metaspace: 41613K(42048K)->41613K(42048K) NonClass: 36901K(37120K)->36901K(37120K) Class: 4712K(4928K)->4712K(4928K)
[2026-01-01T19:17:31.745+0530][gc          ] GC(13) Pause Young (Normal) (G1 Evacuation Pause) 758M->149M(1024M) 10.150ms
[2026-01-01T19:17:31.745+0530][gc,cpu      ] GC(13) User=0.02s Sys=0.01s Real=0.01s
[2026-01-01T20:16:57.420+0530][gc,start    ] GC(14) Pause Young (Normal) (G1 Evacuation Pause)
[2026-01-01T20:16:57.422+0530][gc,task     ] GC(14) Using 8 workers of 8 for evacuation
[2026-01-01T20:16:57.432+0530][gc,phases   ] GC(14)   Pre Evacuate Collection Set: 0.5ms
[2026-01-01T20:16:57.432+0530][gc,phases   ] GC(14)   Merge Heap Roots: 0.2ms
[2026-01-01T20:16:57.432+0530][gc,phases   ] GC(14)   Evacuate Collection Set: 8.4ms
[2026-01-01T20:16:57.432+0530][gc,phases   ] GC(14)   Post Evacuate Collection Set: 1.2ms
[2026-01-01T20:16:57.432+0530][gc,phases   ] GC(14)   Other: 2.2ms
[2026-01-01T20:16:57.432+0530][gc,heap     ] GC(14) Eden regions: 608->0(608)
[2026-01-01T20:16:57.432+0530][gc,heap     ] GC(14) Survivor regions: 6->6(77)
[2026-01-01T20:16:57.432+0530][gc,heap     ] GC(14) Old regions: 15->15
[2026-01-01T20:16:57.432+0530][gc,heap     ] GC(14) Archive regions: 2->2
[2026-01-01T20:16:57.432+0530][gc,heap     ] GC(14) Humongous regions: 129->129
[2026-01-01T20:16:57.432+0530][gc,metaspace] GC(14) Metaspace: 41623K(42112K)->41623K(42112K) NonClass: 36911K(37184K)->36911K(37184K) Class: 4712K(4928K)->4712K(4928K)
[2026-01-01T20:16:57.432+0530][gc          ] GC(14) Pause Young (Normal) (G1 Evacuation Pause) 757M->150M(1024M) 12.636ms
[2026-01-01T20:16:57.432+0530][gc,cpu      ] GC(14) User=0.03s Sys=0.02s Real=0.01s
