[2026-01-01T12:13:51.003+0530][gc] Using G1
[2026-01-01T12:13:51.004+0530][gc,init] Version: 17.0.15+0 (release)
[2026-01-01T12:13:51.004+0530][gc,init] CPUs: 8 total, 8 available
[2026-01-01T12:13:51.004+0530][gc,init] Memory: 16384M
[2026-01-01T12:13:51.004+0530][gc,init] Large Page Support: Disabled
[2026-01-01T12:13:51.004+0530][gc,init] NUMA Support: Disabled
[2026-01-01T12:13:51.004+0530][gc,init] Compressed Oops: Enabled (Zero based)
[2026-01-01T12:13:51.004+0530][gc,init] Heap Region Size: 1M
[2026-01-01T12:13:51.004+0530][gc,init] Heap Min Capacity: 1G
[2026-01-01T12:13:51.004+0530][gc,init] Heap Initial Capacity: 1G
[2026-01-01T12:13:51.004+0530][gc,init] Heap Max Capacity: 1G
[2026-01-01T12:13:51.004+0530][gc,init] Pre-touch: Disabled
[2026-01-01T12:13:51.004+0530][gc,init] Parallel Workers: 8
[2026-01-01T12:13:51.004+0530][gc,init] Concurrent Workers: 2
[2026-01-01T12:13:51.004+0530][gc,init] Concurrent Refinement Workers: 8
[2026-01-01T12:13:51.004+0530][gc,init] Periodic GC: Disabled
[2026-01-01T12:13:51.007+0530][gc,metaspace] CDS archive(s) mapped at: [0x000000e000000000-0x000000e000bc0000-0x000000e000bc0000), size 12320768, SharedBaseAddress: 0x000000e000000000, ArchiveRelocationMode: 1.
[2026-01-01T12:13:51.007+0530][gc,metaspace] Compressed class space mapped at: 0x000000e001000000-0x000000e041000000, reserved size: 1073741824
[2026-01-01T12:13:51.007+0530][gc,metaspace] Narrow klass base: 0x000000e000000000, Narrow klass shift: 0, Narrow klass range: 0x100000000
[2026-01-01T12:13:51.573+0530][gc,start    ] GC(0) Pause Young (Normal) (G1 Evacuation Pause)
[2026-01-01T12:13:51.573+0530][gc,task     ] GC(0) Using 8 workers of 8 for evacuation
[2026-01-01T12:13:51.576+0530][gc,phases   ] GC(0)   Pre Evacuate Collection Set: 0.1ms
[2026-01-01T12:13:51.576+0530][gc,phases   ] GC(0)   Merge Heap Roots: 0.0ms
[2026-01-01T12:13:51.576+0530][gc,phases   ] GC(0)   Evacuate Collection Set: 2.5ms
[2026-01-01T12:13:51.576+0530][gc,phases   ] GC(0)   Post Evacuate Collection Set: 0.2ms
[2026-01-01T12:13:51.576+0530][gc,phases   ] GC(0)   Other: 0.2ms
[2026-01-01T12:13:51.576+0530][gc,heap     ] GC(0) Eden regions: 51->0(44)
[2026-01-01T12:13:51.576+0530][gc,heap     ] GC(0) Survivor regions: 0->7(7)
[2026-01-01T12:13:51.576+0530][gc,heap     ] GC(0) Old regions: 0->1
[2026-01-01T12:13:51.576+0530][gc,heap     ] GC(0) Archive regions: 2->2
[2026-01-01T12:13:51.576+0530][gc,heap     ] GC(0) Humongous regions: 0->0
[2026-01-01T12:13:51.576+0530][gc,metaspace] GC(0) Metaspace: 17513K(17664K)->17513K(17664K) NonClass: 15377K(15488K)->15377K(15488K) Class: 2135K(2176K)->2135K(2176K)
[2026-01-01T12:13:51.576+0530][gc          ] GC(0) Pause Young (Normal) (G1 Evacuation Pause) 51M->8M(1024M) 3.231ms
[2026-01-01T12:13:51.576+0530][gc,cpu      ] GC(0) User=0.01s Sys=0.00s Real=0.00s
[2026-01-01T12:13:51.706+0530][gc,start    ] GC(1) Pause Young (Concurrent Start) (Metadata GC Threshold)
[2026-01-01T12:13:51.706+0530][gc,task     ] GC(1) Using 8 workers of 8 for evacuation
[2026-01-01T12:13:51.708+0530][gc,phases   ] GC(1)   Pre Evacuate Collection Set: 0.1ms
[2026-01-01T12:13:51.708+0530][gc,phases   ] GC(1)   Merge Heap Roots: 0.0ms
[2026-01-01T12:13:51.708+0530][gc,phases   ] GC(1)   Evacuate Collection Set: 1.8ms
[2026-01-01T12:13:51.708+0530][gc,phases   ] GC(1)   Post Evacuate Collection Set: 0.2ms
[2026-01-01T12:13:51.708+0530][gc,phases   ] GC(1)   Other: 0.1ms
[2026-01-01T12:13:51.708+0530][gc,heap     ] GC(1) Eden regions: 15->0(49)
[2026-01-01T12:13:51.708+0530][gc,heap     ] GC(1) Survivor regions: 7->2(7)
[2026-01-01T12:13:51.708+0530][gc,heap     ] GC(1) Old regions: 1->8
[2026-01-01T12:13:51.708+0530][gc,heap     ] GC(1) Archive regions: 2->2
[2026-01-01T12:13:51.708+0530][gc,heap     ] GC(1) Humongous regions: 0->0
[2026-01-01T12:13:51.708+0530][gc,metaspace] GC(1) Metaspace: 21267K(21504K)->21267K(21504K) NonClass: 18639K(18752K)->18639K(18752K) Class: 2627K(2752K)->2627K(2752K)
[2026-01-01T12:13:51.708+0530][gc          ] GC(1) Pause Young (Concurrent Start) (Metadata GC Threshold) 22M->9M(1024M) 2.312ms
[2026-01-01T12:13:51.708+0530][gc,cpu      ] GC(1) User=0.01s Sys=0.01s Real=0.00s
[2026-01-01T12:13:51.708+0530][gc          ] GC(2) Concurrent Mark Cycle
[2026-01-01T12:13:51.708+0530][gc,marking  ] GC(2) Concurrent Clear Claimed Marks
[2026-01-01T12:13:51.708+0530][gc,marking  ] GC(2) Concurrent Clear Claimed Marks 0.011ms
[2026-01-01T12:13:51.708+0530][gc,marking  ] GC(2) Concurrent Scan Root Regions
[2026-01-01T12:13:51.709+0530][gc,marking  ] GC(2) Concurrent Scan Root Regions 1.194ms
[2026-01-01T12:13:51.709+0530][gc,marking  ] GC(2) Concurrent Mark
[2026-01-01T12:13:51.709+0530][gc,marking  ] GC(2) Concurrent Mark From Roots
[2026-01-01T12:13:51.709+0530][gc,task     ] GC(2) Using 2 workers of 2 for marking
[2026-01-01T12:13:51.710+0530][gc,marking  ] GC(2) Concurrent Mark From Roots 0.845ms
[2026-01-01T12:13:51.714+0530][gc,marking  ] GC(2) Concurrent Preclean
[2026-01-01T12:13:51.714+0530][gc,marking  ] GC(2) Concurrent Preclean 0.022ms
[2026-01-01T12:13:51.714+0530][gc,start    ] GC(2) Pause Remark
[2026-01-01T12:13:51.715+0530][gc          ] GC(2) Pause Remark 9M->9M(1024M) 0.863ms
[2026-01-01T12:13:51.715+0530][gc,cpu      ] GC(2) User=0.00s Sys=0.00s Real=0.00s
[2026-01-01T12:13:51.715+0530][gc,marking  ] GC(2) Concurrent Mark 5.374ms
[2026-01-01T12:13:51.715+0530][gc,marking  ] GC(2) Concurrent Rebuild Remembered Sets
[2026-01-01T12:13:51.716+0530][gc,marking  ] GC(2) Concurrent Rebuild Remembered Sets 1.444ms
[2026-01-01T12:13:51.716+0530][gc,start    ] GC(2) Pause Cleanup
[2026-01-01T12:13:51.716+0530][gc          ] GC(2) Pause Cleanup 10M->10M(1024M) 0.081ms
[2026-01-01T12:13:51.716+0530][gc,cpu      ] GC(2) User=0.00s Sys=0.00s Real=0.00s
[2026-01-01T12:13:51.716+0530][gc,marking  ] GC(2) Concurrent Cleanup for Next Mark
[2026-01-01T12:13:51.717+0530][gc,marking  ] GC(2) Concurrent Cleanup for Next Mark 1.219ms
[2026-01-01T12:13:51.717+0530][gc          ] GC(2) Concurrent Mark Cycle 9.494ms
[2026-01-01T12:13:52.140+0530][gc,start    ] GC(3) Pause Young (Normal) (G1 Evacuation Pause)
[2026-01-01T12:13:52.140+0530][gc,task     ] GC(3) Using 8 workers of 8 for evacuation
[2026-01-01T12:13:52.143+0530][gc,phases   ] GC(3)   Pre Evacuate Collection Set: 0.1ms
[2026-01-01T12:13:52.143+0530][gc,phases   ] GC(3)   Merge Heap Roots: 0.0ms
[2026-01-01T12:13:52.143+0530][gc,phases   ] GC(3)   Evacuate Collection Set: 2.3ms
[2026-01-01T12:13:52.143+0530][gc,phases   ] GC(3)   Post Evacuate Collection Set: 0.2ms
[2026-01-01T12:13:52.143+0530][gc,phases   ] GC(3)   Other: 0.1ms
[2026-01-01T12:13:52.143+0530][gc,heap     ] GC(3) Eden regions: 49->0(45)
[2026-01-01T12:13:52.143+0530][gc,heap     ] GC(3) Survivor regions: 2->6(7)
[2026-01-01T12:13:52.143+0530][gc,heap     ] GC(3) Old regions: 8->8
[2026-01-01T12:13:52.143+0530][gc,heap     ] GC(3) Archive regions: 2->2
[2026-01-01T12:13:52.143+0530][gc,heap     ] GC(3) Humongous regions: 129->129
[2026-01-01T12:13:52.143+0530][gc,metaspace] GC(3) Metaspace: 31188K(31488K)->31188K(31488K) NonClass: 27618K(27776K)->27618K(27776K) Class: 3569K(3712K)->3569K(3712K)
[2026-01-01T12:13:52.143+0530][gc          ] GC(3) Pause Young (Normal) (G1 Evacuation Pause) 187M->143M(1024M) 2.765ms
[2026-01-01T12:13:52.143+0530][gc,cpu      ] GC(3) User=0.02s Sys=0.01s Real=0.00s
[2026-01-01T12:13:52.245+0530][gc,start    ] GC(4) Pause Young (Concurrent Start) (Metadata GC Threshold)
[2026-01-01T12:13:52.245+0530][gc,task     ] GC(4) Using 8 workers of 8 for evacuation
[2026-01-01T12:13:52.249+0530][gc,phases   ] GC(4)   Pre Evacuate Collection Set: 0.2ms
[2026-01-01T12:13:52.249+0530][gc,phases   ] GC(4)   Merge Heap Roots: 0.0ms
[2026-01-01T12:13:52.249+0530][gc,phases   ] GC(4)   Evacuate Collection Set: 2.9ms
[2026-01-01T12:13:52.249+0530][gc,phases   ] GC(4)   Post Evacuate Collection Set: 0.2ms
[2026-01-01T12:13:52.249+0530][gc,phases   ] GC(4)   Other: 0.1ms
[2026-01-01T12:13:52.249+0530][gc,heap     ] GC(4) Eden regions: 19->0(49)
[2026-01-01T12:13:52.249+0530][gc,heap     ] GC(4) Survivor regions: 6->2(7)
[2026-01-01T12:13:52.249+0530][gc,heap     ] GC(4) Old regions: 8->14
[2026-01-01T12:13:52.249+0530][gc,heap     ] GC(4) Archive regions: 2->2
[2026-01-01T12:13:52.249+0530][gc,heap     ] GC(4) Humongous regions: 129->129
[2026-01-01T12:13:52.249+0530][gc,metaspace] GC(4) Metaspace: 35679K(35968K)->35679K(35968K) NonClass: 31670K(31808K)->31670K(31808K) Class: 4008K(4160K)->4008K(4160K)
[2026-01-01T12:13:52.249+0530][gc          ] GC(4) Pause Young (Concurrent Start) (Metadata GC Threshold) 161M->145M(1024M) 3.440ms
[2026-01-01T12:13:52.249+0530][gc,cpu      ] GC(4) User=0.02s Sys=0.01s Real=0.00s
[2026-01-01T12:13:52.249+0530][gc          ] GC(5) Concurrent Mark Cycle
[2026-01-01T12:13:52.249+0530][gc,marking  ] GC(5) Concurrent Clear Claimed Marks
[2026-01-01T12:13:52.249+0530][gc,marking  ] GC(5) Concurrent Clear Claimed Marks 0.020ms
[2026-01-01T12:13:52.249+0530][gc,marking  ] GC(5) Concurrent Scan Root Regions
[2026-01-01T12:13:52.251+0530][gc,marking  ] GC(5) Concurrent Scan Root Regions 1.850ms
[2026-01-01T12:13:52.251+0530][gc,marking  ] GC(5) Concurrent Mark
[2026-01-01T12:13:52.251+0530][gc,marking  ] GC(5) Concurrent Mark From Roots
[2026-01-01T12:13:52.251+0530][gc,task     ] GC(5) Using 2 workers of 2 for marking
[2026-01-01T12:13:52.255+0530][gc,marking  ] GC(5) Concurrent Mark From Roots 4.198ms
[2026-01-01T12:13:52.255+0530][gc,marking  ] GC(5) Concurrent Preclean
[2026-01-01T12:13:52.255+0530][gc,marking  ] GC(5) Concurrent Preclean 0.045ms
[2026-01-01T12:13:52.255+0530][gc,start    ] GC(5) Pause Remark
[2026-01-01T12:13:52.256+0530][gc          ] GC(5) Pause Remark 146M->146M(1024M) 1.087ms
[2026-01-01T12:13:52.256+0530][gc,cpu      ] GC(5) User=0.01s Sys=0.00s Real=0.00s
[2026-01-01T12:13:52.256+0530][gc,marking  ] GC(5) Concurrent Mark 5.541ms
[2026-01-01T12:13:52.256+0530][gc,marking  ] GC(5) Concurrent Rebuild Remembered Sets
[2026-01-01T12:13:52.260+0530][gc,marking  ] GC(5) Concurrent Rebuild Remembered Sets 3.634ms
[2026-01-01T12:13:52.260+0530][gc,start    ] GC(5) Pause Cleanup
[2026-01-01T12:13:52.260+0530][gc          ] GC(5) Pause Cleanup 146M->146M(1024M) 0.084ms
[2026-01-01T12:13:52.260+0530][gc,cpu      ] GC(5) User=0.00s Sys=0.00s Real=0.00s
[2026-01-01T12:13:52.260+0530][gc,marking  ] GC(5) Concurrent Cleanup for Next Mark
[2026-01-01T12:13:52.263+0530][gc,marking  ] GC(5) Concurrent Cleanup for Next Mark 3.013ms
[2026-01-01T12:13:52.263+0530][gc          ] GC(5) Concurrent Mark Cycle 14.431ms
[2026-01-01T12:16:30.467+0530][gc,start    ] GC(6) Pause Young (Normal) (G1 Evacuation Pause)
[2026-01-01T12:16:30.467+0530][gc,task     ] GC(6) Using 8 workers of 8 for evacuation
[2026-01-01T12:16:30.474+0530][gc,phases   ] GC(6)   Pre Evacuate Collection Set: 0.3ms
[2026-01-01T12:16:30.474+0530][gc,phases   ] GC(6)   Merge Heap Roots: 0.2ms
[2026-01-01T12:16:30.474+0530][gc,phases   ] GC(6)   Evacuate Collection Set: 5.2ms
[2026-01-01T12:16:30.474+0530][gc,phases   ] GC(6)   Post Evacuate Collection Set: 0.6ms
[2026-01-01T12:16:30.474+0530][gc,phases   ] GC(6)   Other: 0.4ms
[2026-01-01T12:16:30.474+0530][gc,heap     ] GC(6) Eden regions: 49->0(47)
[2026-01-01T12:16:30.474+0530][gc,heap     ] GC(6) Survivor regions: 2->4(7)
[2026-01-01T12:16:30.474+0530][gc,heap     ] GC(6) Old regions: 14->14
[2026-01-01T12:16:30.474+0530][gc,heap     ] GC(6) Archive regions: 2->2
[2026-01-01T12:16:30.474+0530][gc,heap     ] GC(6) Humongous regions: 129->129
[2026-01-01T12:16:30.474+0530][gc,metaspace] GC(6) Metaspace: 40970K(41408K)->40970K(41408K) NonClass: 36157K(36416K)->36157K(36416K) Class: 4812K(4992K)->4812K(4992K)
[2026-01-01T12:16:30.474+0530][gc          ] GC(6) Pause Young (Normal) (G1 Evacuation Pause) 194M->146M(1024M) 6.872ms
[2026-01-01T12:16:30.474+0530][gc,cpu      ] GC(6) User=0.02s Sys=0.01s Real=0.01s
[2026-01-01T12:20:52.108+0530][gc,start    ] GC(7) Pause Young (Normal) (G1 Evacuation Pause)
[2026-01-01T12:20:52.108+0530][gc,task     ] GC(7) Using 8 workers of 8 for evacuation
[2026-01-01T12:20:52.116+0530][gc,phases   ] GC(7)   Pre Evacuate Collection Set: 0.2ms
[2026-01-01T12:20:52.116+0530][gc,phases   ] GC(7)   Merge Heap Roots: 0.1ms
[2026-01-01T12:20:52.116+0530][gc,phases   ] GC(7)   Evacuate Collection Set: 7.0ms
[2026-01-01T12:20:52.116+0530][gc,phases   ] GC(7)   Post Evacuate Collection Set: 0.4ms
[2026-01-01T12:20:52.116+0530][gc,phases   ] GC(7)   Other: 0.2ms
[2026-01-01T12:20:52.116+0530][gc,heap     ] GC(7) Eden regions: 47->0(45)
[2026-01-01T12:20:52.116+0530][gc,heap     ] GC(7) Survivor regions: 4->6(7)
[2026-01-01T12:20:52.116+0530][gc,heap     ] GC(7) Old regions: 14->14
[2026-01-01T12:20:52.116+0530][gc,heap     ] GC(7) Archive regions: 2->2
[2026-01-01T12:20:52.116+0530][gc,heap     ] GC(7) Humongous regions: 147->129
[2026-01-01T12:20:52.116+0530][gc,metaspace] GC(7) Metaspace: 42949K(43520K)->42949K(43520K) NonClass: 37895K(38208K)->37895K(38208K) Class: 5054K(5312K)->5054K(5312K)
[2026-01-01T12:20:52.116+0530][gc          ] GC(7) Pause Young (Normal) (G1 Evacuation Pause) 211M->148M(1024M) 8.005ms
[2026-01-01T12:20:52.116+0530][gc,cpu      ] GC(7) User=0.03s Sys=0.00s Real=0.01s
[2026-01-01T12:24:19.316+0530][gc,start    ] GC(8) Pause Young (Normal) (G1 Evacuation Pause)
[2026-01-01T12:24:19.316+0530][gc,task     ] GC(8) Using 8 workers of 8 for evacuation
[2026-01-01T12:24:19.326+0530][gc,phases   ] GC(8)   Pre Evacuate Collection Set: 0.4ms
[2026-01-01T12:24:19.326+0530][gc,phases   ] GC(8)   Merge Heap Roots: 0.1ms
[2026-01-01T12:24:19.326+0530][gc,phases   ] GC(8)   Evacuate Collection Set: 8.7ms
[2026-01-01T12:24:19.326+0530][gc,phases   ] GC(8)   Post Evacuate Collection Set: 0.4ms
[2026-01-01T12:24:19.326+0530][gc,phases   ] GC(8)   Other: 0.4ms
[2026-01-01T12:24:19.326+0530][gc,heap     ] GC(8) Eden regions: 45->0(50)
[2026-01-01T12:24:19.326+0530][gc,heap     ] GC(8) Survivor regions: 6->3(7)
[2026-01-01T12:24:19.326+0530][gc,heap     ] GC(8) Old regions: 14->17
[2026-01-01T12:24:19.326+0530][gc,heap     ] GC(8) Archive regions: 2->2
[2026-01-01T12:24:19.326+0530][gc,heap     ] GC(8) Humongous regions: 129->129
[2026-01-01T12:24:19.326+0530][gc,metaspace] GC(8) Metaspace: 43093K(43584K)->43093K(43584K) NonClass: 38023K(38272K)->38023K(38272K) Class: 5070K(5312K)->5070K(5312K)
[2026-01-01T12:24:19.326+0530][gc          ] GC(8) Pause Young (Normal) (G1 Evacuation Pause) 193M->149M(1024M) 10.294ms
[2026-01-01T12:24:19.326+0530][gc,cpu      ] GC(8) User=0.02s Sys=0.01s Real=0.01s
[2026-01-01T12:28:16.330+0530][gc,start    ] GC(9) Pause Young (Normal) (G1 Evacuation Pause)
[2026-01-01T12:28:16.330+0530][gc,task     ] GC(9) Using 8 workers of 8 for evacuation
[2026-01-01T12:28:16.331+0530][gc,phases   ] GC(9)   Pre Evacuate Collection Set: 0.1ms
[2026-01-01T12:28:16.331+0530][gc,phases   ] GC(9)   Merge Heap Roots: 0.1ms
[2026-01-01T12:28:16.331+0530][gc,phases   ] GC(9)   Evacuate Collection Set: 1.3ms
[2026-01-01T12:28:16.331+0530][gc,phases   ] GC(9)   Post Evacuate Collection Set: 0.2ms
[2026-01-01T12:28:16.331+0530][gc,phases   ] GC(9)   Other: 0.1ms
[2026-01-01T12:28:16.331+0530][gc,heap     ] GC(9) Eden regions: 50->0(84)
[2026-01-01T12:28:16.331+0530][gc,heap     ] GC(9) Survivor regions: 3->3(7)
[2026-01-01T12:28:16.331+0530][gc,heap     ] GC(9) Old regions: 17->17
[2026-01-01T12:28:16.331+0530][gc,heap     ] GC(9) Archive regions: 2->2
[2026-01-01T12:28:16.331+0530][gc,heap     ] GC(9) Humongous regions: 129->129
[2026-01-01T12:28:16.331+0530][gc,metaspace] GC(9) Metaspace: 43106K(43648K)->43106K(43648K) NonClass: 38035K(38336K)->38035K(38336K) Class: 5070K(5312K)->5070K(5312K)
[2026-01-01T12:28:16.331+0530][gc          ] GC(9) Pause Young (Normal) (G1 Evacuation Pause) 199M->148M(1024M) 1.838ms
[2026-01-01T12:28:16.331+0530][gc,cpu      ] GC(9) User=0.01s Sys=0.00s Real=0.00s
[2026-01-01T12:35:13.096+0530][gc,start    ] GC(10) Pause Young (Normal) (G1 Evacuation Pause)
[2026-01-01T12:35:13.098+0530][gc,task     ] GC(10) Using 8 workers of 8 for evacuation
[2026-01-01T12:35:13.105+0530][gc,phases   ] GC(10)   Pre Evacuate Collection Set: 0.3ms
[2026-01-01T12:35:13.105+0530][gc,phases   ] GC(10)   Merge Heap Roots: 0.1ms
[2026-01-01T12:35:13.105+0530][gc,phases   ] GC(10)   Evacuate Collection Set: 6.2ms
[2026-01-01T12:35:13.105+0530][gc,phases   ] GC(10)   Post Evacuate Collection Set: 0.5ms
[2026-01-01T12:35:13.105+0530][gc,phases   ] GC(10)   Other: 1.3ms
[2026-01-01T12:35:13.105+0530][gc,heap     ] GC(10) Eden regions: 84->0(351)
[2026-01-01T12:35:13.105+0530][gc,heap     ] GC(10) Survivor regions: 3->5(11)
[2026-01-01T12:35:13.105+0530][gc,heap     ] GC(10) Old regions: 17->17
[2026-01-01T12:35:13.105+0530][gc,heap     ] GC(10) Archive regions: 2->2
[2026-01-01T12:35:13.105+0530][gc,heap     ] GC(10) Humongous regions: 129->129
[2026-01-01T12:35:13.105+0530][gc,metaspace] GC(10) Metaspace: 43169K(43712K)->43169K(43712K) NonClass: 38098K(38400K)->38098K(38400K) Class: 5070K(5312K)->5070K(5312K)
[2026-01-01T12:35:13.105+0530][gc          ] GC(10) Pause Young (Normal) (G1 Evacuation Pause) 232M->150M(1024M) 8.747ms
[2026-01-01T12:35:13.105+0530][gc,cpu      ] GC(10) User=0.02s Sys=0.00s Real=0.01s
[2026-01-01T13:23:01.456+0530][gc,start    ] GC(11) Pause Young (Normal) (G1 Evacuation Pause)
[2026-01-01T13:23:01.457+0530][gc,task     ] GC(11) Using 8 workers of 8 for evacuation
[2026-01-01T13:23:01.461+0530][gc,phases   ] GC(11)   Pre Evacuate Collection Set: 0.2ms
[2026-01-01T13:23:01.461+0530][gc,phases   ] GC(11)   Merge Heap Roots: 0.1ms
[2026-01-01T13:23:01.461+0530][gc,phases   ] GC(11)   Evacuate Collection Set: 3.3ms
[2026-01-01T13:23:01.461+0530][gc,phases   ] GC(11)   Post Evacuate Collection Set: 0.9ms
[2026-01-01T13:23:01.461+0530][gc,phases   ] GC(11)   Other: 1.1ms
[2026-01-01T13:23:01.461+0530][gc,heap     ] GC(11) Eden regions: 351->0(611)
[2026-01-01T13:23:01.461+0530][gc,heap     ] GC(11) Survivor regions: 5->3(45)
[2026-01-01T13:23:01.461+0530][gc,heap     ] GC(11) Old regions: 17->17
[2026-01-01T13:23:01.461+0530][gc,heap     ] GC(11) Archive regions: 2->2
[2026-01-01T13:23:01.462+0530][gc,heap     ] GC(11) Humongous regions: 129->129
[2026-01-01T13:23:01.462+0530][gc,metaspace] GC(11) Metaspace: 43285K(43840K)->43285K(43840K) NonClass: 38215K(38528K)->38215K(38528K) Class: 5070K(5312K)->5070K(5312K)
[2026-01-01T13:23:01.462+0530][gc          ] GC(11) Pause Young (Normal) (G1 Evacuation Pause) 501M->148M(1024M) 5.894ms
[2026-01-01T13:23:01.462+0530][gc,cpu      ] GC(11) User=0.02s Sys=0.00s Real=0.01s
[2026-01-01T14:15:58.752+0530][gc,start    ] GC(12) Pause Young (Normal) (G1 Evacuation Pause)
[2026-01-01T14:15:58.754+0530][gc,task     ] GC(12) Using 8 workers of 8 for evacuation
[2026-01-01T14:15:58.763+0530][gc,phases   ] GC(12)   Pre Evacuate Collection Set: 0.5ms
[2026-01-01T14:15:58.763+0530][gc,phases   ] GC(12)   Merge Heap Roots: 0.2ms
[2026-01-01T14:15:58.763+0530][gc,phases   ] GC(12)   Evacuate Collection Set: 7.1ms
[2026-01-01T14:15:58.763+0530][gc,phases   ] GC(12)   Post Evacuate Collection Set: 0.9ms
[2026-01-01T14:15:58.763+0530][gc,phases   ] GC(12)   Other: 2.1ms
[2026-01-01T14:15:58.763+0530][gc,heap     ] GC(12) Eden regions: 611->0(610)
[2026-01-01T14:15:58.763+0530][gc,heap     ] GC(12) Survivor regions: 3->4(77)
[2026-01-01T14:15:58.763+0530][gc,heap     ] GC(12) Old regions: 17->17
[2026-01-01T14:15:58.763+0530][gc,heap     ] GC(12) Archive regions: 2->2
[2026-01-01T14:15:58.763+0530][gc,heap     ] GC(12) Humongous regions: 129->129
[2026-01-01T14:15:58.763+0530][gc,metaspace] GC(12) Metaspace: 43380K(43904K)->43380K(43904K) NonClass: 38304K(38592K)->38304K(38592K) Class: 5075K(5312K)->5075K(5312K)
[2026-01-01T14:15:58.763+0530][gc          ] GC(12) Pause Young (Normal) (G1 Evacuation Pause) 759M->150M(1024M) 10.960ms
[2026-01-01T14:15:58.763+0530][gc,cpu      ] GC(12) User=0.02s Sys=0.02s Real=0.01s
[2026-01-01T15:08:58.369+0530][gc,start    ] GC(13) Pause Young (Normal) (G1 Evacuation Pause)
[2026-01-01T15:08:58.370+0530][gc,task     ] GC(13) Using 8 workers of 8 for evacuation
[2026-01-01T15:08:58.380+0530][gc,phases   ] GC(13)   Pre Evacuate Collection Set: 0.6ms
[2026-01-01T15:08:58.380+0530][gc,phases   ] GC(13)   Merge Heap Roots: 0.3ms
[2026-01-01T15:08:58.380+0530][gc,phases   ] GC(13)   Evacuate Collection Set: 7.5ms
[2026-01-01T15:08:58.380+0530][gc,phases   ] GC(13)   Post Evacuate Collection Set: 1.2ms
[2026-01-01T15:08:58.380+0530][gc,phases   ] GC(13)   Other: 1.3ms
[2026-01-01T15:08:58.380+0530][gc,heap     ] GC(13) Eden regions: 610->0(611)
[2026-01-01T15:08:58.380+0530][gc,heap     ] GC(13) Survivor regions: 4->3(77)
[2026-01-01T15:08:58.380+0530][gc,heap     ] GC(13) Old regions: 17->17
[2026-01-01T15:08:58.380+0530][gc,heap     ] GC(13) Archive regions: 2->2
[2026-01-01T15:08:58.380+0530][gc,heap     ] GC(13) Humongous regions: 129->129
[2026-01-01T15:08:58.380+0530][gc,metaspace] GC(13) Metaspace: 43408K(43968K)->43408K(43968K) NonClass: 38332K(38656K)->38332K(38656K) Class: 5075K(5312K)->5075K(5312K)
[2026-01-01T15:08:58.380+0530][gc          ] GC(13) Pause Young (Normal) (G1 Evacuation Pause) 760M->149M(1024M) 11.093ms
[2026-01-01T15:08:58.380+0530][gc,cpu      ] GC(13) User=0.02s Sys=0.01s Real=0.02s
[2026-01-01T19:54:19.519+0530][gc,start    ] GC(14) Pause Young (Normal) (G1 Evacuation Pause)
[2026-01-01T19:54:19.521+0530][gc,task     ] GC(14) Using 8 workers of 8 for evacuation
[2026-01-01T19:54:19.530+0530][gc,phases   ] GC(14)   Pre Evacuate Collection Set: 0.7ms
[2026-01-01T19:54:19.530+0530][gc,phases   ] GC(14)   Merge Heap Roots: 0.3ms
[2026-01-01T19:54:19.530+0530][gc,phases   ] GC(14)   Evacuate Collection Set: 7.0ms
[2026-01-01T19:54:19.530+0530][gc,phases   ] GC(14)   Post Evacuate Collection Set: 1.0ms
[2026-01-01T19:54:19.530+0530][gc,phases   ] GC(14)   Other: 1.9ms
[2026-01-01T19:54:19.530+0530][gc,heap     ] GC(14) Eden regions: 611->0(609)
[2026-01-01T19:54:19.530+0530][gc,heap     ] GC(14) Survivor regions: 3->5(77)
[2026-01-01T19:54:19.530+0530][gc,heap     ] GC(14) Old regions: 17->17
[2026-01-01T19:54:19.530+0530][gc,heap     ] GC(14) Archive regions: 2->2
[2026-01-01T19:54:19.530+0530][gc,heap     ] GC(14) Humongous regions: 129->129
[2026-01-01T19:54:19.530+0530][gc,metaspace] GC(14) Metaspace: 43431K(43968K)->43431K(43968K) NonClass: 38355K(38656K)->38355K(38656K) Class: 5075K(5312K)->5075K(5312K)
[2026-01-01T19:54:19.530+0530][gc          ] GC(14) Pause Young (Normal) (G1 Evacuation Pause) 760M->151M(1024M) 11.132ms
[2026-01-01T19:54:19.530+0530][gc,cpu      ] GC(14) User=0.03s Sys=0.02s Real=0.02s
