[2026-01-01T12:14:25.353+0530][gc] Using G1
[2026-01-01T12:14:25.354+0530][gc,init] Version: 17.0.15+0 (release)
[2026-01-01T12:14:25.354+0530][gc,init] CPUs: 8 total, 8 available
[2026-01-01T12:14:25.354+0530][gc,init] Memory: 16384M
[2026-01-01T12:14:25.354+0530][gc,init] Large Page Support: Disabled
[2026-01-01T12:14:25.354+0530][gc,init] NUMA Support: Disabled
[2026-01-01T12:14:25.354+0530][gc,init] Compressed Oops: Enabled (Zero based)
[2026-01-01T12:14:25.354+0530][gc,init] Heap Region Size: 1M
[2026-01-01T12:14:25.354+0530][gc,init] Heap Min Capacity: 1G
[2026-01-01T12:14:25.354+0530][gc,init] Heap Initial Capacity: 1G
[2026-01-01T12:14:25.354+0530][gc,init] Heap Max Capacity: 1G
[2026-01-01T12:14:25.354+0530][gc,init] Pre-touch: Disabled
[2026-01-01T12:14:25.354+0530][gc,init] Parallel Workers: 8
[2026-01-01T12:14:25.354+0530][gc,init] Concurrent Workers: 2
[2026-01-01T12:14:25.354+0530][gc,init] Concurrent Refinement Workers: 8
[2026-01-01T12:14:25.354+0530][gc,init] Periodic GC: Disabled
[2026-01-01T12:14:25.357+0530][gc,metaspace] CDS archive(s) mapped at: [0x0000007000000000-0x0000007000bc0000-0x0000007000bc0000), size 12320768, SharedBaseAddress: 0x0000007000000000, ArchiveRelocationMode: 1.
[2026-01-01T12:14:25.357+0530][gc,metaspace] Compressed class space mapped at: 0x0000007001000000-0x0000007041000000, reserved size: 1073741824
[2026-01-01T12:14:25.357+0530][gc,metaspace] Narrow klass base: 0x0000007000000000, Narrow klass shift: 0, Narrow klass range: 0x100000000
[2026-01-01T12:14:25.885+0530][gc,start    ] GC(0) Pause Young (Normal) (G1 Evacuation Pause)
[2026-01-01T12:14:25.885+0530][gc,task     ] GC(0) Using 8 workers of 8 for evacuation
[2026-01-01T12:14:25.888+0530][gc,phases   ] GC(0)   Pre Evacuate Collection Set: 0.1ms
[2026-01-01T12:14:25.888+0530][gc,phases   ] GC(0)   Merge Heap Roots: 0.0ms
[2026-01-01T12:14:25.888+0530][gc,phases   ] GC(0)   Evacuate Collection Set: 2.5ms
[2026-01-01T12:14:25.888+0530][gc,phases   ] GC(0)   Post Evacuate Collection Set: 0.2ms
[2026-01-01T12:14:25.888+0530][gc,phases   ] GC(0)   Other: 0.3ms
[2026-01-01T12:14:25.888+0530][gc,heap     ] GC(0) Eden regions: 51->0(44)
[2026-01-01T12:14:25.888+0530][gc,heap     ] GC(0) Survivor regions: 0->7(7)
[2026-01-01T12:14:25.888+0530][gc,heap     ] GC(0) Old regions: 0->2
[2026-01-01T12:14:25.888+0530][gc,heap     ] GC(0) Archive regions: 2->2
[2026-01-01T12:14:25.888+0530][gc,heap     ] GC(0) Humongous regions: 0->0
[2026-01-01T12:14:25.888+0530][gc,metaspace] GC(0) Metaspace: 17523K(17664K)->17523K(17664K) NonClass: 15387K(15488K)->15387K(15488K) Class: 2135K(2176K)->2135K(2176K)
[2026-01-01T12:14:25.888+0530][gc          ] GC(0) Pause Young (Normal) (G1 Evacuation Pause) 51M->9M(1024M) 3.250ms
[2026-01-01T12:14:25.888+0530][gc,cpu      ] GC(0) User=0.01s Sys=0.00s Real=0.00s
[2026-01-01T12:14:26.008+0530][gc,start    ] GC(1) Pause Young (Concurrent Start) (Metadata GC Threshold)
[2026-01-01T12:14:26.008+0530][gc,task     ] GC(1) Using 8 workers of 8 for evacuation
[2026-01-01T12:14:26.010+0530][gc,phases   ] GC(1)   Pre Evacuate Collection Set: 0.1ms
[2026-01-01T12:14:26.010+0530][gc,phases   ] GC(1)   Merge Heap Roots: 0.0ms
[2026-01-01T12:14:26.010+0530][gc,phases   ] GC(1)   Evacuate Collection Set: 1.8ms
[2026-01-01T12:14:26.010+0530][gc,phases   ] GC(1)   Post Evacuate Collection Set: 0.2ms
[2026-01-01T12:14:26.010+0530][gc,phases   ] GC(1)   Other: 0.1ms
[2026-01-01T12:14:26.010+0530][gc,heap     ] GC(1) Eden regions: 15->0(49)
[2026-01-01T12:14:26.010+0530][gc,heap     ] GC(1) Survivor regions: 7->2(7)
[2026-01-01T12:14:26.010+0530][gc,heap     ] GC(1) Old regions: 2->9
[2026-01-01T12:14:26.010+0530][gc,heap     ] GC(1) Archive regions: 2->2
[2026-01-01T12:14:26.010+0530][gc,heap     ] GC(1) Humongous regions: 0->0
[2026-01-01T12:14:26.010+0530][gc,metaspace] GC(1) Metaspace: 21274K(21504K)->21274K(21504K) NonClass: 18647K(18752K)->18647K(18752K) Class: 2627K(2752K)->2627K(2752K)
[2026-01-01T12:14:26.010+0530][gc          ] GC(1) Pause Young (Concurrent Start) (Metadata GC Threshold) 23M->10M(1024M) 2.372ms
[2026-01-01T12:14:26.010+0530][gc,cpu      ] GC(1) User=0.01s Sys=0.00s Real=0.01s
[2026-01-01T12:14:26.010+0530][gc          ] GC(2) Concurrent Mark Cycle
[2026-01-01T12:14:26.010+0530][gc,marking  ] GC(2) Concurrent Clear Claimed Marks
[2026-01-01T12:14:26.010+0530][gc,marking  ] GC(2) Concurrent Clear Claimed Marks 0.010ms
[2026-01-01T12:14:26.010+0530][gc,marking  ] GC(2) Concurrent Scan Root Regions
[2026-01-01T12:14:26.012+0530][gc,marking  ] GC(2) Concurrent Scan Root Regions 1.532ms
[2026-01-01T12:14:26.012+0530][gc,marking  ] GC(2) Concurrent Mark
[2026-01-01T12:14:26.012+0530][gc,marking  ] GC(2) Concurrent Mark From Roots
[2026-01-01T12:14:26.012+0530][gc,task     ] GC(2) Using 2 workers of 2 for marking
[2026-01-01T12:14:26.013+0530][gc,marking  ] GC(2) Concurrent Mark From Roots 1.389ms
[2026-01-01T12:14:26.013+0530][gc,marking  ] GC(2) Concurrent Preclean
[2026-01-01T12:14:26.014+0530][gc,marking  ] GC(2) Concurrent Preclean 0.017ms
[2026-01-01T12:14:26.014+0530][gc,start    ] GC(2) Pause Remark
[2026-01-01T12:14:26.014+0530][gc          ] GC(2) Pause Remark 10M->10M(1024M) 0.920ms
[2026-01-01T12:14:26.014+0530][gc,cpu      ] GC(2) User=0.00s Sys=0.00s Real=0.00s
[2026-01-01T12:14:26.015+0530][gc,marking  ] GC(2) Concurrent Mark 2.449ms
[2026-01-01T12:14:26.015+0530][gc,marking  ] GC(2) Concurrent Rebuild Remembered Sets
[2026-01-01T12:14:26.016+0530][gc,marking  ] GC(2) Concurrent Rebuild Remembered Sets 1.566ms
[2026-01-01T12:14:26.016+0530][gc,start    ] GC(2) Pause Cleanup
[2026-01-01T12:14:26.016+0530][gc          ] GC(2) Pause Cleanup 10M->10M(1024M) 0.079ms
[2026-01-01T12:14:26.016+0530][gc,cpu      ] GC(2) User=0.00s Sys=0.00s Real=0.00s
[2026-01-01T12:14:26.016+0530][gc,marking  ] GC(2) Concurrent Cleanup for Next Mark
[2026-01-01T12:14:26.018+0530][gc,marking  ] GC(2) Concurrent Cleanup for Next Mark 1.341ms
[2026-01-01T12:14:26.018+0530][gc          ] GC(2) Concurrent Mark Cycle 7.138ms
[2026-01-01T12:14:26.401+0530][gc,start    ] GC(3) Pause Young (Normal) (G1 Evacuation Pause)
[2026-01-01T12:14:26.401+0530][gc,task     ] GC(3) Using 8 workers of 8 for evacuation
[2026-01-01T12:14:26.405+0530][gc,phases   ] GC(3)   Pre Evacuate Collection Set: 0.1ms
[2026-01-01T12:14:26.405+0530][gc,phases   ] GC(3)   Merge Heap Roots: 0.0ms
[2026-01-01T12:14:26.405+0530][gc,phases   ] GC(3)   Evacuate Collection Set: 2.7ms
[2026-01-01T12:14:26.405+0530][gc,phases   ] GC(3)   Post Evacuate Collection Set: 0.2ms
[2026-01-01T12:14:26.405+0530][gc,phases   ] GC(3)   Other: 0.1ms
[2026-01-01T12:14:26.405+0530][gc,heap     ] GC(3) Eden regions: 49->0(45)
[2026-01-01T12:14:26.405+0530][gc,heap     ] GC(3) Survivor regions: 2->6(7)
[2026-01-01T12:14:26.405+0530][gc,heap     ] GC(3) Old regions: 9->9
[2026-01-01T12:14:26.405+0530][gc,heap     ] GC(3) Archive regions: 2->2
[2026-01-01T12:14:26.405+0530][gc,heap     ] GC(3) Humongous regions: 129->129
[2026-01-01T12:14:26.405+0530][gc,metaspace] GC(3) Metaspace: 31159K(31424K)->31159K(31424K) NonClass: 27585K(27712K)->27585K(27712K) Class: 3573K(3712K)->3573K(3712K)
[2026-01-01T12:14:26.405+0530][gc          ] GC(3) Pause Young (Normal) (G1 Evacuation Pause) 188M->144M(1024M) 3.277ms
[2026-01-01T12:14:26.405+0530][gc,cpu      ] GC(3) User=0.02s Sys=0.00s Real=0.00s
[2026-01-01T12:14:26.643+0530][gc,start    ] GC(4) Pause Young (Concurrent Start) (Metadata GC Threshold)
[2026-01-01T12:14:26.643+0530][gc,task     ] GC(4) Using 8 workers of 8 for evacuation
[2026-01-01T12:14:26.646+0530][gc,phases   ] GC(4)   Pre Evacuate Collection Set: 0.1ms
[2026-01-01T12:14:26.646+0530][gc,phases   ] GC(4)   Merge Heap Roots: 0.0ms
[2026-01-01T12:14:26.646+0530][gc,phases   ] GC(4)   Evacuate Collection Set: 2.4ms
[2026-01-01T12:14:26.646+0530][gc,phases   ] GC(4)   Post Evacuate Collection Set: 0.2ms
[2026-01-01T12:14:26.646+0530][gc,phases   ] GC(4)   Other: 0.1ms
[2026-01-01T12:14:26.646+0530][gc,heap     ] GC(4) Eden regions: 19->0(49)
[2026-01-01T12:14:26.646+0530][gc,heap     ] GC(4) Survivor regions: 6->2(7)
[2026-01-01T12:14:26.646+0530][gc,heap     ] GC(4) Old regions: 9->15
[2026-01-01T12:14:26.646+0530][gc,heap     ] GC(4) Archive regions: 2->2
[2026-01-01T12:14:26.646+0530][gc,heap     ] GC(4) Humongous regions: 129->129
[2026-01-01T12:14:26.646+0530][gc,metaspace] GC(4) Metaspace: 35838K(36096K)->35838K(36096K) NonClass: 31858K(32000K)->31858K(32000K) Class: 3980K(4096K)->3980K(4096K)
[2026-01-01T12:14:26.646+0530][gc          ] GC(4) Pause Young (Concurrent Start) (Metadata GC Threshold) 162M->145M(1024M) 2.968ms
[2026-01-01T12:14:26.646+0530][gc,cpu      ] GC(4) User=0.01s Sys=0.01s Real=0.00s
[2026-01-01T12:14:26.646+0530][gc          ] GC(5) Concurrent Mark Cycle
[2026-01-01T12:14:26.646+0530][gc,marking  ] GC(5) Concurrent Clear Claimed Marks
[2026-01-01T12:14:26.646+0530][gc,marking  ] GC(5) Concurrent Clear Claimed Marks 0.014ms
[2026-01-01T12:14:26.646+0530][gc,marking  ] GC(5) Concurrent Scan Root Regions
[2026-01-01T12:14:26.648+0530][gc,marking  ] GC(5) Concurrent Scan Root Regions 2.038ms
[2026-01-01T12:14:26.648+0530][gc,marking  ] GC(5) Concurrent Mark
[2026-01-01T12:14:26.648+0530][gc,marking  ] GC(5) Concurrent Mark From Roots
[2026-01-01T12:14:26.648+0530][gc,task     ] GC(5) Using 2 workers of 2 for marking
[2026-01-01T12:14:26.652+0530][gc,marking  ] GC(5) Concurrent Mark From Roots 3.175ms
[2026-01-01T12:14:26.652+0530][gc,marking  ] GC(5) Concurrent Preclean
[2026-01-01T12:14:26.652+0530][gc,marking  ] GC(5) Concurrent Preclean 0.034ms
[2026-01-01T12:14:26.652+0530][gc,start    ] GC(5) Pause Remark
[2026-01-01T12:14:26.653+0530][gc          ] GC(5) Pause Remark 146M->146M(1024M) 0.956ms
[2026-01-01T12:14:26.653+0530][gc,cpu      ] GC(5) User=0.01s Sys=0.00s Real=0.00s
[2026-01-01T12:14:26.653+0530][gc,marking  ] GC(5) Concurrent Mark 4.326ms
[2026-01-01T12:14:26.653+0530][gc,marking  ] GC(5) Concurrent Rebuild Remembered Sets
[2026-01-01T12:14:26.656+0530][gc,marking  ] GC(5) Concurrent Rebuild Remembered Sets 3.794ms
[2026-01-01T12:14:26.657+0530][gc,start    ] GC(5) Pause Cleanup
[2026-01-01T12:14:26.657+0530][gc          ] GC(5) Pause Cleanup 147M->147M(1024M) 0.098ms
[2026-01-01T12:14:26.657+0530][gc,cpu      ] GC(5) User=0.00s Sys=0.00s Real=0.00s
[2026-01-01T12:14:26.657+0530][gc,marking  ] GC(5) Concurrent Cleanup for Next Mark
[2026-01-01T12:14:26.658+0530][gc,marking  ] GC(5) Concurrent Cleanup for Next Mark 1.308ms
[2026-01-01T12:14:26.658+0530][gc          ] GC(5) Concurrent Mark Cycle 11.798ms
[2026-01-01T12:16:19.355+0530][gc,start    ] GC(6) Pause Young (Normal) (G1 Evacuation Pause)
[2026-01-01T12:16:19.355+0530][gc,task     ] GC(6) Using 8 workers of 8 for evacuation
[2026-01-01T12:16:19.365+0530][gc,phases   ] GC(6)   Pre Evacuate Collection Set: 0.3ms
[2026-01-01T12:16:19.365+0530][gc,phases   ] GC(6)   Merge Heap Roots: 0.3ms
[2026-01-01T12:16:19.365+0530][gc,phases   ] GC(6)   Evacuate Collection Set: 8.8ms
[2026-01-01T12:16:19.365+0530][gc,phases   ] GC(6)   Post Evacuate Collection Set: 0.5ms
[2026-01-01T12:16:19.365+0530][gc,phases   ] GC(6)   Other: 0.3ms
[2026-01-01T12:16:19.365+0530][gc,heap     ] GC(6) Eden regions: 49->0(45)
[2026-01-01T12:16:19.365+0530][gc,heap     ] GC(6) Survivor regions: 2->6(7)
[2026-01-01T12:16:19.365+0530][gc,heap     ] GC(6) Old regions: 15->15
[2026-01-01T12:16:19.365+0530][gc,heap     ] GC(6) Archive regions: 2->2
[2026-01-01T12:16:19.365+0530][gc,heap     ] GC(6) Humongous regions: 153->129
[2026-01-01T12:16:19.365+0530][gc,metaspace] GC(6) Metaspace: 40079K(40512K)->40079K(40512K) NonClass: 35507K(35712K)->35507K(35712K) Class: 4571K(4800K)->4571K(4800K)
[2026-01-01T12:16:19.365+0530][gc          ] GC(6) Pause Young (Normal) (G1 Evacuation Pause) 218M->149M(1024M) 10.351ms
[2026-01-01T12:16:19.365+0530][gc,cpu      ] GC(6) User=0.03s Sys=0.00s Real=0.01s
[2026-01-01T12:19:29.371+0530][gc,start    ] GC(7) Pause Young (Normal) (G1 Evacuation Pause)
[2026-01-01T12:19:29.371+0530][gc,task     ] GC(7) Using 8 workers of 8 for evacuation
[2026-01-01T12:19:29.376+0530][gc,phases   ] GC(7)   Pre Evacuate Collection Set: 0.2ms
[2026-01-01T12:19:29.376+0530][gc,phases   ] GC(7)   Merge Heap Roots: 0.1ms
[2026-01-01T12:19:29.376+0530][gc,phases   ] GC(7)   Evacuate Collection Set: 3.6ms
[2026-01-01T12:19:29.376+0530][gc,phases   ] GC(7)   Post Evacuate Collection Set: 0.5ms
[2026-01-01T12:19:29.376+0530][gc,phases   ] GC(7)   Other: 0.3ms
[2026-01-01T12:19:29.376+0530][gc,heap     ] GC(7) Eden regions: 45->0(48)
[2026-01-01T12:19:29.376+0530][gc,heap     ] GC(7) Survivor regions: 6->3(7)
[2026-01-01T12:19:29.376+0530][gc,heap     ] GC(7) Old regions: 15->17
[2026-01-01T12:19:29.376+0530][gc,heap     ] GC(7) Archive regions: 2->2
[2026-01-01T12:19:29.376+0530][gc,heap     ] GC(7) Humongous regions: 129->129
[2026-01-01T12:19:29.376+0530][gc,metaspace] GC(7) Metaspace: 41013K(41472K)->41013K(41472K) NonClass: 36330K(36608K)->36330K(36608K) Class: 4683K(4864K)->4683K(4864K)
[2026-01-01T12:19:29.376+0530][gc          ] GC(7) Pause Young (Normal) (G1 Evacuation Pause) 194M->148M(1024M) 4.949ms
[2026-01-01T12:19:29.376+0530][gc,cpu      ] GC(7) User=0.02s Sys=0.00s Real=0.00s
[2026-01-01T12:23:48.079+0530][gc,start    ] GC(8) Pause Young (Normal) (G1 Evacuation Pause)
[2026-01-01T12:23:48.079+0530][gc,task     ] GC(8) Using 8 workers of 8 for evacuation
[2026-01-01T12:23:48.081+0530][gc,phases   ] GC(8)   Pre Evacuate Collection Set: 0.1ms
[2026-01-01T12:23:48.081+0530][gc,phases   ] GC(8)   Merge Heap Roots: 0.1ms
[2026-01-01T12:23:48.081+0530][gc,phases   ] GC(8)   Evacuate Collection Set: 1.5ms
[2026-01-01T12:23:48.081+0530][gc,phases   ] GC(8)   Post Evacuate Collection Set: 0.2ms
[2026-01-01T12:23:48.081+0530][gc,phases   ] GC(8)   Other: 0.1ms
[2026-01-01T12:23:48.081+0530][gc,heap     ] GC(8) Eden regions: 48->0(47)
[2026-01-01T12:23:48.081+0530][gc,heap     ] GC(8) Survivor regions: 3->4(7)
[2026-01-01T12:23:48.081+0530][gc,heap     ] GC(8) Old regions: 17->17
[2026-01-01T12:23:48.081+0530][gc,heap     ] GC(8) Archive regions: 2->2
[2026-01-01T12:23:48.081+0530][gc,heap     ] GC(8) Humongous regions: 129->129
[2026-01-01T12:23:48.081+0530][gc,metaspace] GC(8) Metaspace: 41193K(41600K)->41193K(41600K) NonClass: 36509K(36736K)->36509K(36736K) Class: 4684K(4864K)->4684K(4864K)
[2026-01-01T12:23:48.081+0530][gc          ] GC(8) Pause Young (Normal) (G1 Evacuation Pause) 196M->150M(1024M) 2.091ms
[2026-01-01T12:23:48.081+0530][gc,cpu      ] GC(8) User=0.01s Sys=0.00s Real=0.01s
[2026-01-01T12:28:16.318+0530][gc,start    ] GC(9) Pause Young (Normal) (G1 Evacuation Pause)
[2026-01-01T12:28:16.318+0530][gc,task     ] GC(9) Using 8 workers of 8 for evacuation
[2026-01-01T12:28:16.329+0530][gc,phases   ] GC(9)   Pre Evacuate Collection Set: 0.4ms
[2026-01-01T12:28:16.329+0530][gc,phases   ] GC(9)   Merge Heap Roots: 0.1ms
[2026-01-01T12:28:16.329+0530][gc,phases   ] GC(9)   Evacuate Collection Set: 9.6ms
[2026-01-01T12:28:16.329+0530][gc,phases   ] GC(9)   Post Evacuate Collection Set: 0.3ms
[2026-01-01T12:28:16.329+0530][gc,phases   ] GC(9)   Other: 0.4ms
[2026-01-01T12:28:16.329+0530][gc,heap     ] GC(9) Eden regions: 47->0(48)
[2026-01-01T12:28:16.329+0530][gc,heap     ] GC(9) Survivor regions: 4->6(7)
[2026-01-01T12:28:16.329+0530][gc,heap     ] GC(9) Old regions: 17->17
[2026-01-01T12:28:16.329+0530][gc,heap     ] GC(9) Archive regions: 2->2
[2026-01-01T12:28:16.329+0530][gc,heap     ] GC(9) Humongous regions: 129->129
[2026-01-01T12:28:16.329+0530][gc,metaspace] GC(9) Metaspace: 41239K(41664K)->41239K(41664K) NonClass: 36551K(36800K)->36551K(36800K) Class: 4688K(4864K)->4688K(4864K)
[2026-01-01T12:28:16.329+0530][gc          ] GC(9) Pause Young (Normal) (G1 Evacuation Pause) 197M->152M(1024M) 10.926ms
[2026-01-01T12:28:16.329+0530][gc,cpu      ] GC(9) User=0.04s Sys=0.00s Real=0.01s
[2026-01-01T12:32:59.576+0530][gc,start    ] GC(10) Pause Young (Normal) (G1 Evacuation Pause)
[2026-01-01T12:32:59.577+0530][gc,task     ] GC(10) Using 8 workers of 8 for evacuation
[2026-01-01T12:32:59.585+0530][gc,phases   ] GC(10)   Pre Evacuate Collection Set: 0.2ms
[2026-01-01T12:32:59.585+0530][gc,phases   ] GC(10)   Merge Heap Roots: 0.1ms
[2026-01-01T12:32:59.585+0530][gc,phases   ] GC(10)   Evacuate Collection Set: 7.4ms
[2026-01-01T12:32:59.585+0530][gc,phases   ] GC(10)   Post Evacuate Collection Set: 0.2ms
[2026-01-01T12:32:59.585+0530][gc,phases   ] GC(10)   Other: 1.0ms
[2026-01-01T12:32:59.585+0530][gc,heap     ] GC(10) Eden regions: 48->0(80)
[2026-01-01T12:32:59.585+0530][gc,heap     ] GC(10) Survivor regions: 6->5(7)
[2026-01-01T12:32:59.585+0530][gc,heap     ] GC(10) Old regions: 17->20
[2026-01-01T12:32:59.585+0530][gc,heap     ] GC(10) Archive regions: 2->2
[2026-01-01T12:32:59.585+0530][gc,heap     ] GC(10) Humongous regions: 129->129
[2026-01-01T12:32:59.585+0530][gc,metaspace] GC(10) Metaspace: 41308K(41792K)->41308K(41792K) NonClass: 36610K(36864K)->36610K(36864K) Class: 4698K(4928K)->4698K(4928K)
[2026-01-01T12:32:59.585+0530][gc          ] GC(10) Pause Young (Normal) (G1 Evacuation Pause) 200M->154M(1024M) 8.969ms
[2026-01-01T12:32:59.585+0530][gc,cpu      ] GC(10) User=0.02s Sys=0.00s Real=0.01s
[2026-01-01T12:41:00.181+0530][gc,start    ] GC(11) Pause Young (Normal) (G1 Evacuation Pause)
[2026-01-01T12:41:00.182+0530][gc,task     ] GC(11) Using 8 workers of 8 for evacuation
[2026-01-01T12:41:00.190+0530][gc,phases   ] GC(11)   Pre Evacuate Collection Set: 0.3ms
[2026-01-01T12:41:00.190+0530][gc,phases   ] GC(11)   Merge Heap Roots: 0.1ms
[2026-01-01T12:41:00.190+0530][gc,phases   ] GC(11)   Evacuate Collection Set: 7.5ms
[2026-01-01T12:41:00.190+0530][gc,phases   ] GC(11)   Post Evacuate Collection Set: 0.3ms
[2026-01-01T12:41:00.190+0530][gc,phases   ] GC(11)   Other: 1.4ms
[2026-01-01T12:41:00.190+0530][gc,heap     ] GC(11) Eden regions: 80->0(84)
[2026-01-01T12:41:00.190+0530][gc,heap     ] GC(11) Survivor regions: 5->8(11)
[2026-01-01T12:41:00.190+0530][gc,heap     ] GC(11) Old regions: 20->20
[2026-01-01T12:41:00.190+0530][gc,heap     ] GC(11) Archive regions: 2->2
[2026-01-01T12:41:00.190+0530][gc,heap     ] GC(11) Humongous regions: 129->129
[2026-01-01T12:41:00.190+0530][gc,metaspace] GC(11) Metaspace: 41367K(41856K)->41367K(41856K) NonClass: 36669K(36928K)->36669K(36928K) Class: 4698K(4928K)->4698K(4928K)
[2026-01-01T12:41:00.190+0530][gc          ] GC(11) Pause Young (Normal) (G1 Evacuation Pause) 234M->156M(1024M) 9.783ms
[2026-01-01T12:41:00.190+0530][gc,cpu      ] GC(11) User=0.04s Sys=0.01s Real=0.01s
[2026-01-01T12:49:37.673+0530][gc,start    ] GC(12) Pause Young (Normal) (G1 Evacuation Pause)
[2026-01-01T12:49:37.673+0530][gc,task     ] GC(12) Using 8 workers of 8 for evacuation
[2026-01-01T12:49:37.684+0530][gc,phases   ] GC(12)   Pre Evacuate Collection Set: 0.3ms
[2026-01-01T12:49:37.684+0530][gc,phases   ] GC(12)   Merge Heap Roots: 0.1ms
[2026-01-01T12:49:37.684+0530][gc,phases   ] GC(12)   Evacuate Collection Set: 9.8ms
[2026-01-01T12:49:37.684+0530][gc,phases   ] GC(12)   Post Evacuate Collection Set: 0.4ms
[2026-01-01T12:49:37.684+0530][gc,phases   ] GC(12)   Other: 0.4ms
[2026-01-01T12:49:37.684+0530][gc,heap     ] GC(12) Eden regions: 84->0(93)
[2026-01-01T12:49:37.684+0530][gc,heap     ] GC(12) Survivor regions: 8->10(12)
[2026-01-01T12:49:37.684+0530][gc,heap     ] GC(12) Old regions: 20->22
[2026-01-01T12:49:37.684+0530][gc,heap     ] GC(12) Archive regions: 2->2
[2026-01-01T12:49:37.684+0530][gc,heap     ] GC(12) Humongous regions: 129->129
[2026-01-01T12:49:37.684+0530][gc,metaspace] GC(12) Metaspace: 41389K(41856K)->41389K(41856K) NonClass: 36691K(36928K)->36691K(36928K) Class: 4698K(4928K)->4698K(4928K)
[2026-01-01T12:49:37.684+0530][gc          ] GC(12) Pause Young (Normal) (G1 Evacuation Pause) 240M->160M(1024M) 11.144ms
[2026-01-01T12:49:37.684+0530][gc,cpu      ] GC(12) User=0.05s Sys=0.01s Real=0.01s
[2026-01-01T13:16:38.936+0530][gc,start    ] GC(13) Pause Young (Normal) (G1 Evacuation Pause)
[2026-01-01T13:16:38.937+0530][gc,task     ] GC(13) Using 8 workers of 8 for evacuation
[2026-01-01T13:16:38.948+0530][gc,phases   ] GC(13)   Pre Evacuate Collection Set: 0.2ms
[2026-01-01T13:16:38.948+0530][gc,phases   ] GC(13)   Merge Heap Roots: 0.1ms
[2026-01-01T13:16:38.948+0530][gc,phases   ] GC(13)   Evacuate Collection Set: 10.4ms
[2026-01-01T13:16:38.948+0530][gc,phases   ] GC(13)   Post Evacuate Collection Set: 0.4ms
[2026-01-01T13:16:38.948+0530][gc,phases   ] GC(13)   Other: 1.2ms
[2026-01-01T13:16:38.948+0530][gc,heap     ] GC(13) Eden regions: 92->0(98)
[2026-01-01T13:16:38.948+0530][gc,heap     ] GC(13) Survivor regions: 10->9(13)
[2026-01-01T13:16:38.948+0530][gc,heap     ] GC(13) Old regions: 22->26
[2026-01-01T13:16:38.948+0530][gc,heap     ] GC(13) Archive regions: 2->2
[2026-01-01T13:16:38.948+0530][gc,heap     ] GC(13) Humongous regions: 129->129
[2026-01-01T13:16:38.948+0530][gc,metaspace] GC(13) Metaspace: 41436K(41920K)->41436K(41920K) NonClass: 36738K(36992K)->36738K(36992K) Class: 4698K(4928K)->4698K(4928K)
[2026-01-01T13:16:38.948+0530][gc          ] GC(13) Pause Young (Normal) (G1 Evacuation Pause) 252M->164M(1024M) 12.453ms
[2026-01-01T13:16:38.948+0530][gc,cpu      ] GC(13) User=0.05s Sys=0.01s Real=0.01s
[2026-01-01T13:26:44.266+0530][gc,start    ] GC(14) Pause Young (Normal) (G1 Evacuation Pause)
[2026-01-01T13:26:44.266+0530][gc,task     ] GC(14) Using 8 workers of 8 for evacuation
[2026-01-01T13:26:44.277+0530][gc,phases   ] GC(14)   Pre Evacuate Collection Set: 0.3ms
[2026-01-01T13:26:44.277+0530][gc,phases   ] GC(14)   Merge Heap Roots: 0.1ms
[2026-01-01T13:26:44.277+0530][gc,phases   ] GC(14)   Evacuate Collection Set: 9.5ms
[2026-01-01T13:26:44.277+0530][gc,phases   ] GC(14)   Post Evacuate Collection Set: 0.4ms
[2026-01-01T13:26:44.277+0530][gc,phases   ] GC(14)   Other: 0.5ms
[2026-01-01T13:26:44.277+0530][gc,heap     ] GC(14) Eden regions: 98->0(544)
[2026-01-01T13:26:44.277+0530][gc,heap     ] GC(14) Survivor regions: 9->8(14)
[2026-01-01T13:26:44.277+0530][gc,heap     ] GC(14) Old regions: 26->29
[2026-01-01T13:26:44.277+0530][gc,heap     ] GC(14) Archive regions: 2->2
[2026-01-01T13:26:44.277+0530][gc,heap     ] GC(14) Humongous regions: 129->129
[2026-01-01T13:26:44.277+0530][gc,metaspace] GC(14) Metaspace: 41456K(41920K)->41456K(41920K) NonClass: 36758K(36992K)->36758K(36992K) Class: 4698K(4928K)->4698K(4928K)
[2026-01-01T13:26:44.277+0530][gc          ] GC(14) Pause Young (Normal) (G1 Evacuation Pause) 262M->166M(1024M) 11.002ms
[2026-01-01T13:26:44.277+0530][gc,cpu      ] GC(14) User=0.05s Sys=0.00s Real=0.01s
[2026-01-01T14:23:07.584+0530][gc,start    ] GC(15) Pause Young (Normal) (G1 Evacuation Pause)
[2026-01-01T14:23:07.585+0530][gc,task     ] GC(15) Using 8 workers of 8 for evacuation
[2026-01-01T14:23:07.606+0530][gc,phases   ] GC(15)   Pre Evacuate Collection Set: 0.7ms
[2026-01-01T14:23:07.606+0530][gc,phases   ] GC(15)   Merge Heap Roots: 0.2ms
[2026-01-01T14:23:07.606+0530][gc,phases   ] GC(15)   Evacuate Collection Set: 18.4ms
[2026-01-01T14:23:07.606+0530][gc,phases   ] GC(15)   Post Evacuate Collection Set: 0.8ms
[2026-01-01T14:23:07.606+0530][gc,phases   ] GC(15)   Other: 1.9ms
[2026-01-01T14:23:07.606+0530][gc,heap     ] GC(15) Eden regions: 544->0(206)
[2026-01-01T14:23:07.606+0530][gc,heap     ] GC(15) Survivor regions: 8->13(69)
[2026-01-01T14:23:07.606+0530][gc,heap     ] GC(15) Old regions: 29->29
[2026-01-01T14:23:07.606+0530][gc,heap     ] GC(15) Archive regions: 2->2
[2026-01-01T14:23:07.606+0530][gc,heap     ] GC(15) Humongous regions: 129->129
[2026-01-01T14:23:07.606+0530][gc,metaspace] GC(15) Metaspace: 41541K(42048K)->41541K(42048K) NonClass: 36840K(37120K)->36840K(37120K) Class: 4701K(4928K)->4701K(4928K)
[2026-01-01T14:23:07.606+0530][gc          ] GC(15) Pause Young (Normal) (G1 Evacuation Pause) 710M->171M(1024M) 22.182ms
[2026-01-01T14:23:07.606+0530][gc,cpu      ] GC(15) User=0.05s Sys=0.05s Real=0.02s
[2026-01-01T14:44:17.528+0530][gc,start    ] GC(16) Pause Young (Normal) (G1 Evacuation Pause)
[2026-01-01T14:44:17.529+0530][gc,task     ] GC(16) Using 8 workers of 8 for evacuation
[2026-01-01T14:44:17.544+0530][gc,phases   ] GC(16)   Pre Evacuate Collection Set: 0.6ms
[2026-01-01T14:44:17.544+0530][gc,phases   ] GC(16)   Merge Heap Roots: 0.2ms
[2026-01-01T14:44:17.544+0530][gc,phases   ] GC(16)   Evacuate Collection Set: 12.6ms
[2026-01-01T14:44:17.544+0530][gc,phases   ] GC(16)   Post Evacuate Collection Set: 0.5ms
[2026-01-01T14:44:17.544+0530][gc,phases   ] GC(16)   Other: 1.5ms
[2026-01-01T14:44:17.544+0530][gc,heap     ] GC(16) Eden regions: 206->0(65)
[2026-01-01T14:44:17.544+0530][gc,heap     ] GC(16) Survivor regions: 13->13(28)
[2026-01-01T14:44:17.544+0530][gc,heap     ] GC(16) Old regions: 29->29
[2026-01-01T14:44:17.544+0530][gc,heap     ] GC(16) Archive regions: 2->2
[2026-01-01T14:44:17.544+0530][gc,heap     ] GC(16) Humongous regions: 129->129
[2026-01-01T14:44:17.544+0530][gc,metaspace] GC(16) Metaspace: 41557K(42048K)->41557K(42048K) NonClass: 36856K(37120K)->36856K(37120K) Class: 4701K(4928K)->4701K(4928K)
[2026-01-01T14:44:17.544+0530][gc          ] GC(16) Pause Young (Normal) (G1 Evacuation Pause) 377M->171M(1024M) 15.903ms
[2026-01-01T14:44:17.544+0530][gc,cpu      ] GC(16) User=0.04s Sys=0.03s Real=0.02s
[2026-01-01T14:50:54.084+0530][gc,start    ] GC(17) Pause Young (Normal) (G1 Evacuation Pause)
[2026-01-01T14:50:54.085+0530][gc,task     ] GC(17) Using 8 workers of 8 for evacuation
[2026-01-01T14:50:54.095+0530][gc,phases   ] GC(17)   Pre Evacuate Collection Set: 0.3ms
[2026-01-01T14:50:54.095+0530][gc,phases   ] GC(17)   Merge Heap Roots: 0.1ms
[2026-01-01T14:50:54.095+0530][gc,phases   ] GC(17)   Evacuate Collection Set: 8.9ms
[2026-01-01T14:50:54.095+0530][gc,phases   ] GC(17)   Post Evacuate Collection Set: 0.3ms
[2026-01-01T14:50:54.095+0530][gc,phases   ] GC(17)   Other: 1.3ms
[2026-01-01T14:50:54.095+0530][gc,heap     ] GC(17) Eden regions: 65->0(609)
[2026-01-01T14:50:54.095+0530][gc,heap     ] GC(17) Survivor regions: 13->5(10)
[2026-01-01T14:50:54.095+0530][gc,heap     ] GC(17) Old regions: 29->36
[2026-01-01T14:50:54.095+0530][gc,heap     ] GC(17) Archive regions: 2->2
[2026-01-01T14:50:54.095+0530][gc,heap     ] GC(17) Humongous regions: 129->129
[2026-01-01T14:50:54.095+0530][gc,metaspace] GC(17) Metaspace: 41559K(42048K)->41559K(42048K) NonClass: 36858K(37120K)->36858K(37120K) Class: 4701K(4928K)->4701K(4928K)
[2026-01-01T14:50:54.095+0530][gc          ] GC(17) Pause Young (Normal) (G1 Evacuation Pause) 236M->170M(1024M) 11.115ms
[2026-01-01T14:50:54.095+0530][gc,cpu      ] GC(17) User=0.03s Sys=0.01s Real=0.01s
[2026-01-01T19:46:25.765+0530][gc,start    ] GC(18) Pause Young (Normal) (G1 Evacuation Pause)
[2026-01-01T19:46:25.767+0530][gc,task     ] GC(18) Using 8 workers of 8 for evacuation
[2026-01-01T19:46:25.775+0530][gc,phases   ] GC(18)   Pre Evacuate Collection Set: 0.6ms
[2026-01-01T19:46:25.775+0530][gc,phases   ] GC(18)   Merge Heap Roots: 0.2ms
[2026-01-01T19:46:25.775+0530][gc,phases   ] GC(18)   Evacuate Collection Set: 6.6ms
[2026-01-01T19:46:25.775+0530][gc,phases   ] GC(18)   Post Evacuate Collection Set: 0.9ms
[2026-01-01T19:46:25.775+0530][gc,phases   ] GC(18)   Other: 1.9ms
[2026-01-01T19:46:25.775+0530][gc,heap     ] GC(18) Eden regions: 609->0(609)
[2026-01-01T19:46:25.776+0530][gc,heap     ] GC(18) Survivor regions: 5->5(77)
[2026-01-01T19:46:25.776+0530][gc,heap     ] GC(18) Old regions: 36->36
[2026-01-01T19:46:25.776+0530][gc,heap     ] GC(18) Archive regions: 2->2
[2026-01-01T19:46:25.776+0530][gc,heap     ] GC(18) Humongous regions: 129->129
[2026-01-01T19:46:25.776+0530][gc,metaspace] GC(18) Metaspace: 41564K(42048K)->41564K(42048K) NonClass: 36862K(37120K)->36862K(37120K) Class: 4701K(4928K)->4701K(4928K)
[2026-01-01T19:46:25.776+0530][gc          ] GC(18) Pause Young (Normal) (G1 Evacuation Pause) 779M->170M(1024M) 10.493ms
[2026-01-01T19:46:25.776+0530][gc,cpu      ] GC(18) User=0.03s Sys=0.02s Real=0.01s
