[2025-12-28T10:22:27.450+0530][gc] Using G1
[2025-12-28T10:22:27.451+0530][gc,init] Version: 17.0.15+0 (release)
[2025-12-28T10:22:27.451+0530][gc,init] CPUs: 8 total, 8 available
[2025-12-28T10:22:27.451+0530][gc,init] Memory: 16384M
[2025-12-28T10:22:27.451+0530][gc,init] Large Page Support: Disabled
[2025-12-28T10:22:27.451+0530][gc,init] NUMA Support: Disabled
[2025-12-28T10:22:27.451+0530][gc,init] Compressed Oops: Enabled (Zero based)
[2025-12-28T10:22:27.451+0530][gc,init] Heap Region Size: 1M
[2025-12-28T10:22:27.451+0530][gc,init] Heap Min Capacity: 1G
[2025-12-28T10:22:27.451+0530][gc,init] Heap Initial Capacity: 1G
[2025-12-28T10:22:27.451+0530][gc,init] Heap Max Capacity: 1G
[2025-12-28T10:22:27.451+0530][gc,init] Pre-touch: Disabled
[2025-12-28T10:22:27.451+0530][gc,init] Parallel Workers: 8
[2025-12-28T10:22:27.451+0530][gc,init] Concurrent Workers: 2
[2025-12-28T10:22:27.451+0530][gc,init] Concurrent Refinement Workers: 8
[2025-12-28T10:22:27.451+0530][gc,init] Periodic GC: Disabled
[2025-12-28T10:22:27.454+0530][gc,metaspace] CDS archive(s) mapped at: [0x000000d800000000-0x000000d800bc0000-0x000000d800bc0000), size 12320768, SharedBaseAddress: 0x000000d800000000, ArchiveRelocationMode: 1.
[2025-12-28T10:22:27.455+0530][gc,metaspace] Compressed class space mapped at: 0x000000d801000000-0x000000d841000000, reserved size: 1073741824
[2025-12-28T10:22:27.455+0530][gc,metaspace] Narrow klass base: 0x000000d800000000, Narrow klass shift: 0, Narrow klass range: 0x100000000
[2025-12-28T10:22:28.057+0530][gc,start    ] GC(0) Pause Young (Normal) (G1 Evacuation Pause)
[2025-12-28T10:22:28.057+0530][gc,task     ] GC(0) Using 8 workers of 8 for evacuation
[2025-12-28T10:22:28.059+0530][gc,phases   ] GC(0)   Pre Evacuate Collection Set: 0.1ms
[2025-12-28T10:22:28.059+0530][gc,phases   ] GC(0)   Merge Heap Roots: 0.0ms
[2025-12-28T10:22:28.059+0530][gc,phases   ] GC(0)   Evacuate Collection Set: 2.2ms
[2025-12-28T10:22:28.059+0530][gc,phases   ] GC(0)   Post Evacuate Collection Set: 0.2ms
[2025-12-28T10:22:28.059+0530][gc,phases   ] GC(0)   Other: 0.2ms
[2025-12-28T10:22:28.059+0530][gc,heap     ] GC(0) Eden regions: 51->0(44)
[2025-12-28T10:22:28.059+0530][gc,heap     ] GC(0) Survivor regions: 0->7(7)
[2025-12-28T10:22:28.059+0530][gc,heap     ] GC(0) Old regions: 0->1
[2025-12-28T10:22:28.059+0530][gc,heap     ] GC(0) Archive regions: 2->2
[2025-12-28T10:22:28.059+0530][gc,heap     ] GC(0) Humongous regions: 0->0
[2025-12-28T10:22:28.059+0530][gc,metaspace] GC(0) Metaspace: 17453K(17664K)->17453K(17664K) NonClass: 15322K(15424K)->15322K(15424K) Class: 2130K(2240K)->2130K(2240K)
[2025-12-28T10:22:28.059+0530][gc          ] GC(0) Pause Young (Normal) (G1 Evacuation Pause) 51M->8M(1024M) 2.892ms
[2025-12-28T10:22:28.059+0530][gc,cpu      ] GC(0) User=0.02s Sys=0.01s Real=0.00s
[2025-12-28T10:22:28.215+0530][gc,start    ] GC(1) Pause Young (Concurrent Start) (Metadata GC Threshold)
[2025-12-28T10:22:28.215+0530][gc,task     ] GC(1) Using 8 workers of 8 for evacuation
[2025-12-28T10:22:28.218+0530][gc,phases   ] GC(1)   Pre Evacuate Collection Set: 0.1ms
[2025-12-28T10:22:28.218+0530][gc,phases   ] GC(1)   Merge Heap Roots: 0.0ms
[2025-12-28T10:22:28.218+0530][gc,phases   ] GC(1)   Evacuate Collection Set: 2.0ms
[2025-12-28T10:22:28.218+0530][gc,phases   ] GC(1)   Post Evacuate Collection Set: 0.2ms
[2025-12-28T10:22:28.218+0530][gc,phases   ] GC(1)   Other: 0.1ms
[2025-12-28T10:22:28.218+0530][gc,heap     ] GC(1) Eden regions: 17->0(48)
[2025-12-28T10:22:28.218+0530][gc,heap     ] GC(1) Survivor regions: 7->3(7)
[2025-12-28T10:22:28.218+0530][gc,heap     ] GC(1) Old regions: 1->8
[2025-12-28T10:22:28.218+0530][gc,heap     ] GC(1) Archive regions: 2->2
[2025-12-28T10:22:28.218+0530][gc,heap     ] GC(1) Humongous regions: 129->129
[2025-12-28T10:22:28.218+0530][gc,metaspace] GC(1) Metaspace: 21288K(21504K)->21288K(21504K) NonClass: 18690K(18816K)->18690K(18816K) Class: 2597K(2688K)->2597K(2688K)
[2025-12-28T10:22:28.218+0530][gc          ] GC(1) Pause Young (Concurrent Start) (Metadata GC Threshold) 153M->139M(1024M) 2.570ms
[2025-12-28T10:22:28.218+0530][gc,cpu      ] GC(1) User=0.02s Sys=0.00s Real=0.00s
[2025-12-28T10:22:28.218+0530][gc          ] GC(2) Concurrent Mark Cycle
[2025-12-28T10:22:28.218+0530][gc,marking  ] GC(2) Concurrent Clear Claimed Marks
[2025-12-28T10:22:28.218+0530][gc,marking  ] GC(2) Concurrent Clear Claimed Marks 0.014ms
[2025-12-28T10:22:28.218+0530][gc,marking  ] GC(2) Concurrent Scan Root Regions
[2025-12-28T10:22:28.219+0530][gc,marking  ] GC(2) Concurrent Scan Root Regions 1.467ms
[2025-12-28T10:22:28.220+0530][gc,marking  ] GC(2) Concurrent Mark
[2025-12-28T10:22:28.220+0530][gc,marking  ] GC(2) Concurrent Mark From Roots
[2025-12-28T10:22:28.220+0530][gc,task     ] GC(2) Using 2 workers of 2 for marking
[2025-12-28T10:22:28.220+0530][gc,marking  ] GC(2) Concurrent Mark From Roots 0.922ms
[2025-12-28T10:22:28.220+0530][gc,marking  ] GC(2) Concurrent Preclean
[2025-12-28T10:22:28.220+0530][gc,marking  ] GC(2) Concurrent Preclean 0.013ms
[2025-12-28T10:22:28.221+0530][gc,start    ] GC(2) Pause Remark
[2025-12-28T10:22:28.221+0530][gc          ] GC(2) Pause Remark 140M->140M(1024M) 0.896ms
[2025-12-28T10:22:28.221+0530][gc,cpu      ] GC(2) User=0.01s Sys=0.00s Real=0.00s
[2025-12-28T10:22:28.221+0530][gc,marking  ] GC(2) Concurrent Mark 1.921ms
[2025-12-28T10:22:28.221+0530][gc,marking  ] GC(2) Concurrent Rebuild Remembered Sets
[2025-12-28T10:22:28.221+0530][gc,marking  ] GC(2) Concurrent Rebuild Remembered Sets 0.006ms
[2025-12-28T10:22:28.221+0530][gc,start    ] GC(2) Pause Cleanup
[2025-12-28T10:22:28.222+0530][gc          ] GC(2) Pause Cleanup 140M->140M(1024M) 0.007ms
[2025-12-28T10:22:28.222+0530][gc,cpu      ] GC(2) User=0.00s Sys=0.00s Real=0.00s
[2025-12-28T10:22:28.222+0530][gc,marking  ] GC(2) Concurrent Cleanup for Next Mark
[2025-12-28T10:22:28.223+0530][gc,marking  ] GC(2) Concurrent Cleanup for Next Mark 1.340ms
[2025-12-28T10:22:28.223+0530][gc          ] GC(2) Concurrent Mark Cycle 5.107ms
[2025-12-28T10:22:28.499+0530][gc,start    ] GC(3) Pause Young (Normal) (G1 Evacuation Pause)
[2025-12-28T10:22:28.499+0530][gc,task     ] GC(3) Using 8 workers of 8 for evacuation
[2025-12-28T10:22:28.501+0530][gc,phases   ] GC(3)   Pre Evacuate Collection Set: 0.1ms
[2025-12-28T10:22:28.501+0530][gc,phases   ] GC(3)   Merge Heap Roots: 0.0ms
[2025-12-28T10:22:28.501+0530][gc,phases   ] GC(3)   Evacuate Collection Set: 2.1ms
[2025-12-28T10:22:28.501+0530][gc,phases   ] GC(3)   Post Evacuate Collection Set: 0.2ms
[2025-12-28T10:22:28.501+0530][gc,phases   ] GC(3)   Other: 0.1ms
[2025-12-28T10:22:28.501+0530][gc,heap     ] GC(3) Eden regions: 48->0(44)
[2025-12-28T10:22:28.501+0530][gc,heap     ] GC(3) Survivor regions: 3->7(7)
[2025-12-28T10:22:28.501+0530][gc,heap     ] GC(3) Old regions: 8->8
[2025-12-28T10:22:28.501+0530][gc,heap     ] GC(3) Archive regions: 2->2
[2025-12-28T10:22:28.501+0530][gc,heap     ] GC(3) Humongous regions: 129->129
[2025-12-28T10:22:28.501+0530][gc,metaspace] GC(3) Metaspace: 32403K(32704K)->32403K(32704K) NonClass: 28809K(28992K)->28809K(28992K) Class: 3593K(3712K)->3593K(3712K)
[2025-12-28T10:22:28.501+0530][gc          ] GC(3) Pause Young (Normal) (G1 Evacuation Pause) 187M->144M(1024M) 2.520ms
[2025-12-28T10:22:28.501+0530][gc,cpu      ] GC(3) User=0.02s Sys=0.00s Real=0.01s
[2025-12-28T10:22:28.658+0530][gc,start    ] GC(4) Pause Young (Concurrent Start) (Metadata GC Threshold)
[2025-12-28T10:22:28.658+0530][gc,task     ] GC(4) Using 8 workers of 8 for evacuation
[2025-12-28T10:22:28.660+0530][gc,phases   ] GC(4)   Pre Evacuate Collection Set: 0.1ms
[2025-12-28T10:22:28.660+0530][gc,phases   ] GC(4)   Merge Heap Roots: 0.0ms
[2025-12-28T10:22:28.660+0530][gc,phases   ] GC(4)   Evacuate Collection Set: 2.1ms
[2025-12-28T10:22:28.660+0530][gc,phases   ] GC(4)   Post Evacuate Collection Set: 0.2ms
[2025-12-28T10:22:28.660+0530][gc,phases   ] GC(4)   Other: 0.1ms
[2025-12-28T10:22:28.660+0530][gc,heap     ] GC(4) Eden regions: 14->0(49)
[2025-12-28T10:22:28.660+0530][gc,heap     ] GC(4) Survivor regions: 7->2(7)
[2025-12-28T10:22:28.660+0530][gc,heap     ] GC(4) Old regions: 8->15
[2025-12-28T10:22:28.660+0530][gc,heap     ] GC(4) Archive regions: 2->2
[2025-12-28T10:22:28.660+0530][gc,heap     ] GC(4) Humongous regions: 129->129
[2025-12-28T10:22:28.660+0530][gc,metaspace] GC(4) Metaspace: 35713K(35968K)->35713K(35968K) NonClass: 31671K(31808K)->31671K(31808K) Class: 4041K(4160K)->4041K(4160K)
[2025-12-28T10:22:28.660+0530][gc          ] GC(4) Pause Young (Concurrent Start) (Metadata GC Threshold) 158M->145M(1024M) 2.641ms
[2025-12-28T10:22:28.660+0530][gc,cpu      ] GC(4) User=0.01s Sys=0.00s Real=0.01s
[2025-12-28T10:22:28.660+0530][gc          ] GC(5) Concurrent Mark Cycle
[2025-12-28T10:22:28.660+0530][gc,marking  ] GC(5) Concurrent Clear Claimed Marks
[2025-12-28T10:22:28.660+0530][gc,marking  ] GC(5) Concurrent Clear Claimed Marks 0.011ms
[2025-12-28T10:22:28.660+0530][gc,marking  ] GC(5) Concurrent Scan Root Regions
[2025-12-28T10:22:28.662+0530][gc,marking  ] GC(5) Concurrent Scan Root Regions 1.958ms
[2025-12-28T10:22:28.662+0530][gc,marking  ] GC(5) Concurrent Mark
[2025-12-28T10:22:28.662+0530][gc,marking  ] GC(5) Concurrent Mark From Roots
[2025-12-28T10:22:28.662+0530][gc,task     ] GC(5) Using 2 workers of 2 for marking
[2025-12-28T10:22:28.665+0530][gc,marking  ] GC(5) Concurrent Mark From Roots 2.959ms
[2025-12-28T10:22:28.665+0530][gc,marking  ] GC(5) Concurrent Preclean
[2025-12-28T10:22:28.665+0530][gc,marking  ] GC(5) Concurrent Preclean 0.030ms
[2025-12-28T10:22:28.665+0530][gc,start    ] GC(5) Pause Remark
[2025-12-28T10:22:28.666+0530][gc          ] GC(5) Pause Remark 145M->145M(1024M) 0.762ms
[2025-12-28T10:22:28.666+0530][gc,cpu      ] GC(5) User=0.01s Sys=0.00s Real=0.00s
[2025-12-28T10:22:28.666+0530][gc,marking  ] GC(5) Concurrent Mark 3.879ms
[2025-12-28T10:22:28.666+0530][gc,marking  ] GC(5) Concurrent Rebuild Remembered Sets
[2025-12-28T10:22:28.670+0530][gc,marking  ] GC(5) Concurrent Rebuild Remembered Sets 3.946ms
[2025-12-28T10:22:28.670+0530][gc,start    ] GC(5) Pause Cleanup
[2025-12-28T10:22:28.670+0530][gc          ] GC(5) Pause Cleanup 146M->146M(1024M) 0.104ms
[2025-12-28T10:22:28.670+0530][gc,cpu      ] GC(5) User=0.00s Sys=0.00s Real=0.00s
[2025-12-28T10:22:28.670+0530][gc,marking  ] GC(5) Concurrent Cleanup for Next Mark
[2025-12-28T10:22:28.671+0530][gc,marking  ] GC(5) Concurrent Cleanup for Next Mark 1.177ms
[2025-12-28T10:22:28.672+0530][gc          ] GC(5) Concurrent Mark Cycle 11.262ms
[2025-12-28T10:32:49.419+0530][gc,start    ] GC(6) Pause Young (Prepare Mixed) (G1 Evacuation Pause)
[2025-12-28T10:32:49.420+0530][gc,task     ] GC(6) Using 8 workers of 8 for evacuation
[2025-12-28T10:32:49.423+0530][gc,phases   ] GC(6)   Pre Evacuate Collection Set: 0.1ms
[2025-12-28T10:32:49.423+0530][gc,phases   ] GC(6)   Merge Heap Roots: 0.0ms
[2025-12-28T10:32:49.423+0530][gc,phases   ] GC(6)   Evacuate Collection Set: 2.5ms
[2025-12-28T10:32:49.423+0530][gc,phases   ] GC(6)   Post Evacuate Collection Set: 0.3ms
[2025-12-28T10:32:49.423+0530][gc,phases   ] GC(6)   Other: 0.3ms
[2025-12-28T10:32:49.423+0530][gc,heap     ] GC(6) Eden regions: 49->0(46)
[2025-12-28T10:32:49.423+0530][gc,heap     ] GC(6) Survivor regions: 2->5(7)
[2025-12-28T10:32:49.423+0530][gc,heap     ] GC(6) Old regions: 15->15
[2025-12-28T10:32:49.423+0530][gc,heap     ] GC(6) Archive regions: 2->2
[2025-12-28T10:32:49.423+0530][gc,heap     ] GC(6) Humongous regions: 129->129
[2025-12-28T10:32:49.423+0530][gc,metaspace] GC(6) Metaspace: 41985K(42496K)->41985K(42496K) NonClass: 36966K(37248K)->36966K(37248K) Class: 5018K(5248K)->5018K(5248K)
[2025-12-28T10:32:49.423+0530][gc          ] GC(6) Pause Young (Prepare Mixed) (G1 Evacuation Pause) 194M->148M(1024M) 3.354ms
[2025-12-28T10:32:49.423+0530][gc,cpu      ] GC(6) User=0.02s Sys=0.01s Real=0.01s
[2025-12-28T10:34:56.565+0530][gc,start    ] GC(7) Pause Young (Mixed) (G1 Evacuation Pause)
[2025-12-28T10:34:56.567+0530][gc,task     ] GC(7) Using 8 workers of 8 for evacuation
[2025-12-28T10:34:56.576+0530][gc,phases   ] GC(7)   Pre Evacuate Collection Set: 0.3ms
[2025-12-28T10:34:56.576+0530][gc,phases   ] GC(7)   Merge Heap Roots: 0.2ms
[2025-12-28T10:34:56.576+0530][gc,phases   ] GC(7)   Evacuate Collection Set: 8.4ms
[2025-12-28T10:34:56.576+0530][gc,phases   ] GC(7)   Post Evacuate Collection Set: 0.6ms
[2025-12-28T10:34:56.576+0530][gc,phases   ] GC(7)   Other: 1.5ms
[2025-12-28T10:34:56.576+0530][gc,heap     ] GC(7) Eden regions: 46->0(45)
[2025-12-28T10:34:56.576+0530][gc,heap     ] GC(7) Survivor regions: 5->6(7)
[2025-12-28T10:34:56.576+0530][gc,heap     ] GC(7) Old regions: 15->15
[2025-12-28T10:34:56.576+0530][gc,heap     ] GC(7) Archive regions: 2->2
[2025-12-28T10:34:56.576+0530][gc,heap     ] GC(7) Humongous regions: 129->129
[2025-12-28T10:34:56.576+0530][gc,metaspace] GC(7) Metaspace: 43786K(44352K)->43786K(44352K) NonClass: 38491K(38848K)->38491K(38848K) Class: 5294K(5504K)->5294K(5504K)
[2025-12-28T10:34:56.576+0530][gc          ] GC(7) Pause Young (Mixed) (G1 Evacuation Pause) 194M->150M(1024M) 11.125ms
[2025-12-28T10:34:56.577+0530][gc,cpu      ] GC(7) User=0.04s Sys=0.01s Real=0.01s
[2025-12-28T10:39:00.856+0530][gc,start    ] GC(8) Pause Young (Normal) (G1 Evacuation Pause)
[2025-12-28T10:39:00.856+0530][gc,task     ] GC(8) Using 8 workers of 8 for evacuation
[2025-12-28T10:39:00.864+0530][gc,phases   ] GC(8)   Pre Evacuate Collection Set: 0.3ms
[2025-12-28T10:39:00.864+0530][gc,phases   ] GC(8)   Merge Heap Roots: 0.1ms
[2025-12-28T10:39:00.864+0530][gc,phases   ] GC(8)   Evacuate Collection Set: 6.9ms
[2025-12-28T10:39:00.864+0530][gc,phases   ] GC(8)   Post Evacuate Collection Set: 0.4ms
[2025-12-28T10:39:00.864+0530][gc,phases   ] GC(8)   Other: 0.3ms
[2025-12-28T10:39:00.864+0530][gc,heap     ] GC(8) Eden regions: 45->0(47)
[2025-12-28T10:39:00.864+0530][gc,heap     ] GC(8) Survivor regions: 6->4(7)
[2025-12-28T10:39:00.864+0530][gc,heap     ] GC(8) Old regions: 15->17
[2025-12-28T10:39:00.864+0530][gc,heap     ] GC(8) Archive regions: 2->2
[2025-12-28T10:39:00.864+0530][gc,heap     ] GC(8) Humongous regions: 129->129
[2025-12-28T10:39:00.864+0530][gc,metaspace] GC(8) Metaspace: 43885K(44416K)->43885K(44416K) NonClass: 38589K(38912K)->38589K(38912K) Class: 5296K(5504K)->5296K(5504K)
[2025-12-28T10:39:00.864+0530][gc          ] GC(8) Pause Young (Normal) (G1 Evacuation Pause) 195M->150M(1024M) 8.238ms
[2025-12-28T10:39:00.864+0530][gc,cpu      ] GC(8) User=0.03s Sys=0.00s Real=0.01s
[2025-12-28T10:43:26.138+0530][gc,start    ] GC(9) Pause Young (Normal) (G1 Evacuation Pause)
[2025-12-28T10:43:26.139+0530][gc,task     ] GC(9) Using 8 workers of 8 for evacuation
[2025-12-28T10:43:26.146+0530][gc,phases   ] GC(9)   Pre Evacuate Collection Set: 0.2ms
[2025-12-28T10:43:26.146+0530][gc,phases   ] GC(9)   Merge Heap Roots: 0.1ms
[2025-12-28T10:43:26.146+0530][gc,phases   ] GC(9)   Evacuate Collection Set: 6.2ms
[2025-12-28T10:43:26.146+0530][gc,phases   ] GC(9)   Post Evacuate Collection Set: 0.5ms
[2025-12-28T10:43:26.146+0530][gc,phases   ] GC(9)   Other: 0.6ms
[2025-12-28T10:43:26.146+0530][gc,heap     ] GC(9) Eden regions: 47->0(47)
[2025-12-28T10:43:26.146+0530][gc,heap     ] GC(9) Survivor regions: 4->6(7)
[2025-12-28T10:43:26.146+0530][gc,heap     ] GC(9) Old regions: 17->17
[2025-12-28T10:43:26.146+0530][gc,heap     ] GC(9) Archive regions: 2->2
[2025-12-28T10:43:26.146+0530][gc,heap     ] GC(9) Humongous regions: 129->129
[2025-12-28T10:43:26.146+0530][gc,metaspace] GC(9) Metaspace: 44014K(44608K)->44014K(44608K) NonClass: 38700K(39040K)->38700K(39040K) Class: 5314K(5568K)->5314K(5568K)
[2025-12-28T10:43:26.146+0530][gc          ] GC(9) Pause Young (Normal) (G1 Evacuation Pause) 197M->151M(1024M) 7.886ms
[2025-12-28T10:43:26.146+0530][gc,cpu      ] GC(9) User=0.03s Sys=0.00s Real=0.01s
[2025-12-28T10:47:58.694+0530][gc,start    ] GC(10) Pause Young (Normal) (G1 Evacuation Pause)
[2025-12-28T10:47:58.695+0530][gc,task     ] GC(10) Using 8 workers of 8 for evacuation
[2025-12-28T10:47:58.702+0530][gc,phases   ] GC(10)   Pre Evacuate Collection Set: 0.3ms
[2025-12-28T10:47:58.702+0530][gc,phases   ] GC(10)   Merge Heap Roots: 0.1ms
[2025-12-28T10:47:58.702+0530][gc,phases   ] GC(10)   Evacuate Collection Set: 5.9ms
[2025-12-28T10:47:58.702+0530][gc,phases   ] GC(10)   Post Evacuate Collection Set: 0.6ms
[2025-12-28T10:47:58.702+0530][gc,phases   ] GC(10)   Other: 1.2ms
[2025-12-28T10:47:58.702+0530][gc,heap     ] GC(10) Eden regions: 47->0(68)
[2025-12-28T10:47:58.702+0530][gc,heap     ] GC(10) Survivor regions: 6->6(7)
[2025-12-28T10:47:58.702+0530][gc,heap     ] GC(10) Old regions: 17->19
[2025-12-28T10:47:58.702+0530][gc,heap     ] GC(10) Archive regions: 2->2
[2025-12-28T10:47:58.702+0530][gc,heap     ] GC(10) Humongous regions: 129->129
[2025-12-28T10:47:58.702+0530][gc,metaspace] GC(10) Metaspace: 44030K(44608K)->44030K(44608K) NonClass: 38715K(39040K)->38715K(39040K) Class: 5314K(5568K)->5314K(5568K)
[2025-12-28T10:47:58.702+0530][gc          ] GC(10) Pause Young (Normal) (G1 Evacuation Pause) 198M->153M(1024M) 8.115ms
[2025-12-28T10:47:58.702+0530][gc,cpu      ] GC(10) User=0.02s Sys=0.01s Real=0.01s
[2025-12-28T10:54:40.932+0530][gc,start    ] GC(11) Pause Young (Normal) (G1 Evacuation Pause)
[2025-12-28T10:54:40.932+0530][gc,task     ] GC(11) Using 8 workers of 8 for evacuation
[2025-12-28T10:54:40.941+0530][gc,phases   ] GC(11)   Pre Evacuate Collection Set: 0.2ms
[2025-12-28T10:54:40.941+0530][gc,phases   ] GC(11)   Merge Heap Roots: 0.1ms
[2025-12-28T10:54:40.941+0530][gc,phases   ] GC(11)   Evacuate Collection Set: 8.3ms
[2025-12-28T10:54:40.941+0530][gc,phases   ] GC(11)   Post Evacuate Collection Set: 0.4ms
[2025-12-28T10:54:40.941+0530][gc,phases   ] GC(11)   Other: 0.3ms
[2025-12-28T10:54:40.941+0530][gc,heap     ] GC(11) Eden regions: 68->0(77)
[2025-12-28T10:54:40.941+0530][gc,heap     ] GC(11) Survivor regions: 6->9(10)
[2025-12-28T10:54:40.941+0530][gc,heap     ] GC(11) Old regions: 19->20
[2025-12-28T10:54:40.941+0530][gc,heap     ] GC(11) Archive regions: 2->2
[2025-12-28T10:54:40.941+0530][gc,heap     ] GC(11) Humongous regions: 129->129
[2025-12-28T10:54:40.941+0530][gc,metaspace] GC(11) Metaspace: 44055K(44672K)->44055K(44672K) NonClass: 38741K(39104K)->38741K(39104K) Class: 5314K(5568K)->5314K(5568K)
[2025-12-28T10:54:40.941+0530][gc          ] GC(11) Pause Young (Normal) (G1 Evacuation Pause) 221M->157M(1024M) 9.538ms
[2025-12-28T10:54:40.941+0530][gc,cpu      ] GC(11) User=0.03s Sys=0.01s Real=0.01s
[2025-12-28T11:02:08.521+0530][gc,start    ] GC(12) Pause Young (Normal) (G1 Evacuation Pause)
[2025-12-28T11:02:08.521+0530][gc,task     ] GC(12) Using 8 workers of 8 for evacuation
[2025-12-28T11:02:08.527+0530][gc,phases   ] GC(12)   Pre Evacuate Collection Set: 0.1ms
[2025-12-28T11:02:08.527+0530][gc,phases   ] GC(12)   Merge Heap Roots: 0.1ms
[2025-12-28T11:02:08.527+0530][gc,phases   ] GC(12)   Evacuate Collection Set: 5.5ms
[2025-12-28T11:02:08.527+0530][gc,phases   ] GC(12)   Post Evacuate Collection Set: 0.3ms
[2025-12-28T11:02:08.527+0530][gc,phases   ] GC(12)   Other: 0.2ms
[2025-12-28T11:02:08.527+0530][gc,heap     ] GC(12) Eden regions: 74->0(99)
[2025-12-28T11:02:08.527+0530][gc,heap     ] GC(12) Survivor regions: 9->8(11)
[2025-12-28T11:02:08.527+0530][gc,heap     ] GC(12) Old regions: 20->23
[2025-12-28T11:02:08.527+0530][gc,heap     ] GC(12) Archive regions: 2->2
[2025-12-28T11:02:08.527+0530][gc,heap     ] GC(12) Humongous regions: 129->129
[2025-12-28T11:02:08.527+0530][gc,metaspace] GC(12) Metaspace: 44080K(44672K)->44080K(44672K) NonClass: 38765K(39104K)->38765K(39104K) Class: 5314K(5568K)->5314K(5568K)
[2025-12-28T11:02:08.527+0530][gc          ] GC(12) Pause Young (Normal) (G1 Evacuation Pause) 231M->160M(1024M) 6.453ms
[2025-12-28T11:02:08.527+0530][gc,cpu      ] GC(12) User=0.03s Sys=0.00s Real=0.00s
[2025-12-28T11:12:10.663+0530][gc,start    ] GC(13) Pause Young (Normal) (G1 Evacuation Pause)
[2025-12-28T11:12:10.664+0530][gc,task     ] GC(13) Using 8 workers of 8 for evacuation
[2025-12-28T11:12:10.673+0530][gc,phases   ] GC(13)   Pre Evacuate Collection Set: 0.3ms
[2025-12-28T11:12:10.673+0530][gc,phases   ] GC(13)   Merge Heap Roots: 0.1ms
[2025-12-28T11:12:10.673+0530][gc,phases   ] GC(13)   Evacuate Collection Set: 7.6ms
[2025-12-28T11:12:10.673+0530][gc,phases   ] GC(13)   Post Evacuate Collection Set: 0.4ms
[2025-12-28T11:12:10.673+0530][gc,phases   ] GC(13)   Other: 1.6ms
[2025-12-28T11:12:10.673+0530][gc,heap     ] GC(13) Eden regions: 99->0(106)
[2025-12-28T11:12:10.673+0530][gc,heap     ] GC(13) Survivor regions: 8->10(14)
[2025-12-28T11:12:10.673+0530][gc,heap     ] GC(13) Old regions: 23->23
[2025-12-28T11:12:10.673+0530][gc,heap     ] GC(13) Archive regions: 2->2
[2025-12-28T11:12:10.673+0530][gc,heap     ] GC(13) Humongous regions: 129->129
[2025-12-28T11:12:10.673+0530][gc,metaspace] GC(13) Metaspace: 44125K(44672K)->44125K(44672K) NonClass: 38811K(39104K)->38811K(39104K) Class: 5314K(5568K)->5314K(5568K)
[2025-12-28T11:12:10.673+0530][gc          ] GC(13) Pause Young (Normal) (G1 Evacuation Pause) 259M->161M(1024M) 10.146ms
[2025-12-28T11:12:10.673+0530][gc,cpu      ] GC(13) User=0.05s Sys=0.00s Real=0.01s
[2025-12-28T11:22:44.211+0530][gc,start    ] GC(14) Pause Young (Normal) (G1 Evacuation Pause)
[2025-12-28T11:22:44.212+0530][gc,task     ] GC(14) Using 8 workers of 8 for evacuation
[2025-12-28T11:22:44.224+0530][gc,phases   ] GC(14)   Pre Evacuate Collection Set: 0.3ms
[2025-12-28T11:22:44.224+0530][gc,phases   ] GC(14)   Merge Heap Roots: 0.1ms
[2025-12-28T11:22:44.224+0530][gc,phases   ] GC(14)   Evacuate Collection Set: 11.1ms
[2025-12-28T11:22:44.224+0530][gc,phases   ] GC(14)   Post Evacuate Collection Set: 0.5ms
[2025-12-28T11:22:44.225+0530][gc,phases   ] GC(14)   Other: 1.3ms
[2025-12-28T11:22:44.225+0530][gc,heap     ] GC(14) Eden regions: 106->0(218)
[2025-12-28T11:22:44.225+0530][gc,heap     ] GC(14) Survivor regions: 10->14(15)
[2025-12-28T11:22:44.225+0530][gc,heap     ] GC(14) Old regions: 23->25
[2025-12-28T11:22:44.225+0530][gc,heap     ] GC(14) Archive regions: 2->2
[2025-12-28T11:22:44.225+0530][gc,heap     ] GC(14) Humongous regions: 129->129
[2025-12-28T11:22:44.225+0530][gc,metaspace] GC(14) Metaspace: 44193K(44736K)->44193K(44736K) NonClass: 38875K(39168K)->38875K(39168K) Class: 5317K(5568K)->5317K(5568K)
[2025-12-28T11:22:44.225+0530][gc          ] GC(14) Pause Young (Normal) (G1 Evacuation Pause) 267M->168M(1024M) 13.442ms
[2025-12-28T11:22:44.225+0530][gc,cpu      ] GC(14) User=0.06s Sys=0.01s Real=0.01s
[2025-12-28T11:44:57.181+0530][gc,start    ] GC(15) Pause Young (Normal) (G1 Evacuation Pause)
[2025-12-28T11:44:57.182+0530][gc,task     ] GC(15) Using 8 workers of 8 for evacuation
[2025-12-28T11:44:57.198+0530][gc,phases   ] GC(15)   Pre Evacuate Collection Set: 0.3ms
[2025-12-28T11:44:57.198+0530][gc,phases   ] GC(15)   Merge Heap Roots: 0.1ms
[2025-12-28T11:44:57.198+0530][gc,phases   ] GC(15)   Evacuate Collection Set: 15.3ms
[2025-12-28T11:44:57.198+0530][gc,phases   ] GC(15)   Post Evacuate Collection Set: 0.5ms
[2025-12-28T11:44:57.198+0530][gc,phases   ] GC(15)   Other: 1.2ms
[2025-12-28T11:44:57.198+0530][gc,heap     ] GC(15) Eden regions: 218->0(47)
[2025-12-28T11:44:57.198+0530][gc,heap     ] GC(15) Survivor regions: 14->15(29)
[2025-12-28T11:44:57.198+0530][gc,heap     ] GC(15) Old regions: 25->25
[2025-12-28T11:44:57.198+0530][gc,heap     ] GC(15) Archive regions: 2->2
[2025-12-28T11:44:57.198+0530][gc,heap     ] GC(15) Humongous regions: 129->129
[2025-12-28T11:44:57.198+0530][gc,metaspace] GC(15) Metaspace: 44243K(44864K)->44243K(44864K) NonClass: 38925K(39296K)->38925K(39296K) Class: 5318K(5568K)->5318K(5568K)
[2025-12-28T11:44:57.198+0530][gc          ] GC(15) Pause Young (Normal) (G1 Evacuation Pause) 386M->169M(1024M) 17.545ms
[2025-12-28T11:44:57.198+0530][gc,cpu      ] GC(15) User=0.05s Sys=0.03s Real=0.01s
[2025-12-28T11:49:35.394+0530][gc,start    ] GC(16) Pause Young (Normal) (G1 Evacuation Pause)
[2025-12-28T11:49:35.396+0530][gc,task     ] GC(16) Using 8 workers of 8 for evacuation
[2025-12-28T11:49:35.406+0530][gc,phases   ] GC(16)   Pre Evacuate Collection Set: 0.4ms
[2025-12-28T11:49:35.406+0530][gc,phases   ] GC(16)   Merge Heap Roots: 0.1ms
[2025-12-28T11:49:35.406+0530][gc,phases   ] GC(16)   Evacuate Collection Set: 8.9ms
[2025-12-28T11:49:35.406+0530][gc,phases   ] GC(16)   Post Evacuate Collection Set: 0.4ms
[2025-12-28T11:49:35.406+0530][gc,phases   ] GC(16)   Other: 1.5ms
[2025-12-28T11:49:35.406+0530][gc,heap     ] GC(16) Eden regions: 47->0(611)
[2025-12-28T11:49:35.406+0530][gc,heap     ] GC(16) Survivor regions: 15->3(8)
[2025-12-28T11:49:35.406+0530][gc,heap     ] GC(16) Old regions: 25->35
[2025-12-28T11:49:35.406+0530][gc,heap     ] GC(16) Archive regions: 2->2
[2025-12-28T11:49:35.406+0530][gc,heap     ] GC(16) Humongous regions: 129->129
[2025-12-28T11:49:35.406+0530][gc,metaspace] GC(16) Metaspace: 44265K(44864K)->44265K(44864K) NonClass: 38946K(39296K)->38946K(39296K) Class: 5318K(5568K)->5318K(5568K)
[2025-12-28T11:49:35.406+0530][gc          ] GC(16) Pause Young (Normal) (G1 Evacuation Pause) 216M->167M(1024M) 11.487ms
[2025-12-28T11:49:35.406+0530][gc,cpu      ] GC(16) User=0.05s Sys=0.01s Real=0.01s
[2025-12-28T12:52:18.099+0530][gc,start    ] GC(17) Pause Young (Normal) (G1 Evacuation Pause)
[2025-12-28T12:52:18.100+0530][gc,task     ] GC(17) Using 8 workers of 8 for evacuation
[2025-12-28T12:52:18.105+0530][gc,phases   ] GC(17)   Pre Evacuate Collection Set: 0.3ms
[2025-12-28T12:52:18.105+0530][gc,phases   ] GC(17)   Merge Heap Roots: 0.1ms
[2025-12-28T12:52:18.105+0530][gc,phases   ] GC(17)   Evacuate Collection Set: 3.4ms
[2025-12-28T12:52:18.105+0530][gc,phases   ] GC(17)   Post Evacuate Collection Set: 0.6ms
[2025-12-28T12:52:18.105+0530][gc,phases   ] GC(17)   Other: 1.6ms
[2025-12-28T12:52:18.105+0530][gc,heap     ] GC(17) Eden regions: 611->0(609)
[2025-12-28T12:52:18.105+0530][gc,heap     ] GC(17) Survivor regions: 3->5(77)
[2025-12-28T12:52:18.105+0530][gc,heap     ] GC(17) Old regions: 35->35
[2025-12-28T12:52:18.105+0530][gc,heap     ] GC(17) Archive regions: 2->2
[2025-12-28T12:52:18.105+0530][gc,heap     ] GC(17) Humongous regions: 129->129
[2025-12-28T12:52:18.105+0530][gc,metaspace] GC(17) Metaspace: 44307K(44864K)->44307K(44864K) NonClass: 38988K(39296K)->38988K(39296K) Class: 5318K(5568K)->5318K(5568K)
[2025-12-28T12:52:18.105+0530][gc          ] GC(17) Pause Young (Normal) (G1 Evacuation Pause) 778M->168M(1024M) 6.139ms
[2025-12-28T12:52:18.105+0530][gc,cpu      ] GC(17) User=0.03s Sys=0.00s Real=0.01s
[2025-12-28T13:55:03.735+0530][gc,start    ] GC(18) Pause Young (Normal) (G1 Evacuation Pause)
[2025-12-28T13:55:03.736+0530][gc,task     ] GC(18) Using 8 workers of 8 for evacuation
[2025-12-28T13:55:03.743+0530][gc,phases   ] GC(18)   Pre Evacuate Collection Set: 0.5ms
[2025-12-28T13:55:03.743+0530][gc,phases   ] GC(18)   Merge Heap Roots: 0.3ms
[2025-12-28T13:55:03.743+0530][gc,phases   ] GC(18)   Evacuate Collection Set: 5.7ms
[2025-12-28T13:55:03.743+0530][gc,phases   ] GC(18)   Post Evacuate Collection Set: 0.7ms
[2025-12-28T13:55:03.743+0530][gc,phases   ] GC(18)   Other: 1.4ms
[2025-12-28T13:55:03.744+0530][gc,heap     ] GC(18) Eden regions: 609->0(610)
[2025-12-28T13:55:03.744+0530][gc,heap     ] GC(18) Survivor regions: 5->4(77)
[2025-12-28T13:55:03.744+0530][gc,heap     ] GC(18) Old regions: 35->35
[2025-12-28T13:55:03.744+0530][gc,heap     ] GC(18) Archive regions: 2->2
[2025-12-28T13:55:03.744+0530][gc,heap     ] GC(18) Humongous regions: 129->129
[2025-12-28T13:55:03.744+0530][gc,metaspace] GC(18) Metaspace: 44322K(44928K)->44322K(44928K) NonClass: 39003K(39360K)->39003K(39360K) Class: 5318K(5568K)->5318K(5568K)
[2025-12-28T13:55:03.744+0530][gc          ] GC(18) Pause Young (Normal) (G1 Evacuation Pause) 777M->168M(1024M) 8.817ms
[2025-12-28T13:55:03.744+0530][gc,cpu      ] GC(18) User=0.03s Sys=0.00s Real=0.01s
[2025-12-28T14:57:50.275+0530][gc,start    ] GC(19) Pause Young (Normal) (G1 Evacuation Pause)
[2025-12-28T14:57:50.276+0530][gc,task     ] GC(19) Using 8 workers of 8 for evacuation
[2025-12-28T14:57:50.282+0530][gc,phases   ] GC(19)   Pre Evacuate Collection Set: 0.4ms
[2025-12-28T14:57:50.283+0530][gc,phases   ] GC(19)   Merge Heap Roots: 0.2ms
[2025-12-28T14:57:50.283+0530][gc,phases   ] GC(19)   Evacuate Collection Set: 4.9ms
[2025-12-28T14:57:50.283+0530][gc,phases   ] GC(19)   Post Evacuate Collection Set: 0.7ms
[2025-12-28T14:57:50.283+0530][gc,phases   ] GC(19)   Other: 1.5ms
[2025-12-28T14:57:50.283+0530][gc,heap     ] GC(19) Eden regions: 610->0(610)
[2025-12-28T14:57:50.283+0530][gc,heap     ] GC(19) Survivor regions: 4->4(77)
[2025-12-28T14:57:50.283+0530][gc,heap     ] GC(19) Old regions: 35->35
[2025-12-28T14:57:50.283+0530][gc,heap     ] GC(19) Archive regions: 2->2
[2025-12-28T14:57:50.283+0530][gc,heap     ] GC(19) Humongous regions: 129->129
[2025-12-28T14:57:50.283+0530][gc,metaspace] GC(19) Metaspace: 44367K(44928K)->44367K(44928K) NonClass: 39048K(39360K)->39048K(39360K) Class: 5318K(5568K)->5318K(5568K)
[2025-12-28T14:57:50.283+0530][gc          ] GC(19) Pause Young (Normal) (G1 Evacuation Pause) 778M->168M(1024M) 8.120ms
[2025-12-28T14:57:50.283+0530][gc,cpu      ] GC(19) User=0.01s Sys=0.01s Real=0.01s
[2025-12-28T21:08:29.711+0530][gc,start    ] GC(20) Pause Young (Normal) (G1 Evacuation Pause)
[2025-12-28T21:08:29.712+0530][gc,task     ] GC(20) Using 8 workers of 8 for evacuation
[2025-12-28T21:08:29.720+0530][gc,phases   ] GC(20)   Pre Evacuate Collection Set: 0.5ms
[2025-12-28T21:08:29.724+0530][gc,phases   ] GC(20)   Merge Heap Roots: 0.2ms
[2025-12-28T21:08:29.724+0530][gc,phases   ] GC(20)   Evacuate Collection Set: 5.9ms
[2025-12-28T21:08:29.724+0530][gc,phases   ] GC(20)   Post Evacuate Collection Set: 1.2ms
[2025-12-28T21:08:29.724+0530][gc,phases   ] GC(20)   Other: 1.5ms
[2025-12-28T21:08:29.724+0530][gc,heap     ] GC(20) Eden regions: 610->0(610)
[2025-12-28T21:08:29.724+0530][gc,heap     ] GC(20) Survivor regions: 4->4(77)
[2025-12-28T21:08:29.724+0530][gc,heap     ] GC(20) Old regions: 35->35
[2025-12-28T21:08:29.724+0530][gc,heap     ] GC(20) Archive regions: 2->2
[2025-12-28T21:08:29.724+0530][gc,heap     ] GC(20) Humongous regions: 129->129
[2025-12-28T21:08:29.724+0530][gc,metaspace] GC(20) Metaspace: 44465K(45056K)->44465K(45056K) NonClass: 39145K(39488K)->39145K(39488K) Class: 5319K(5568K)->5319K(5568K)
[2025-12-28T21:08:29.724+0530][gc          ] GC(20) Pause Young (Normal) (G1 Evacuation Pause) 778M->167M(1024M) 12.695ms
[2025-12-28T21:08:29.724+0530][gc,cpu      ] GC(20) User=0.01s Sys=0.01s Real=0.01s
[2025-12-28T21:19:47.650+0530][gc,heap,exit] Heap
[2025-12-28T21:19:47.650+0530][gc,heap,exit]  garbage-first heap   total 1048576K, used 312813K [0x0000000315000000, 0x0000000355000000)
[2025-12-28T21:19:47.650+0530][gc,heap,exit]   region size 1024K, 142 young (145408K), 4 survivors (4096K)
[2025-12-28T21:19:47.650+0530][gc,heap,exit]  Metaspace       used 45783K, committed 46400K, reserved 1114112K
[2025-12-28T21:19:47.650+0530][gc,heap,exit]   class space    used 5583K, committed 5888K, reserved 1048576K
