[2025-12-28T10:23:11.680+0530][gc] Using G1
[2025-12-28T10:23:11.682+0530][gc,init] Version: 17.0.15+0 (release)
[2025-12-28T10:23:11.682+0530][gc,init] CPUs: 8 total, 8 available
[2025-12-28T10:23:11.682+0530][gc,init] Memory: 16384M
[2025-12-28T10:23:11.682+0530][gc,init] Large Page Support: Disabled
[2025-12-28T10:23:11.682+0530][gc,init] NUMA Support: Disabled
[2025-12-28T10:23:11.682+0530][gc,init] Compressed Oops: Enabled (Zero based)
[2025-12-28T10:23:11.682+0530][gc,init] Heap Region Size: 1M
[2025-12-28T10:23:11.682+0530][gc,init] Heap Min Capacity: 1G
[2025-12-28T10:23:11.682+0530][gc,init] Heap Initial Capacity: 1G
[2025-12-28T10:23:11.682+0530][gc,init] Heap Max Capacity: 1G
[2025-12-28T10:23:11.682+0530][gc,init] Pre-touch: Disabled
[2025-12-28T10:23:11.682+0530][gc,init] Parallel Workers: 8
[2025-12-28T10:23:11.682+0530][gc,init] Concurrent Workers: 2
[2025-12-28T10:23:11.682+0530][gc,init] Concurrent Refinement Workers: 8
[2025-12-28T10:23:11.682+0530][gc,init] Periodic GC: Disabled
[2025-12-28T10:23:11.685+0530][gc,metaspace] CDS archive(s) mapped at: [0x000000f000000000-0x000000f000bc0000-0x000000f000bc0000), size 12320768, SharedBaseAddress: 0x000000f000000000, ArchiveRelocationMode: 1.
[2025-12-28T10:23:11.685+0530][gc,metaspace] Compressed class space mapped at: 0x000000f001000000-0x000000f041000000, reserved size: 1073741824
[2025-12-28T10:23:11.685+0530][gc,metaspace] Narrow klass base: 0x000000f000000000, Narrow klass shift: 0, Narrow klass range: 0x100000000
[2025-12-28T10:23:12.235+0530][gc,start    ] GC(0) Pause Young (Normal) (G1 Evacuation Pause)
[2025-12-28T10:23:12.235+0530][gc,task     ] GC(0) Using 8 workers of 8 for evacuation
[2025-12-28T10:23:12.238+0530][gc,phases   ] GC(0)   Pre Evacuate Collection Set: 0.2ms
[2025-12-28T10:23:12.238+0530][gc,phases   ] GC(0)   Merge Heap Roots: 0.0ms
[2025-12-28T10:23:12.238+0530][gc,phases   ] GC(0)   Evacuate Collection Set: 2.3ms
[2025-12-28T10:23:12.238+0530][gc,phases   ] GC(0)   Post Evacuate Collection Set: 0.2ms
[2025-12-28T10:23:12.238+0530][gc,phases   ] GC(0)   Other: 0.3ms
[2025-12-28T10:23:12.238+0530][gc,heap     ] GC(0) Eden regions: 51->0(44)
[2025-12-28T10:23:12.238+0530][gc,heap     ] GC(0) Survivor regions: 0->7(7)
[2025-12-28T10:23:12.238+0530][gc,heap     ] GC(0) Old regions: 0->1
[2025-12-28T10:23:12.238+0530][gc,heap     ] GC(0) Archive regions: 2->2
[2025-12-28T10:23:12.238+0530][gc,heap     ] GC(0) Humongous regions: 0->0
[2025-12-28T10:23:12.238+0530][gc,metaspace] GC(0) Metaspace: 17534K(17664K)->17534K(17664K) NonClass: 15398K(15488K)->15398K(15488K) Class: 2135K(2176K)->2135K(2176K)
[2025-12-28T10:23:12.238+0530][gc          ] GC(0) Pause Young (Normal) (G1 Evacuation Pause) 51M->8M(1024M) 3.143ms
[2025-12-28T10:23:12.238+0530][gc,cpu      ] GC(0) User=0.01s Sys=0.00s Real=0.00s
[2025-12-28T10:23:12.368+0530][gc,start    ] GC(1) Pause Young (Concurrent Start) (Metadata GC Threshold)
[2025-12-28T10:23:12.368+0530][gc,task     ] GC(1) Using 8 workers of 8 for evacuation
[2025-12-28T10:23:12.371+0530][gc,phases   ] GC(1)   Pre Evacuate Collection Set: 0.1ms
[2025-12-28T10:23:12.371+0530][gc,phases   ] GC(1)   Merge Heap Roots: 0.0ms
[2025-12-28T10:23:12.371+0530][gc,phases   ] GC(1)   Evacuate Collection Set: 2.8ms
[2025-12-28T10:23:12.371+0530][gc,phases   ] GC(1)   Post Evacuate Collection Set: 0.2ms
[2025-12-28T10:23:12.371+0530][gc,phases   ] GC(1)   Other: 0.1ms
[2025-12-28T10:23:12.371+0530][gc,heap     ] GC(1) Eden regions: 16->0(48)
[2025-12-28T10:23:12.371+0530][gc,heap     ] GC(1) Survivor regions: 7->3(7)
[2025-12-28T10:23:12.371+0530][gc,heap     ] GC(1) Old regions: 1->8
[2025-12-28T10:23:12.371+0530][gc,heap     ] GC(1) Archive regions: 2->2
[2025-12-28T10:23:12.371+0530][gc,heap     ] GC(1) Humongous regions: 129->129
[2025-12-28T10:23:12.371+0530][gc,metaspace] GC(1) Metaspace: 21298K(21504K)->21298K(21504K) NonClass: 18700K(18816K)->18700K(18816K) Class: 2598K(2688K)->2598K(2688K)
[2025-12-28T10:23:12.372+0530][gc          ] GC(1) Pause Young (Concurrent Start) (Metadata GC Threshold) 153M->139M(1024M) 3.393ms
[2025-12-28T10:23:12.372+0530][gc,cpu      ] GC(1) User=0.01s Sys=0.01s Real=0.01s
[2025-12-28T10:23:12.372+0530][gc          ] GC(2) Concurrent Mark Cycle
[2025-12-28T10:23:12.372+0530][gc,marking  ] GC(2) Concurrent Clear Claimed Marks
[2025-12-28T10:23:12.372+0530][gc,marking  ] GC(2) Concurrent Clear Claimed Marks 0.016ms
[2025-12-28T10:23:12.372+0530][gc,marking  ] GC(2) Concurrent Scan Root Regions
[2025-12-28T10:23:12.373+0530][gc,marking  ] GC(2) Concurrent Scan Root Regions 1.674ms
[2025-12-28T10:23:12.373+0530][gc,marking  ] GC(2) Concurrent Mark
[2025-12-28T10:23:12.373+0530][gc,marking  ] GC(2) Concurrent Mark From Roots
[2025-12-28T10:23:12.373+0530][gc,task     ] GC(2) Using 2 workers of 2 for marking
[2025-12-28T10:23:12.374+0530][gc,marking  ] GC(2) Concurrent Mark From Roots 0.862ms
[2025-12-28T10:23:12.374+0530][gc,marking  ] GC(2) Concurrent Preclean
[2025-12-28T10:23:12.374+0530][gc,marking  ] GC(2) Concurrent Preclean 0.013ms
[2025-12-28T10:23:12.374+0530][gc,start    ] GC(2) Pause Remark
[2025-12-28T10:23:12.375+0530][gc          ] GC(2) Pause Remark 140M->140M(1024M) 0.966ms
[2025-12-28T10:23:12.375+0530][gc,cpu      ] GC(2) User=0.00s Sys=0.00s Real=0.00s
[2025-12-28T10:23:12.375+0530][gc,marking  ] GC(2) Concurrent Mark 1.940ms
[2025-12-28T10:23:12.375+0530][gc,marking  ] GC(2) Concurrent Rebuild Remembered Sets
[2025-12-28T10:23:12.375+0530][gc,marking  ] GC(2) Concurrent Rebuild Remembered Sets 0.004ms
[2025-12-28T10:23:12.375+0530][gc,start    ] GC(2) Pause Cleanup
[2025-12-28T10:23:12.375+0530][gc          ] GC(2) Pause Cleanup 140M->140M(1024M) 0.006ms
[2025-12-28T10:23:12.375+0530][gc,cpu      ] GC(2) User=0.00s Sys=0.00s Real=0.00s
[2025-12-28T10:23:12.375+0530][gc,marking  ] GC(2) Concurrent Cleanup for Next Mark
[2025-12-28T10:23:12.377+0530][gc,marking  ] GC(2) Concurrent Cleanup for Next Mark 1.496ms
[2025-12-28T10:23:12.377+0530][gc          ] GC(2) Concurrent Mark Cycle 5.293ms
[2025-12-28T10:23:12.658+0530][gc,start    ] GC(3) Pause Young (Normal) (G1 Evacuation Pause)
[2025-12-28T10:23:12.658+0530][gc,task     ] GC(3) Using 8 workers of 8 for evacuation
[2025-12-28T10:23:12.660+0530][gc,phases   ] GC(3)   Pre Evacuate Collection Set: 0.1ms
[2025-12-28T10:23:12.660+0530][gc,phases   ] GC(3)   Merge Heap Roots: 0.0ms
[2025-12-28T10:23:12.660+0530][gc,phases   ] GC(3)   Evacuate Collection Set: 2.0ms
[2025-12-28T10:23:12.660+0530][gc,phases   ] GC(3)   Post Evacuate Collection Set: 0.2ms
[2025-12-28T10:23:12.660+0530][gc,phases   ] GC(3)   Other: 0.1ms
[2025-12-28T10:23:12.660+0530][gc,heap     ] GC(3) Eden regions: 48->0(44)
[2025-12-28T10:23:12.660+0530][gc,heap     ] GC(3) Survivor regions: 3->7(7)
[2025-12-28T10:23:12.660+0530][gc,heap     ] GC(3) Old regions: 8->8
[2025-12-28T10:23:12.660+0530][gc,heap     ] GC(3) Archive regions: 2->2
[2025-12-28T10:23:12.660+0530][gc,heap     ] GC(3) Humongous regions: 129->129
[2025-12-28T10:23:12.660+0530][gc,metaspace] GC(3) Metaspace: 32429K(32704K)->32429K(32704K) NonClass: 28815K(28992K)->28815K(28992K) Class: 3614K(3712K)->3614K(3712K)
[2025-12-28T10:23:12.660+0530][gc          ] GC(3) Pause Young (Normal) (G1 Evacuation Pause) 187M->144M(1024M) 2.405ms
[2025-12-28T10:23:12.660+0530][gc,cpu      ] GC(3) User=0.02s Sys=0.00s Real=0.01s
[2025-12-28T10:23:42.343+0530][gc,start    ] GC(4) Pause Young (Concurrent Start) (Metadata GC Threshold)
[2025-12-28T10:23:42.343+0530][gc,task     ] GC(4) Using 8 workers of 8 for evacuation
[2025-12-28T10:23:42.349+0530][gc,phases   ] GC(4)   Pre Evacuate Collection Set: 0.3ms
[2025-12-28T10:23:42.349+0530][gc,phases   ] GC(4)   Merge Heap Roots: 0.1ms
[2025-12-28T10:23:42.349+0530][gc,phases   ] GC(4)   Evacuate Collection Set: 4.8ms
[2025-12-28T10:23:42.349+0530][gc,phases   ] GC(4)   Post Evacuate Collection Set: 0.4ms
[2025-12-28T10:23:42.349+0530][gc,phases   ] GC(4)   Other: 0.6ms
[2025-12-28T10:23:42.349+0530][gc,heap     ] GC(4) Eden regions: 16->0(49)
[2025-12-28T10:23:42.349+0530][gc,heap     ] GC(4) Survivor regions: 7->2(7)
[2025-12-28T10:23:42.349+0530][gc,heap     ] GC(4) Old regions: 8->15
[2025-12-28T10:23:42.349+0530][gc,heap     ] GC(4) Archive regions: 2->2
[2025-12-28T10:23:42.349+0530][gc,heap     ] GC(4) Humongous regions: 129->129
[2025-12-28T10:23:42.349+0530][gc,metaspace] GC(4) Metaspace: 35672K(35968K)->35672K(35968K) NonClass: 31674K(31808K)->31674K(31808K) Class: 3997K(4160K)->3997K(4160K)
[2025-12-28T10:23:42.349+0530][gc          ] GC(4) Pause Young (Concurrent Start) (Metadata GC Threshold) 159M->145M(1024M) 6.398ms
[2025-12-28T10:23:42.349+0530][gc,cpu      ] GC(4) User=0.02s Sys=0.00s Real=0.00s
[2025-12-28T10:23:42.349+0530][gc          ] GC(5) Concurrent Mark Cycle
[2025-12-28T10:23:42.349+0530][gc,marking  ] GC(5) Concurrent Clear Claimed Marks
[2025-12-28T10:23:42.349+0530][gc,marking  ] GC(5) Concurrent Clear Claimed Marks 0.025ms
[2025-12-28T10:23:42.349+0530][gc,marking  ] GC(5) Concurrent Scan Root Regions
[2025-12-28T10:23:42.354+0530][gc,marking  ] GC(5) Concurrent Scan Root Regions 4.997ms
[2025-12-28T10:23:42.359+0530][gc,marking  ] GC(5) Concurrent Mark
[2025-12-28T10:23:42.359+0530][gc,marking  ] GC(5) Concurrent Mark From Roots
[2025-12-28T10:23:42.359+0530][gc,task     ] GC(5) Using 2 workers of 2 for marking
[2025-12-28T10:23:42.365+0530][gc,marking  ] GC(5) Concurrent Mark From Roots 6.258ms
[2025-12-28T10:23:42.365+0530][gc,marking  ] GC(5) Concurrent Preclean
[2025-12-28T10:23:42.365+0530][gc,marking  ] GC(5) Concurrent Preclean 0.058ms
[2025-12-28T10:23:42.365+0530][gc,start    ] GC(5) Pause Remark
[2025-12-28T10:23:42.367+0530][gc          ] GC(5) Pause Remark 145M->145M(1024M) 1.299ms
[2025-12-28T10:23:42.367+0530][gc,cpu      ] GC(5) User=0.00s Sys=0.00s Real=0.00s
[2025-12-28T10:23:42.367+0530][gc,marking  ] GC(5) Concurrent Mark 7.798ms
[2025-12-28T10:23:42.367+0530][gc,marking  ] GC(5) Concurrent Rebuild Remembered Sets
[2025-12-28T10:23:42.374+0530][gc,marking  ] GC(5) Concurrent Rebuild Remembered Sets 7.512ms
[2025-12-28T10:23:42.374+0530][gc,start    ] GC(5) Pause Cleanup
[2025-12-28T10:23:42.375+0530][gc          ] GC(5) Pause Cleanup 146M->146M(1024M) 0.155ms
[2025-12-28T10:23:42.375+0530][gc,cpu      ] GC(5) User=0.00s Sys=0.00s Real=0.00s
[2025-12-28T10:23:42.375+0530][gc,marking  ] GC(5) Concurrent Cleanup for Next Mark
[2025-12-28T10:23:42.377+0530][gc,marking  ] GC(5) Concurrent Cleanup for Next Mark 1.957ms
[2025-12-28T10:23:42.377+0530][gc          ] GC(5) Concurrent Mark Cycle 27.517ms
[2025-12-28T10:32:51.292+0530][gc,start    ] GC(6) Pause Young (Normal) (G1 Evacuation Pause)
[2025-12-28T10:32:51.292+0530][gc,task     ] GC(6) Using 8 workers of 8 for evacuation
[2025-12-28T10:32:51.296+0530][gc,phases   ] GC(6)   Pre Evacuate Collection Set: 0.1ms
[2025-12-28T10:32:51.297+0530][gc,phases   ] GC(6)   Merge Heap Roots: 0.2ms
[2025-12-28T10:32:51.297+0530][gc,phases   ] GC(6)   Evacuate Collection Set: 3.6ms
[2025-12-28T10:32:51.297+0530][gc,phases   ] GC(6)   Post Evacuate Collection Set: 0.7ms
[2025-12-28T10:32:51.297+0530][gc,phases   ] GC(6)   Other: 0.3ms
[2025-12-28T10:32:51.297+0530][gc,heap     ] GC(6) Eden regions: 49->0(46)
[2025-12-28T10:32:51.297+0530][gc,heap     ] GC(6) Survivor regions: 2->5(7)
[2025-12-28T10:32:51.297+0530][gc,heap     ] GC(6) Old regions: 15->15
[2025-12-28T10:32:51.297+0530][gc,heap     ] GC(6) Archive regions: 2->2
[2025-12-28T10:32:51.297+0530][gc,heap     ] GC(6) Humongous regions: 129->129
[2025-12-28T10:32:51.297+0530][gc,metaspace] GC(6) Metaspace: 40740K(41216K)->40740K(41216K) NonClass: 36088K(36352K)->36088K(36352K) Class: 4652K(4864K)->4652K(4864K)
[2025-12-28T10:32:51.297+0530][gc          ] GC(6) Pause Young (Normal) (G1 Evacuation Pause) 194M->148M(1024M) 5.001ms
[2025-12-28T10:32:51.297+0530][gc,cpu      ] GC(6) User=0.01s Sys=0.00s Real=0.00s
[2025-12-28T10:36:28.707+0530][gc,start    ] GC(7) Pause Young (Normal) (G1 Evacuation Pause)
[2025-12-28T10:36:28.708+0530][gc,task     ] GC(7) Using 8 workers of 8 for evacuation
[2025-12-28T10:36:28.716+0530][gc,phases   ] GC(7)   Pre Evacuate Collection Set: 0.4ms
[2025-12-28T10:36:28.716+0530][gc,phases   ] GC(7)   Merge Heap Roots: 0.1ms
[2025-12-28T10:36:28.716+0530][gc,phases   ] GC(7)   Evacuate Collection Set: 6.6ms
[2025-12-28T10:36:28.716+0530][gc,phases   ] GC(7)   Post Evacuate Collection Set: 0.5ms
[2025-12-28T10:36:28.716+0530][gc,phases   ] GC(7)   Other: 1.5ms
[2025-12-28T10:36:28.716+0530][gc,heap     ] GC(7) Eden regions: 46->0(47)
[2025-12-28T10:36:28.716+0530][gc,heap     ] GC(7) Survivor regions: 5->4(7)
[2025-12-28T10:36:28.716+0530][gc,heap     ] GC(7) Old regions: 15->18
[2025-12-28T10:36:28.716+0530][gc,heap     ] GC(7) Archive regions: 2->2
[2025-12-28T10:36:28.716+0530][gc,heap     ] GC(7) Humongous regions: 129->129
[2025-12-28T10:36:28.716+0530][gc,metaspace] GC(7) Metaspace: 41149K(41664K)->41149K(41664K) NonClass: 36446K(36736K)->36446K(36736K) Class: 4702K(4928K)->4702K(4928K)
[2025-12-28T10:36:28.716+0530][gc          ] GC(7) Pause Young (Normal) (G1 Evacuation Pause) 194M->150M(1024M) 9.158ms
[2025-12-28T10:36:28.716+0530][gc,cpu      ] GC(7) User=0.03s Sys=0.00s Real=0.01s
[2025-12-28T10:40:48.300+0530][gc,start    ] GC(8) Pause Young (Normal) (G1 Evacuation Pause)
[2025-12-28T10:40:48.301+0530][gc,task     ] GC(8) Using 8 workers of 8 for evacuation
[2025-12-28T10:40:48.309+0530][gc,phases   ] GC(8)   Pre Evacuate Collection Set: 0.2ms
[2025-12-28T10:40:48.310+0530][gc,phases   ] GC(8)   Merge Heap Roots: 0.1ms
[2025-12-28T10:40:48.310+0530][gc,phases   ] GC(8)   Evacuate Collection Set: 7.1ms
[2025-12-28T10:40:48.310+0530][gc,phases   ] GC(8)   Post Evacuate Collection Set: 0.4ms
[2025-12-28T10:40:48.310+0530][gc,phases   ] GC(8)   Other: 1.2ms
[2025-12-28T10:40:48.310+0530][gc,heap     ] GC(8) Eden regions: 47->0(46)
[2025-12-28T10:40:48.310+0530][gc,heap     ] GC(8) Survivor regions: 4->5(7)
[2025-12-28T10:40:48.310+0530][gc,heap     ] GC(8) Old regions: 18->18
[2025-12-28T10:40:48.310+0530][gc,heap     ] GC(8) Archive regions: 2->2
[2025-12-28T10:40:48.310+0530][gc,heap     ] GC(8) Humongous regions: 129->129
[2025-12-28T10:40:48.310+0530][gc,metaspace] GC(8) Metaspace: 41216K(41728K)->41216K(41728K) NonClass: 36512K(36800K)->36512K(36800K) Class: 4703K(4928K)->4703K(4928K)
[2025-12-28T10:40:48.310+0530][gc          ] GC(8) Pause Young (Normal) (G1 Evacuation Pause) 197M->151M(1024M) 9.213ms
[2025-12-28T10:40:48.310+0530][gc,cpu      ] GC(8) User=0.02s Sys=0.01s Real=0.01s
[2025-12-28T10:45:10.466+0530][gc,start    ] GC(9) Pause Young (Normal) (G1 Evacuation Pause)
[2025-12-28T10:45:10.467+0530][gc,task     ] GC(9) Using 8 workers of 8 for evacuation
[2025-12-28T10:45:10.476+0530][gc,phases   ] GC(9)   Pre Evacuate Collection Set: 0.4ms
[2025-12-28T10:45:10.476+0530][gc,phases   ] GC(9)   Merge Heap Roots: 0.1ms
[2025-12-28T10:45:10.476+0530][gc,phases   ] GC(9)   Evacuate Collection Set: 7.0ms
[2025-12-28T10:45:10.476+0530][gc,phases   ] GC(9)   Post Evacuate Collection Set: 0.5ms
[2025-12-28T10:45:10.476+0530][gc,phases   ] GC(9)   Other: 1.6ms
[2025-12-28T10:45:10.476+0530][gc,heap     ] GC(9) Eden regions: 46->0(46)
[2025-12-28T10:45:10.476+0530][gc,heap     ] GC(9) Survivor regions: 5->6(7)
[2025-12-28T10:45:10.476+0530][gc,heap     ] GC(9) Old regions: 18->19
[2025-12-28T10:45:10.476+0530][gc,heap     ] GC(9) Archive regions: 2->2
[2025-12-28T10:45:10.476+0530][gc,heap     ] GC(9) Humongous regions: 129->129
[2025-12-28T10:45:10.476+0530][gc,metaspace] GC(9) Metaspace: 41283K(41792K)->41283K(41792K) NonClass: 36577K(36864K)->36577K(36864K) Class: 4705K(4928K)->4705K(4928K)
[2025-12-28T10:45:10.476+0530][gc          ] GC(9) Pause Young (Normal) (G1 Evacuation Pause) 197M->153M(1024M) 9.822ms
[2025-12-28T10:45:10.476+0530][gc,cpu      ] GC(9) User=0.03s Sys=0.00s Real=0.01s
[2025-12-28T10:49:29.665+0530][gc,start    ] GC(10) Pause Young (Normal) (G1 Evacuation Pause)
[2025-12-28T10:49:29.665+0530][gc,task     ] GC(10) Using 8 workers of 8 for evacuation
[2025-12-28T10:49:29.672+0530][gc,phases   ] GC(10)   Pre Evacuate Collection Set: 0.2ms
[2025-12-28T10:49:29.672+0530][gc,phases   ] GC(10)   Merge Heap Roots: 0.1ms
[2025-12-28T10:49:29.672+0530][gc,phases   ] GC(10)   Evacuate Collection Set: 5.9ms
[2025-12-28T10:49:29.672+0530][gc,phases   ] GC(10)   Post Evacuate Collection Set: 0.3ms
[2025-12-28T10:49:29.672+0530][gc,phases   ] GC(10)   Other: 1.1ms
[2025-12-28T10:49:29.672+0530][gc,heap     ] GC(10) Eden regions: 45->0(91)
[2025-12-28T10:49:29.672+0530][gc,heap     ] GC(10) Survivor regions: 6->4(7)
[2025-12-28T10:49:29.672+0530][gc,heap     ] GC(10) Old regions: 19->22
[2025-12-28T10:49:29.672+0530][gc,heap     ] GC(10) Archive regions: 2->2
[2025-12-28T10:49:29.672+0530][gc,heap     ] GC(10) Humongous regions: 129->129
[2025-12-28T10:49:29.672+0530][gc,metaspace] GC(10) Metaspace: 41297K(41792K)->41297K(41792K) NonClass: 36592K(36864K)->36592K(36864K) Class: 4705K(4928K)->4705K(4928K)
[2025-12-28T10:49:29.672+0530][gc          ] GC(10) Pause Young (Normal) (G1 Evacuation Pause) 198M->155M(1024M) 7.766ms
[2025-12-28T10:49:29.672+0530][gc,cpu      ] GC(10) User=0.02s Sys=0.00s Real=0.01s
[2025-12-28T10:58:25.141+0530][gc,start    ] GC(11) Pause Young (Normal) (G1 Evacuation Pause)
[2025-12-28T10:58:25.141+0530][gc,task     ] GC(11) Using 8 workers of 8 for evacuation
[2025-12-28T10:58:25.151+0530][gc,phases   ] GC(11)   Pre Evacuate Collection Set: 0.4ms
[2025-12-28T10:58:25.151+0530][gc,phases   ] GC(11)   Merge Heap Roots: 0.1ms
[2025-12-28T10:58:25.151+0530][gc,phases   ] GC(11)   Evacuate Collection Set: 8.9ms
[2025-12-28T10:58:25.151+0530][gc,phases   ] GC(11)   Post Evacuate Collection Set: 0.4ms
[2025-12-28T10:58:25.151+0530][gc,phases   ] GC(11)   Other: 0.4ms
[2025-12-28T10:58:25.151+0530][gc,heap     ] GC(11) Eden regions: 91->0(75)
[2025-12-28T10:58:25.151+0530][gc,heap     ] GC(11) Survivor regions: 4->8(12)
[2025-12-28T10:58:25.151+0530][gc,heap     ] GC(11) Old regions: 22->22
[2025-12-28T10:58:25.151+0530][gc,heap     ] GC(11) Archive regions: 2->2
[2025-12-28T10:58:25.151+0530][gc,heap     ] GC(11) Humongous regions: 129->129
[2025-12-28T10:58:25.151+0530][gc,metaspace] GC(11) Metaspace: 41324K(41792K)->41324K(41792K) NonClass: 36618K(36864K)->36618K(36864K) Class: 4706K(4928K)->4706K(4928K)
[2025-12-28T10:58:25.151+0530][gc          ] GC(11) Pause Young (Normal) (G1 Evacuation Pause) 246M->158M(1024M) 10.535ms
[2025-12-28T10:58:25.151+0530][gc,cpu      ] GC(11) User=0.05s Sys=0.01s Real=0.01s
[2025-12-28T11:05:53.930+0530][gc,start    ] GC(12) Pause Young (Normal) (G1 Evacuation Pause)
[2025-12-28T11:05:53.931+0530][gc,task     ] GC(12) Using 8 workers of 8 for evacuation
[2025-12-28T11:05:53.942+0530][gc,phases   ] GC(12)   Pre Evacuate Collection Set: 0.5ms
[2025-12-28T11:05:53.942+0530][gc,phases   ] GC(12)   Merge Heap Roots: 0.1ms
[2025-12-28T11:05:53.942+0530][gc,phases   ] GC(12)   Evacuate Collection Set: 10.3ms
[2025-12-28T11:05:53.942+0530][gc,phases   ] GC(12)   Post Evacuate Collection Set: 0.3ms
[2025-12-28T11:05:53.942+0530][gc,phases   ] GC(12)   Other: 0.8ms
[2025-12-28T11:05:53.942+0530][gc,heap     ] GC(12) Eden regions: 75->0(112)
[2025-12-28T11:05:53.942+0530][gc,heap     ] GC(12) Survivor regions: 8->6(11)
[2025-12-28T11:05:53.942+0530][gc,heap     ] GC(12) Old regions: 22->26
[2025-12-28T11:05:53.942+0530][gc,heap     ] GC(12) Archive regions: 2->2
[2025-12-28T11:05:53.942+0530][gc,heap     ] GC(12) Humongous regions: 129->129
[2025-12-28T11:05:53.942+0530][gc,metaspace] GC(12) Metaspace: 41347K(41792K)->41347K(41792K) NonClass: 36641K(36864K)->36641K(36864K) Class: 4706K(4928K)->4706K(4928K)
[2025-12-28T11:05:53.942+0530][gc          ] GC(12) Pause Young (Normal) (G1 Evacuation Pause) 233M->160M(1024M) 12.175ms
[2025-12-28T11:05:53.943+0530][gc,cpu      ] GC(12) User=0.04s Sys=0.00s Real=0.01s
[2025-12-28T11:17:07.380+0530][gc,start    ] GC(13) Pause Young (Normal) (G1 Evacuation Pause)
[2025-12-28T11:17:07.381+0530][gc,task     ] GC(13) Using 8 workers of 8 for evacuation
[2025-12-28T11:17:07.390+0530][gc,phases   ] GC(13)   Pre Evacuate Collection Set: 0.3ms
[2025-12-28T11:17:07.390+0530][gc,phases   ] GC(13)   Merge Heap Roots: 0.1ms
[2025-12-28T11:17:07.390+0530][gc,phases   ] GC(13)   Evacuate Collection Set: 8.0ms
[2025-12-28T11:17:07.390+0530][gc,phases   ] GC(13)   Post Evacuate Collection Set: 0.4ms
[2025-12-28T11:17:07.390+0530][gc,phases   ] GC(13)   Other: 1.5ms
[2025-12-28T11:17:07.390+0530][gc,heap     ] GC(13) Eden regions: 112->0(118)
[2025-12-28T11:17:07.390+0530][gc,heap     ] GC(13) Survivor regions: 6->8(15)
[2025-12-28T11:17:07.390+0530][gc,heap     ] GC(13) Old regions: 26->26
[2025-12-28T11:17:07.390+0530][gc,heap     ] GC(13) Archive regions: 2->2
[2025-12-28T11:17:07.390+0530][gc,heap     ] GC(13) Humongous regions: 129->129
[2025-12-28T11:17:07.390+0530][gc,metaspace] GC(13) Metaspace: 41411K(41920K)->41411K(41920K) NonClass: 36705K(36992K)->36705K(36992K) Class: 4706K(4928K)->4706K(4928K)
[2025-12-28T11:17:07.390+0530][gc          ] GC(13) Pause Young (Normal) (G1 Evacuation Pause) 272M->163M(1024M) 10.525ms
[2025-12-28T11:17:07.390+0530][gc,cpu      ] GC(13) User=0.04s Sys=0.01s Real=0.01s
[2025-12-28T11:28:45.872+0530][gc,start    ] GC(14) Pause Young (Normal) (G1 Evacuation Pause)
[2025-12-28T11:28:45.874+0530][gc,task     ] GC(14) Using 8 workers of 8 for evacuation
[2025-12-28T11:28:45.885+0530][gc,phases   ] GC(14)   Pre Evacuate Collection Set: 0.4ms
[2025-12-28T11:28:45.885+0530][gc,phases   ] GC(14)   Merge Heap Roots: 0.1ms
[2025-12-28T11:28:45.885+0530][gc,phases   ] GC(14)   Evacuate Collection Set: 10.1ms
[2025-12-28T11:28:45.885+0530][gc,phases   ] GC(14)   Post Evacuate Collection Set: 0.4ms
[2025-12-28T11:28:45.885+0530][gc,phases   ] GC(14)   Other: 1.6ms
[2025-12-28T11:28:45.885+0530][gc,heap     ] GC(14) Eden regions: 118->0(133)
[2025-12-28T11:28:45.885+0530][gc,heap     ] GC(14) Survivor regions: 8->11(16)
[2025-12-28T11:28:45.885+0530][gc,heap     ] GC(14) Old regions: 26->26
[2025-12-28T11:28:45.885+0530][gc,heap     ] GC(14) Archive regions: 2->2
[2025-12-28T11:28:45.885+0530][gc,heap     ] GC(14) Humongous regions: 129->129
[2025-12-28T11:28:45.885+0530][gc,metaspace] GC(14) Metaspace: 41468K(41984K)->41468K(41984K) NonClass: 36758K(37056K)->36758K(37056K) Class: 4709K(4928K)->4709K(4928K)
[2025-12-28T11:28:45.885+0530][gc          ] GC(14) Pause Young (Normal) (G1 Evacuation Pause) 281M->166M(1024M) 12.745ms
[2025-12-28T11:28:45.885+0530][gc,cpu      ] GC(14) User=0.05s Sys=0.00s Real=0.01s
[2025-12-28T11:42:04.741+0530][gc,start    ] GC(15) Pause Young (Normal) (G1 Evacuation Pause)
[2025-12-28T11:42:04.742+0530][gc,task     ] GC(15) Using 8 workers of 8 for evacuation
[2025-12-28T11:42:04.757+0530][gc,phases   ] GC(15)   Pre Evacuate Collection Set: 0.3ms
[2025-12-28T11:42:04.757+0530][gc,phases   ] GC(15)   Merge Heap Roots: 0.1ms
[2025-12-28T11:42:04.757+0530][gc,phases   ] GC(15)   Evacuate Collection Set: 14.1ms
[2025-12-28T11:42:04.757+0530][gc,phases   ] GC(15)   Post Evacuate Collection Set: 0.3ms
[2025-12-28T11:42:04.757+0530][gc,phases   ] GC(15)   Other: 0.9ms
[2025-12-28T11:42:04.757+0530][gc,heap     ] GC(15) Eden regions: 133->0(319)
[2025-12-28T11:42:04.757+0530][gc,heap     ] GC(15) Survivor regions: 11->10(18)
[2025-12-28T11:42:04.757+0530][gc,heap     ] GC(15) Old regions: 26->29
[2025-12-28T11:42:04.757+0530][gc,heap     ] GC(15) Archive regions: 2->2
[2025-12-28T11:42:04.757+0530][gc,heap     ] GC(15) Humongous regions: 129->129
[2025-12-28T11:42:04.757+0530][gc,metaspace] GC(15) Metaspace: 41473K(41984K)->41473K(41984K) NonClass: 36763K(37056K)->36763K(37056K) Class: 4709K(4928K)->4709K(4928K)
[2025-12-28T11:42:04.757+0530][gc          ] GC(15) Pause Young (Normal) (G1 Evacuation Pause) 299M->167M(1024M) 16.019ms
[2025-12-28T11:42:04.757+0530][gc,cpu      ] GC(15) User=0.04s Sys=0.02s Real=0.01s
[2025-12-28T12:14:12.515+0530][gc,start    ] GC(16) Pause Young (Normal) (G1 Evacuation Pause)
[2025-12-28T12:14:12.516+0530][gc,task     ] GC(16) Using 8 workers of 8 for evacuation
[2025-12-28T12:14:12.529+0530][gc,phases   ] GC(16)   Pre Evacuate Collection Set: 0.6ms
[2025-12-28T12:14:12.529+0530][gc,phases   ] GC(16)   Merge Heap Roots: 0.2ms
[2025-12-28T12:14:12.529+0530][gc,phases   ] GC(16)   Evacuate Collection Set: 11.4ms
[2025-12-28T12:14:12.530+0530][gc,phases   ] GC(16)   Post Evacuate Collection Set: 0.6ms
[2025-12-28T12:14:12.530+0530][gc,phases   ] GC(16)   Other: 1.8ms
[2025-12-28T12:14:12.530+0530][gc,heap     ] GC(16) Eden regions: 319->0(488)
[2025-12-28T12:14:12.530+0530][gc,heap     ] GC(16) Survivor regions: 10->11(42)
[2025-12-28T12:14:12.530+0530][gc,heap     ] GC(16) Old regions: 29->29
[2025-12-28T12:14:12.530+0530][gc,heap     ] GC(16) Archive regions: 2->2
[2025-12-28T12:14:12.530+0530][gc,heap     ] GC(16) Humongous regions: 129->129
[2025-12-28T12:14:12.530+0530][gc,metaspace] GC(16) Metaspace: 41543K(41984K)->41543K(41984K) NonClass: 36829K(37056K)->36829K(37056K) Class: 4714K(4928K)->4714K(4928K)
[2025-12-28T12:14:12.530+0530][gc          ] GC(16) Pause Young (Normal) (G1 Evacuation Pause) 486M->169M(1024M) 14.678ms
[2025-12-28T12:14:12.530+0530][gc,cpu      ] GC(16) User=0.04s Sys=0.03s Real=0.02s
[2025-12-28T13:03:41.841+0530][gc,start    ] GC(17) Pause Young (Normal) (G1 Evacuation Pause)
[2025-12-28T13:03:41.842+0530][gc,task     ] GC(17) Using 8 workers of 8 for evacuation
[2025-12-28T13:03:41.851+0530][gc,phases   ] GC(17)   Pre Evacuate Collection Set: 0.3ms
[2025-12-28T13:03:41.851+0530][gc,phases   ] GC(17)   Merge Heap Roots: 0.1ms
[2025-12-28T13:03:41.851+0530][gc,phases   ] GC(17)   Evacuate Collection Set: 7.4ms
[2025-12-28T13:03:41.851+0530][gc,phases   ] GC(17)   Post Evacuate Collection Set: 0.6ms
[2025-12-28T13:03:41.851+0530][gc,phases   ] GC(17)   Other: 1.6ms
[2025-12-28T13:03:41.851+0530][gc,heap     ] GC(17) Eden regions: 488->0(604)
[2025-12-28T13:03:41.851+0530][gc,heap     ] GC(17) Survivor regions: 11->10(63)
[2025-12-28T13:03:41.851+0530][gc,heap     ] GC(17) Old regions: 29->29
[2025-12-28T13:03:41.851+0530][gc,heap     ] GC(17) Archive regions: 2->2
[2025-12-28T13:03:41.851+0530][gc,heap     ] GC(17) Humongous regions: 129->129
[2025-12-28T13:03:41.851+0530][gc,metaspace] GC(17) Metaspace: 41567K(42048K)->41567K(42048K) NonClass: 36853K(37120K)->36853K(37120K) Class: 4714K(4928K)->4714K(4928K)
[2025-12-28T13:03:41.851+0530][gc          ] GC(17) Pause Young (Normal) (G1 Evacuation Pause) 657M->168M(1024M) 10.180ms
[2025-12-28T13:03:41.851+0530][gc,cpu      ] GC(17) User=0.04s Sys=0.01s Real=0.01s
[2025-12-28T14:05:11.897+0530][gc,start    ] GC(18) Pause Young (Normal) (G1 Evacuation Pause)
[2025-12-28T14:05:11.898+0530][gc,task     ] GC(18) Using 8 workers of 8 for evacuation
[2025-12-28T14:05:11.908+0530][gc,phases   ] GC(18)   Pre Evacuate Collection Set: 0.4ms
[2025-12-28T14:05:11.909+0530][gc,phases   ] GC(18)   Merge Heap Roots: 0.2ms
[2025-12-28T14:05:11.909+0530][gc,phases   ] GC(18)   Evacuate Collection Set: 9.2ms
[2025-12-28T14:05:11.909+0530][gc,phases   ] GC(18)   Post Evacuate Collection Set: 0.6ms
[2025-12-28T14:05:11.909+0530][gc,phases   ] GC(18)   Other: 1.7ms
[2025-12-28T14:05:11.909+0530][gc,heap     ] GC(18) Eden regions: 604->0(605)
[2025-12-28T14:05:11.909+0530][gc,heap     ] GC(18) Survivor regions: 10->9(77)
[2025-12-28T14:05:11.909+0530][gc,heap     ] GC(18) Old regions: 29->29
[2025-12-28T14:05:11.909+0530][gc,heap     ] GC(18) Archive regions: 2->2
[2025-12-28T14:05:11.909+0530][gc,heap     ] GC(18) Humongous regions: 129->129
[2025-12-28T14:05:11.909+0530][gc,metaspace] GC(18) Metaspace: 41574K(42048K)->41574K(42048K) NonClass: 36859K(37120K)->36859K(37120K) Class: 4714K(4928K)->4714K(4928K)
[2025-12-28T14:05:11.909+0530][gc          ] GC(18) Pause Young (Normal) (G1 Evacuation Pause) 772M->167M(1024M) 12.220ms
[2025-12-28T14:05:11.909+0530][gc,cpu      ] GC(18) User=0.04s Sys=0.02s Real=0.01s
[2025-12-28T15:05:13.515+0530][gc,start    ] GC(19) Pause Young (Normal) (G1 Evacuation Pause)
[2025-12-28T15:05:13.516+0530][gc,task     ] GC(19) Using 8 workers of 8 for evacuation
[2025-12-28T15:05:13.531+0530][gc,phases   ] GC(19)   Pre Evacuate Collection Set: 0.4ms
[2025-12-28T15:05:13.534+0530][gc,phases   ] GC(19)   Merge Heap Roots: 0.3ms
[2025-12-28T15:05:13.534+0530][gc,phases   ] GC(19)   Evacuate Collection Set: 14.1ms
[2025-12-28T15:05:13.534+0530][gc,phases   ] GC(19)   Post Evacuate Collection Set: 0.9ms
[2025-12-28T15:05:13.534+0530][gc,phases   ] GC(19)   Other: 0.9ms
[2025-12-28T15:05:13.534+0530][gc,heap     ] GC(19) Eden regions: 605->0(602)
[2025-12-28T15:05:13.534+0530][gc,heap     ] GC(19) Survivor regions: 9->12(77)
[2025-12-28T15:05:13.534+0530][gc,heap     ] GC(19) Old regions: 29->29
[2025-12-28T15:05:13.534+0530][gc,heap     ] GC(19) Archive regions: 2->2
[2025-12-28T15:05:13.534+0530][gc,heap     ] GC(19) Humongous regions: 129->129
[2025-12-28T15:05:13.534+0530][gc,metaspace] GC(19) Metaspace: 42864K(43392K)->42864K(43392K) NonClass: 37895K(38208K)->37895K(38208K) Class: 4968K(5184K)->4968K(5184K)
[2025-12-28T15:05:13.534+0530][gc          ] GC(19) Pause Young (Normal) (G1 Evacuation Pause) 772M->170M(1024M) 19.204ms
[2025-12-28T15:05:13.534+0530][gc,cpu      ] GC(19) User=0.05s Sys=0.04s Real=0.02s
[2025-12-28T21:15:14.696+0530][gc,start    ] GC(20) Pause Young (Normal) (G1 Evacuation Pause)
[2025-12-28T21:15:14.697+0530][gc,task     ] GC(20) Using 8 workers of 8 for evacuation
[2025-12-28T21:15:14.714+0530][gc,phases   ] GC(20)   Pre Evacuate Collection Set: 0.6ms
[2025-12-28T21:15:14.714+0530][gc,phases   ] GC(20)   Merge Heap Roots: 0.2ms
[2025-12-28T21:15:14.714+0530][gc,phases   ] GC(20)   Evacuate Collection Set: 15.3ms
[2025-12-28T21:15:14.714+0530][gc,phases   ] GC(20)   Post Evacuate Collection Set: 1.0ms
[2025-12-28T21:15:14.714+0530][gc,phases   ] GC(20)   Other: 0.7ms
[2025-12-28T21:15:14.714+0530][gc,heap     ] GC(20) Eden regions: 602->0(604)
[2025-12-28T21:15:14.714+0530][gc,heap     ] GC(20) Survivor regions: 12->10(77)
[2025-12-28T21:15:14.714+0530][gc,heap     ] GC(20) Old regions: 29->29
[2025-12-28T21:15:14.714+0530][gc,heap     ] GC(20) Archive regions: 2->2
[2025-12-28T21:15:14.714+0530][gc,heap     ] GC(20) Humongous regions: 129->129
[2025-12-28T21:15:14.714+0530][gc,metaspace] GC(20) Metaspace: 42865K(43392K)->42865K(43392K) NonClass: 37896K(38208K)->37896K(38208K) Class: 4968K(5184K)->4968K(5184K)
[2025-12-28T21:15:14.714+0530][gc          ] GC(20) Pause Young (Normal) (G1 Evacuation Pause) 772M->167M(1024M) 18.118ms
[2025-12-28T21:15:14.714+0530][gc,cpu      ] GC(20) User=0.03s Sys=0.04s Real=0.02s
[2025-12-28T21:18:47.058+0530][gc,heap,exit] Heap
[2025-12-28T21:18:47.059+0530][gc,heap,exit]  garbage-first heap   total 1048576K, used 233111K [0x00000007c0000000, 0x0000000800000000)
[2025-12-28T21:18:47.059+0530][gc,heap,exit]   region size 1024K, 70 young (71680K), 10 survivors (10240K)
[2025-12-28T21:18:47.059+0530][gc,heap,exit]  Metaspace       used 43758K, committed 44352K, reserved 1114112K
[2025-12-28T21:18:47.059+0530][gc,heap,exit]   class space    used 5137K, committed 5440K, reserved 1048576K
