[2025-12-28T11:45:14.178+0530][gc] Using G1
[2025-12-28T11:45:14.179+0530][gc,init] Version: 17.0.15+0 (release)
[2025-12-28T11:45:14.179+0530][gc,init] CPUs: 8 total, 8 available
[2025-12-28T11:45:14.179+0530][gc,init] Memory: 16384M
[2025-12-28T11:45:14.179+0530][gc,init] Large Page Support: Disabled
[2025-12-28T11:45:14.179+0530][gc,init] NUMA Support: Disabled
[2025-12-28T11:45:14.179+0530][gc,init] Compressed Oops: Enabled (Zero based)
[2025-12-28T11:45:14.179+0530][gc,init] Heap Region Size: 1M
[2025-12-28T11:45:14.179+0530][gc,init] Heap Min Capacity: 512M
[2025-12-28T11:45:14.179+0530][gc,init] Heap Initial Capacity: 512M
[2025-12-28T11:45:14.179+0530][gc,init] Heap Max Capacity: 512M
[2025-12-28T11:45:14.179+0530][gc,init] Pre-touch: Disabled
[2025-12-28T11:45:14.179+0530][gc,init] Parallel Workers: 8
[2025-12-28T11:45:14.179+0530][gc,init] Concurrent Workers: 2
[2025-12-28T11:45:14.179+0530][gc,init] Concurrent Refinement Workers: 8
[2025-12-28T11:45:14.179+0530][gc,init] Periodic GC: Disabled
[2025-12-28T11:45:14.182+0530][gc,metaspace] CDS archive(s) mapped at: [0x0000009000000000-0x0000009000bc0000-0x0000009000bc0000), size 12320768, SharedBaseAddress: 0x0000009000000000, ArchiveRelocationMode: 1.
[2025-12-28T11:45:14.182+0530][gc,metaspace] Compressed class space mapped at: 0x0000009001000000-0x0000009041000000, reserved size: 1073741824
[2025-12-28T11:45:14.182+0530][gc,metaspace] Narrow klass base: 0x0000009000000000, Narrow klass shift: 0, Narrow klass range: 0x100000000
[2025-12-28T11:45:14.464+0530][gc,start    ] GC(0) Pause Young (Normal) (G1 Evacuation Pause)
[2025-12-28T11:45:14.464+0530][gc,task     ] GC(0) Using 8 workers of 8 for evacuation
[2025-12-28T11:45:14.466+0530][gc,phases   ] GC(0)   Pre Evacuate Collection Set: 0.1ms
[2025-12-28T11:45:14.466+0530][gc,phases   ] GC(0)   Merge Heap Roots: 0.0ms
[2025-12-28T11:45:14.466+0530][gc,phases   ] GC(0)   Evacuate Collection Set: 2.0ms
[2025-12-28T11:45:14.466+0530][gc,phases   ] GC(0)   Post Evacuate Collection Set: 0.2ms
[2025-12-28T11:45:14.466+0530][gc,phases   ] GC(0)   Other: 0.2ms
[2025-12-28T11:45:14.466+0530][gc,heap     ] GC(0) Eden regions: 25->0(21)
[2025-12-28T11:45:14.466+0530][gc,heap     ] GC(0) Survivor regions: 0->4(4)
[2025-12-28T11:45:14.466+0530][gc,heap     ] GC(0) Old regions: 0->5
[2025-12-28T11:45:14.466+0530][gc,heap     ] GC(0) Archive regions: 2->2
[2025-12-28T11:45:14.466+0530][gc,heap     ] GC(0) Humongous regions: 0->0
[2025-12-28T11:45:14.466+0530][gc,metaspace] GC(0) Metaspace: 8472K(8704K)->8472K(8704K) NonClass: 7496K(7616K)->7496K(7616K) Class: 975K(1088K)->975K(1088K)
[2025-12-28T11:45:14.466+0530][gc          ] GC(0) Pause Young (Normal) (G1 Evacuation Pause) 25M->9M(512M) 2.502ms
[2025-12-28T11:45:14.466+0530][gc,cpu      ] GC(0) User=0.01s Sys=0.01s Real=0.00s
[2025-12-28T11:45:20.938+0530][gc,start    ] GC(1) Pause Young (Normal) (G1 Evacuation Pause)
[2025-12-28T11:45:20.938+0530][gc,task     ] GC(1) Using 8 workers of 8 for evacuation
[2025-12-28T11:45:20.941+0530][gc,phases   ] GC(1)   Pre Evacuate Collection Set: 0.1ms
[2025-12-28T11:45:20.941+0530][gc,phases   ] GC(1)   Merge Heap Roots: 0.1ms
[2025-12-28T11:45:20.941+0530][gc,phases   ] GC(1)   Evacuate Collection Set: 1.9ms
[2025-12-28T11:45:20.941+0530][gc,phases   ] GC(1)   Post Evacuate Collection Set: 0.1ms
[2025-12-28T11:45:20.941+0530][gc,phases   ] GC(1)   Other: 0.1ms
[2025-12-28T11:45:20.941+0530][gc,heap     ] GC(1) Eden regions: 21->0(23)
[2025-12-28T11:45:20.941+0530][gc,heap     ] GC(1) Survivor regions: 4->2(4)
[2025-12-28T11:45:20.941+0530][gc,heap     ] GC(1) Old regions: 5->9
[2025-12-28T11:45:20.941+0530][gc,heap     ] GC(1) Archive regions: 2->2
[2025-12-28T11:45:20.941+0530][gc,heap     ] GC(1) Humongous regions: 0->0
[2025-12-28T11:45:20.941+0530][gc,metaspace] GC(1) Metaspace: 13678K(13888K)->13678K(13888K) NonClass: 12106K(12224K)->12106K(12224K) Class: 1572K(1664K)->1572K(1664K)
[2025-12-28T11:45:20.941+0530][gc          ] GC(1) Pause Young (Normal) (G1 Evacuation Pause) 30M->10M(512M) 2.370ms
[2025-12-28T11:45:20.941+0530][gc,cpu      ] GC(1) User=0.01s Sys=0.00s Real=0.01s
[2025-12-28T13:25:34.855+0530][gc,start    ] GC(2) Pause Young (Normal) (G1 Evacuation Pause)
[2025-12-28T13:25:34.856+0530][gc,task     ] GC(2) Using 8 workers of 8 for evacuation
[2025-12-28T13:25:34.859+0530][gc,phases   ] GC(2)   Pre Evacuate Collection Set: 0.2ms
[2025-12-28T13:25:34.859+0530][gc,phases   ] GC(2)   Merge Heap Roots: 0.1ms
[2025-12-28T13:25:34.859+0530][gc,phases   ] GC(2)   Evacuate Collection Set: 2.4ms
[2025-12-28T13:25:34.859+0530][gc,phases   ] GC(2)   Post Evacuate Collection Set: 0.3ms
[2025-12-28T13:25:34.859+0530][gc,phases   ] GC(2)   Other: 1.5ms
[2025-12-28T13:25:34.859+0530][gc,heap     ] GC(2) Eden regions: 23->0(23)
[2025-12-28T13:25:34.859+0530][gc,heap     ] GC(2) Survivor regions: 2->2(4)
[2025-12-28T13:25:34.859+0530][gc,heap     ] GC(2) Old regions: 9->9
[2025-12-28T13:25:34.859+0530][gc,heap     ] GC(2) Archive regions: 2->2
[2025-12-28T13:25:34.859+0530][gc,heap     ] GC(2) Humongous regions: 0->0
[2025-12-28T13:25:34.859+0530][gc,metaspace] GC(2) Metaspace: 15950K(16128K)->15950K(16128K) NonClass: 14141K(14272K)->14141K(14272K) Class: 1809K(1856K)->1809K(1856K)
[2025-12-28T13:25:34.859+0530][gc          ] GC(2) Pause Young (Normal) (G1 Evacuation Pause) 33M->11M(512M) 4.765ms
[2025-12-28T13:25:34.859+0530][gc,cpu      ] GC(2) User=0.01s Sys=0.00s Real=0.00s
[2025-12-28T21:02:17.150+0530][gc,start    ] GC(3) Pause Young (Normal) (G1 Evacuation Pause)
[2025-12-28T21:02:17.151+0530][gc,task     ] GC(3) Using 8 workers of 8 for evacuation
[2025-12-28T21:02:17.156+0530][gc,phases   ] GC(3)   Pre Evacuate Collection Set: 0.4ms
[2025-12-28T21:02:17.156+0530][gc,phases   ] GC(3)   Merge Heap Roots: 0.1ms
[2025-12-28T21:02:17.156+0530][gc,phases   ] GC(3)   Evacuate Collection Set: 3.7ms
[2025-12-28T21:02:17.156+0530][gc,phases   ] GC(3)   Post Evacuate Collection Set: 0.4ms
[2025-12-28T21:02:17.156+0530][gc,phases   ] GC(3)   Other: 1.6ms
[2025-12-28T21:02:17.156+0530][gc,heap     ] GC(3) Eden regions: 23->0(23)
[2025-12-28T21:02:17.156+0530][gc,heap     ] GC(3) Survivor regions: 2->2(4)
[2025-12-28T21:02:17.156+0530][gc,heap     ] GC(3) Old regions: 9->9
[2025-12-28T21:02:17.156+0530][gc,heap     ] GC(3) Archive regions: 2->2
[2025-12-28T21:02:17.156+0530][gc,heap     ] GC(3) Humongous regions: 0->0
[2025-12-28T21:02:17.156+0530][gc,metaspace] GC(3) Metaspace: 16134K(16320K)->16134K(16320K) NonClass: 14297K(14400K)->14297K(14400K) Class: 1836K(1920K)->1836K(1920K)
[2025-12-28T21:02:17.156+0530][gc          ] GC(3) Pause Young (Normal) (G1 Evacuation Pause) 34M->11M(512M) 6.482ms
[2025-12-28T21:02:17.156+0530][gc,cpu      ] GC(3) User=0.01s Sys=0.01s Real=0.00s
[2025-12-28T21:15:47.575+0530][gc,heap,exit] Heap
[2025-12-28T21:15:47.576+0530][gc,heap,exit]  garbage-first heap   total 524288K, used 14476K [0x000000058a800000, 0x00000005aa800000)
[2025-12-28T21:15:47.576+0530][gc,heap,exit]   region size 1024K, 6 young (6144K), 2 survivors (2048K)
[2025-12-28T21:15:47.576+0530][gc,heap,exit]  Metaspace       used 16137K, committed 16320K, reserved 1114112K
[2025-12-28T21:15:47.576+0530][gc,heap,exit]   class space    used 1837K, committed 1920K, reserved 1048576K
