[2025-12-28T10:00:58.989+0530][gc] Using G1
[2025-12-28T10:00:58.990+0530][gc,init] Version: 17.0.15+0 (release)
[2025-12-28T10:00:58.990+0530][gc,init] CPUs: 8 total, 8 available
[2025-12-28T10:00:58.990+0530][gc,init] Memory: 16384M
[2025-12-28T10:00:58.990+0530][gc,init] Large Page Support: Disabled
[2025-12-28T10:00:58.990+0530][gc,init] NUMA Support: Disabled
[2025-12-28T10:00:58.990+0530][gc,init] Compressed Oops: Enabled (Zero based)
[2025-12-28T10:00:58.990+0530][gc,init] Heap Region Size: 1M
[2025-12-28T10:00:58.990+0530][gc,init] Heap Min Capacity: 512M
[2025-12-28T10:00:58.990+0530][gc,init] Heap Initial Capacity: 512M
[2025-12-28T10:00:58.990+0530][gc,init] Heap Max Capacity: 512M
[2025-12-28T10:00:58.990+0530][gc,init] Pre-touch: Disabled
[2025-12-28T10:00:58.990+0530][gc,init] Parallel Workers: 8
[2025-12-28T10:00:58.990+0530][gc,init] Concurrent Workers: 2
[2025-12-28T10:00:58.990+0530][gc,init] Concurrent Refinement Workers: 8
[2025-12-28T10:00:58.990+0530][gc,init] Periodic GC: Disabled
[2025-12-28T10:00:58.993+0530][gc,metaspace] CDS archive(s) mapped at: [0x0000009000000000-0x0000009000bc0000-0x0000009000bc0000), size 12320768, SharedBaseAddress: 0x0000009000000000, ArchiveRelocationMode: 1.
[2025-12-28T10:00:58.994+0530][gc,metaspace] Compressed class space mapped at: 0x0000009001000000-0x0000009041000000, reserved size: 1073741824
[2025-12-28T10:00:58.994+0530][gc,metaspace] Narrow klass base: 0x0000009000000000, Narrow klass shift: 0, Narrow klass range: 0x100000000
[2025-12-28T10:01:59.338+0530][gc,start    ] GC(0) Pause Young (Normal) (G1 Evacuation Pause)
[2025-12-28T10:01:59.339+0530][gc,task     ] GC(0) Using 8 workers of 8 for evacuation
[2025-12-28T10:01:59.345+0530][gc,phases   ] GC(0)   Pre Evacuate Collection Set: 0.2ms
[2025-12-28T10:01:59.345+0530][gc,phases   ] GC(0)   Merge Heap Roots: 0.1ms
[2025-12-28T10:01:59.345+0530][gc,phases   ] GC(0)   Evacuate Collection Set: 5.2ms
[2025-12-28T10:01:59.345+0530][gc,phases   ] GC(0)   Post Evacuate Collection Set: 0.4ms
[2025-12-28T10:01:59.345+0530][gc,phases   ] GC(0)   Other: 1.4ms
[2025-12-28T10:01:59.346+0530][gc,heap     ] GC(0) Eden regions: 25->0(21)
[2025-12-28T10:01:59.346+0530][gc,heap     ] GC(0) Survivor regions: 0->4(4)
[2025-12-28T10:01:59.346+0530][gc,heap     ] GC(0) Old regions: 0->5
[2025-12-28T10:01:59.346+0530][gc,heap     ] GC(0) Archive regions: 2->2
[2025-12-28T10:01:59.346+0530][gc,heap     ] GC(0) Humongous regions: 0->0
[2025-12-28T10:01:59.346+0530][gc,metaspace] GC(0) Metaspace: 7512K(7680K)->7512K(7680K) NonClass: 6653K(6720K)->6653K(6720K) Class: 859K(960K)->859K(960K)
[2025-12-28T10:01:59.346+0530][gc          ] GC(0) Pause Young (Normal) (G1 Evacuation Pause) 25M->9M(512M) 7.518ms
[2025-12-28T10:01:59.346+0530][gc,cpu      ] GC(0) User=0.02s Sys=0.00s Real=0.01s
[2025-12-28T11:44:44.379+0530][gc,heap,exit] Heap
[2025-12-28T11:44:44.380+0530][gc,heap,exit]  garbage-first heap   total 524288K, used 30372K [0x0000000335000000, 0x0000000355000000)
[2025-12-28T11:44:44.380+0530][gc,heap,exit]   region size 1024K, 25 young (25600K), 4 survivors (4096K)
[2025-12-28T11:44:44.380+0530][gc,heap,exit]  Metaspace       used 8732K, committed 8896K, reserved 1114112K
[2025-12-28T11:44:44.380+0530][gc,heap,exit]   class space    used 936K, committed 1024K, reserved 1048576K
